ARM Linker, 5.03 [Build 76] [MDK-ARM Lite]

==============================================================================

Section Cross References

    startup_tm4c123.o(STACK) refers (Special) to heapauxi.o(.text) for __use_two_region_memory
    startup_tm4c123.o(HEAP) refers (Special) to heapauxi.o(.text) for __use_two_region_memory
    startup_tm4c123.o(RESET) refers (Special) to heapauxi.o(.text) for __use_two_region_memory
    startup_tm4c123.o(RESET) refers to startup_tm4c123.o(STACK) for __initial_sp
    startup_tm4c123.o(RESET) refers to startup_tm4c123.o(.text) for Reset_Handler
    startup_tm4c123.o(.text) refers (Special) to heapauxi.o(.text) for __use_two_region_memory
    startup_tm4c123.o(.text) refers to main.o(.text) for SystemInit
    startup_tm4c123.o(.text) refers to startup_tm4c123.o(HEAP) for Heap_Mem
    startup_tm4c123.o(.text) refers to startup_tm4c123.o(STACK) for Stack_Mem
    main.o(.text) refers to dio_driver.o(.text) for Portf_output
    main.o(.text) refers to systick.o(.text) for sysTickInit
    main.o(.text) refers to lcddriver.o(.text) for LCD_init
    main.o(.text) refers to main.o(.data) for total_distance
    gps.o(.text) refers to uart1.o(.text) for ReadData
    gps.o(.text) refers to atof.o(i.__hardfp_atof) for __hardfp_atof
    gps.o(.text) refers to d2f.o(x$fpl$d2f) for __aeabi_d2f
    gps.o(.text) refers to dmul.o(x$fpl$dmul) for __aeabi_dmul
    gps.o(.text) refers to ddiv.o(x$fpl$ddiv) for __aeabi_ddiv
    gps.o(.text) refers to deqf.o(x$fpl$deqf) for __aeabi_cdcmpeq
    gps.o(.text) refers to daddsub_clz.o(x$fpl$dsub) for __aeabi_dsub
    gps.o(.text) refers to cos.o(i.__hardfp_cos) for __hardfp_cos
    gps.o(.text) refers to sin.o(i.__hardfp_sin) for __hardfp_sin
    gps.o(.text) refers to daddsub_clz.o(x$fpl$dadd) for __aeabi_dadd
    gps.o(.text) refers to acos.o(i.__hardfp_acos) for __hardfp_acos
    gps.o(.text) refers to gps.o(.data) for CommaCounter
    gps.o(.text) refers to gps.o(.bss) for data_start
    lcddriver.o(.text) refers to dio_driver.o(.text) for Portd_output
    d2f.o(x$fpl$d2f) refers (Special) to usenofp.o(x$fpl$usenofp) for __I$use$fp
    d2f.o(x$fpl$d2f) refers to fretinf.o(x$fpl$fretinf) for __fpl_fretinf
    d2f.o(x$fpl$d2f) refers to dnaninf.o(x$fpl$dnaninf) for __fpl_dnaninf
    daddsub_clz.o(x$fpl$dadd) refers (Special) to usenofp.o(x$fpl$usenofp) for __I$use$fp
    daddsub_clz.o(x$fpl$dadd) refers to daddsub_clz.o(x$fpl$dsub) for _dsub1
    daddsub_clz.o(x$fpl$dadd) refers to dretinf.o(x$fpl$dretinf) for __fpl_dretinf
    daddsub_clz.o(x$fpl$dadd) refers to dnaninf.o(x$fpl$dnaninf) for __fpl_dnaninf
    daddsub_clz.o(x$fpl$drsb) refers (Special) to usenofp.o(x$fpl$usenofp) for __I$use$fp
    daddsub_clz.o(x$fpl$drsb) refers to daddsub_clz.o(x$fpl$dadd) for _dadd1
    daddsub_clz.o(x$fpl$drsb) refers to daddsub_clz.o(x$fpl$dsub) for _dsub1
    daddsub_clz.o(x$fpl$dsub) refers (Special) to usenofp.o(x$fpl$usenofp) for __I$use$fp
    daddsub_clz.o(x$fpl$dsub) refers to daddsub_clz.o(x$fpl$dadd) for _dadd1
    daddsub_clz.o(x$fpl$dsub) refers to dnaninf.o(x$fpl$dnaninf) for __fpl_dnaninf
    ddiv.o(x$fpl$drdiv) refers (Special) to usenofp.o(x$fpl$usenofp) for __I$use$fp
    ddiv.o(x$fpl$drdiv) refers to ddiv.o(x$fpl$ddiv) for ddiv_entry
    ddiv.o(x$fpl$ddiv) refers (Special) to usenofp.o(x$fpl$usenofp) for __I$use$fp
    ddiv.o(x$fpl$ddiv) refers to dretinf.o(x$fpl$dretinf) for __fpl_dretinf
    ddiv.o(x$fpl$ddiv) refers to dnaninf.o(x$fpl$dnaninf) for __fpl_dnaninf
    deqf.o(x$fpl$deqf) refers (Special) to usenofp.o(x$fpl$usenofp) for __I$use$fp
    deqf.o(x$fpl$deqf) refers to dnaninf.o(x$fpl$dnaninf) for __fpl_dnaninf
    deqf.o(x$fpl$deqf) refers to dcmpi.o(x$fpl$dcmpinf) for __fpl_dcmp_Inf
    dmul.o(x$fpl$dmul) refers (Special) to usenofp.o(x$fpl$usenofp) for __I$use$fp
    dmul.o(x$fpl$dmul) refers to dretinf.o(x$fpl$dretinf) for __fpl_dretinf
    dmul.o(x$fpl$dmul) refers to dnaninf.o(x$fpl$dnaninf) for __fpl_dnaninf
    acos.o(i.__hardfp_acos) refers (Special) to usenofp.o(x$fpl$usenofp) for __I$use$fp
    acos.o(i.__hardfp_acos) refers to daddsub_clz.o(x$fpl$dadd) for __aeabi_dadd
    acos.o(i.__hardfp_acos) refers to _rserrno.o(.text) for __set_errno
    acos.o(i.__hardfp_acos) refers to ddiv.o(x$fpl$ddiv) for __aeabi_ddiv
    acos.o(i.__hardfp_acos) refers to dmul.o(x$fpl$dmul) for __aeabi_dmul
    acos.o(i.__hardfp_acos) refers to poly.o(i.__kernel_poly) for __kernel_poly
    acos.o(i.__hardfp_acos) refers to daddsub_clz.o(x$fpl$drsb) for __aeabi_drsub
    acos.o(i.__hardfp_acos) refers to sqrt.o(i.sqrt) for sqrt
    acos.o(i.__hardfp_acos) refers to daddsub_clz.o(x$fpl$dsub) for __aeabi_dsub
    acos.o(i.__hardfp_acos) refers to acos.o(.constdata) for .constdata
    acos.o(i.__softfp_acos) refers (Special) to usenofp.o(x$fpl$usenofp) for __I$use$fp
    acos.o(i.__softfp_acos) refers to acos.o(i.__hardfp_acos) for __hardfp_acos
    acos.o(i.acos) refers (Special) to usenofp.o(x$fpl$usenofp) for __I$use$fp
    acos.o(i.acos) refers to acos.o(i.__hardfp_acos) for __hardfp_acos
    acos.o(.constdata) refers (Special) to usenofp.o(x$fpl$usenofp) for __I$use$fp
    acos_x.o(i.____hardfp_acos$lsc) refers (Special) to usenofp.o(x$fpl$usenofp) for __I$use$fp
    acos_x.o(i.____hardfp_acos$lsc) refers to daddsub_clz.o(x$fpl$dadd) for __aeabi_dadd
    acos_x.o(i.____hardfp_acos$lsc) refers to _rserrno.o(.text) for __set_errno
    acos_x.o(i.____hardfp_acos$lsc) refers to dmul.o(x$fpl$dmul) for __aeabi_dmul
    acos_x.o(i.____hardfp_acos$lsc) refers to poly.o(i.__kernel_poly) for __kernel_poly
    acos_x.o(i.____hardfp_acos$lsc) refers to ddiv.o(x$fpl$ddiv) for __aeabi_ddiv
    acos_x.o(i.____hardfp_acos$lsc) refers to daddsub_clz.o(x$fpl$drsb) for __aeabi_drsub
    acos_x.o(i.____hardfp_acos$lsc) refers to sqrt.o(i.sqrt) for sqrt
    acos_x.o(i.____hardfp_acos$lsc) refers to daddsub_clz.o(x$fpl$dsub) for __aeabi_dsub
    acos_x.o(i.____hardfp_acos$lsc) refers to acos_x.o(.constdata) for .constdata
    acos_x.o(i.____softfp_acos$lsc) refers (Special) to usenofp.o(x$fpl$usenofp) for __I$use$fp
    acos_x.o(i.____softfp_acos$lsc) refers to acos_x.o(i.____hardfp_acos$lsc) for ____hardfp_acos$lsc
    acos_x.o(i.__acos$lsc) refers (Special) to usenofp.o(x$fpl$usenofp) for __I$use$fp
    acos_x.o(i.__acos$lsc) refers to acos_x.o(i.____hardfp_acos$lsc) for ____hardfp_acos$lsc
    acos_x.o(.constdata) refers (Special) to usenofp.o(x$fpl$usenofp) for __I$use$fp
    atof.o(i.__hardfp_atof) refers (Special) to usenofp.o(x$fpl$usenofp) for __I$use$fp
    atof.o(i.__hardfp_atof) refers to _rserrno.o(.text) for __read_errno
    atof.o(i.__hardfp_atof) refers to strtod.o(.text) for __strtod_int
    atof.o(i.__softfp_atof) refers (Special) to usenofp.o(x$fpl$usenofp) for __I$use$fp
    atof.o(i.__softfp_atof) refers to _rserrno.o(.text) for __read_errno
    atof.o(i.__softfp_atof) refers to strtod.o(.text) for __strtod_int
    atof.o(i.atof) refers (Special) to usenofp.o(x$fpl$usenofp) for __I$use$fp
    atof.o(i.atof) refers to _rserrno.o(.text) for __read_errno
    atof.o(i.atof) refers to strtod.o(.text) for __strtod_int
    cos.o(i.__hardfp_cos) refers (Special) to usenofp.o(x$fpl$usenofp) for __I$use$fp
    cos.o(i.__hardfp_cos) refers to _rserrno.o(.text) for __set_errno
    cos.o(i.__hardfp_cos) refers to ddiv.o(x$fpl$ddiv) for __aeabi_ddiv
    cos.o(i.__hardfp_cos) refers to daddsub_clz.o(x$fpl$dadd) for __aeabi_dadd
    cos.o(i.__hardfp_cos) refers to rred.o(i.__ieee754_rem_pio2) for __ieee754_rem_pio2
    cos.o(i.__hardfp_cos) refers to sin_i.o(i.__kernel_sin) for __kernel_sin
    cos.o(i.__hardfp_cos) refers to cos_i.o(i.__kernel_cos) for __kernel_cos
    cos.o(i.__hardfp_cos) refers to basic.o(x$fpl$basic) for __aeabi_dneg
    cos.o(i.__softfp_cos) refers (Special) to usenofp.o(x$fpl$usenofp) for __I$use$fp
    cos.o(i.__softfp_cos) refers to cos.o(i.__hardfp_cos) for __hardfp_cos
    cos.o(i.cos) refers (Special) to usenofp.o(x$fpl$usenofp) for __I$use$fp
    cos.o(i.cos) refers to cos.o(i.__hardfp_cos) for __hardfp_cos
    cos_x.o(i.____hardfp_cos$lsc) refers (Special) to usenofp.o(x$fpl$usenofp) for __I$use$fp
    cos_x.o(i.____hardfp_cos$lsc) refers to _rserrno.o(.text) for __set_errno
    cos_x.o(i.____hardfp_cos$lsc) refers to daddsub_clz.o(x$fpl$dadd) for __aeabi_dadd
    cos_x.o(i.____hardfp_cos$lsc) refers to rred.o(i.__ieee754_rem_pio2) for __ieee754_rem_pio2
    cos_x.o(i.____hardfp_cos$lsc) refers to sin_i.o(i.__kernel_sin) for __kernel_sin
    cos_x.o(i.____hardfp_cos$lsc) refers to cos_i.o(i.__kernel_cos) for __kernel_cos
    cos_x.o(i.____hardfp_cos$lsc) refers to basic.o(x$fpl$basic) for __aeabi_dneg
    cos_x.o(i.____softfp_cos$lsc) refers (Special) to usenofp.o(x$fpl$usenofp) for __I$use$fp
    cos_x.o(i.____softfp_cos$lsc) refers to cos_x.o(i.____hardfp_cos$lsc) for ____hardfp_cos$lsc
    cos_x.o(i.__cos$lsc) refers (Special) to usenofp.o(x$fpl$usenofp) for __I$use$fp
    cos_x.o(i.__cos$lsc) refers to cos_x.o(i.____hardfp_cos$lsc) for ____hardfp_cos$lsc
    sin.o(i.__hardfp_sin) refers (Special) to usenofp.o(x$fpl$usenofp) for __I$use$fp
    sin.o(i.__hardfp_sin) refers to _rserrno.o(.text) for __set_errno
    sin.o(i.__hardfp_sin) refers to ddiv.o(x$fpl$ddiv) for __aeabi_ddiv
    sin.o(i.__hardfp_sin) refers to daddsub_clz.o(x$fpl$dadd) for __aeabi_dadd
    sin.o(i.__hardfp_sin) refers to rred.o(i.__ieee754_rem_pio2) for __ieee754_rem_pio2
    sin.o(i.__hardfp_sin) refers to cos_i.o(i.__kernel_cos) for __kernel_cos
    sin.o(i.__hardfp_sin) refers to basic.o(x$fpl$basic) for __aeabi_dneg
    sin.o(i.__hardfp_sin) refers to sin_i.o(i.__kernel_sin) for __kernel_sin
    sin.o(i.__softfp_sin) refers (Special) to usenofp.o(x$fpl$usenofp) for __I$use$fp
    sin.o(i.__softfp_sin) refers to sin.o(i.__hardfp_sin) for __hardfp_sin
    sin.o(i.sin) refers (Special) to usenofp.o(x$fpl$usenofp) for __I$use$fp
    sin.o(i.sin) refers to sin.o(i.__hardfp_sin) for __hardfp_sin
    sin_x.o(i.____hardfp_sin$lsc) refers (Special) to usenofp.o(x$fpl$usenofp) for __I$use$fp
    sin_x.o(i.____hardfp_sin$lsc) refers to _rserrno.o(.text) for __set_errno
    sin_x.o(i.____hardfp_sin$lsc) refers to daddsub_clz.o(x$fpl$dadd) for __aeabi_dadd
    sin_x.o(i.____hardfp_sin$lsc) refers to rred.o(i.__ieee754_rem_pio2) for __ieee754_rem_pio2
    sin_x.o(i.____hardfp_sin$lsc) refers to cos_i.o(i.__kernel_cos) for __kernel_cos
    sin_x.o(i.____hardfp_sin$lsc) refers to basic.o(x$fpl$basic) for __aeabi_dneg
    sin_x.o(i.____hardfp_sin$lsc) refers to sin_i.o(i.__kernel_sin) for __kernel_sin
    sin_x.o(i.____softfp_sin$lsc) refers (Special) to usenofp.o(x$fpl$usenofp) for __I$use$fp
    sin_x.o(i.____softfp_sin$lsc) refers to sin_x.o(i.____hardfp_sin$lsc) for ____hardfp_sin$lsc
    sin_x.o(i.__sin$lsc) refers (Special) to usenofp.o(x$fpl$usenofp) for __I$use$fp
    sin_x.o(i.__sin$lsc) refers to sin_x.o(i.____hardfp_sin$lsc) for ____hardfp_sin$lsc
    _rserrno.o(.text) refers to rt_errno_addr.o(.text) for __aeabi_errno_addr
    strtod.o(.text) refers (Special) to lc_numeric_c.o(locale$$code) for _get_lc_numeric
    strtod.o(.text) refers to scanf1.o(x$fpl$scanf1) for _scanf_real
    strtod.o(.text) refers to _sgetc.o(.text) for _sgetc
    strtod.o(.text) refers to isspace.o(.text) for isspace
    basic.o(x$fpl$basic) refers (Special) to usenofp.o(x$fpl$usenofp) for __I$use$fp
    dcmpi.o(x$fpl$dcmpinf) refers (Special) to usenofp.o(x$fpl$usenofp) for __I$use$fp
    dnaninf.o(x$fpl$dnaninf) refers (Special) to usenofp.o(x$fpl$usenofp) for __I$use$fp
    dretinf.o(x$fpl$dretinf) refers (Special) to usenofp.o(x$fpl$usenofp) for __I$use$fp
    fretinf.o(x$fpl$fretinf) refers (Special) to usenofp.o(x$fpl$usenofp) for __I$use$fp
    cos_i.o(i.__kernel_cos) refers (Special) to usenofp.o(x$fpl$usenofp) for __I$use$fp
    cos_i.o(i.__kernel_cos) refers to dfix.o(x$fpl$dfix) for __aeabi_d2iz
    cos_i.o(i.__kernel_cos) refers to dmul.o(x$fpl$dmul) for __aeabi_dmul
    cos_i.o(i.__kernel_cos) refers to poly.o(i.__kernel_poly) for __kernel_poly
    cos_i.o(i.__kernel_cos) refers to daddsub_clz.o(x$fpl$dsub) for __aeabi_dsub
    cos_i.o(i.__kernel_cos) refers to daddsub_clz.o(x$fpl$drsb) for __aeabi_drsub
    cos_i.o(i.__kernel_cos) refers to cos_i.o(.constdata) for .constdata
    cos_i.o(.constdata) refers (Special) to usenofp.o(x$fpl$usenofp) for __I$use$fp
    poly.o(i.__kernel_poly) refers (Special) to usenofp.o(x$fpl$usenofp) for __I$use$fp
    poly.o(i.__kernel_poly) refers to dmul.o(x$fpl$dmul) for __aeabi_dmul
    poly.o(i.__kernel_poly) refers to daddsub_clz.o(x$fpl$dadd) for __aeabi_dadd
    rred.o(i.__ieee754_rem_pio2) refers (Special) to usenofp.o(x$fpl$usenofp) for __I$use$fp
    rred.o(i.__ieee754_rem_pio2) refers to daddsub_clz.o(x$fpl$dsub) for __aeabi_dsub
    rred.o(i.__ieee754_rem_pio2) refers to daddsub_clz.o(x$fpl$dadd) for __aeabi_dadd
    rred.o(i.__ieee754_rem_pio2) refers to fabs.o(i.fabs) for fabs
    rred.o(i.__ieee754_rem_pio2) refers to dmul.o(x$fpl$dmul) for __aeabi_dmul
    rred.o(i.__ieee754_rem_pio2) refers to dfix.o(x$fpl$dfix) for __aeabi_d2iz
    rred.o(i.__ieee754_rem_pio2) refers to dflt_clz.o(x$fpl$dflt) for __aeabi_i2d
    rred.o(i.__ieee754_rem_pio2) refers to daddsub_clz.o(x$fpl$drsb) for __aeabi_drsub
    rred.o(i.__ieee754_rem_pio2) refers to basic.o(x$fpl$basic) for __aeabi_dneg
    rred.o(i.__ieee754_rem_pio2) refers to dflt_clz.o(x$fpl$dfltu) for __aeabi_ui2d
    rred.o(i.__ieee754_rem_pio2) refers to rred.o(.constdata) for .constdata
    rred.o(i.__use_accurate_range_reduction) refers (Special) to usenofp.o(x$fpl$usenofp) for __I$use$fp
    rred.o(.constdata) refers (Special) to usenofp.o(x$fpl$usenofp) for __I$use$fp
    sin_i.o(i.__kernel_sin) refers (Special) to usenofp.o(x$fpl$usenofp) for __I$use$fp
    sin_i.o(i.__kernel_sin) refers to fpclassify.o(i.__ARM_fpclassify) for __ARM_fpclassify
    sin_i.o(i.__kernel_sin) refers to dunder.o(i.__mathlib_dbl_underflow) for __mathlib_dbl_underflow
    sin_i.o(i.__kernel_sin) refers to dmul.o(x$fpl$dmul) for __aeabi_dmul
    sin_i.o(i.__kernel_sin) refers to poly.o(i.__kernel_poly) for __kernel_poly
    sin_i.o(i.__kernel_sin) refers to daddsub_clz.o(x$fpl$dsub) for __aeabi_dsub
    sin_i.o(i.__kernel_sin) refers to daddsub_clz.o(x$fpl$drsb) for __aeabi_drsub
    sin_i.o(i.__kernel_sin) refers to daddsub_clz.o(x$fpl$dadd) for __aeabi_dadd
    sin_i.o(i.__kernel_sin) refers to sin_i.o(.constdata) for .constdata
    sin_i.o(.constdata) refers (Special) to usenofp.o(x$fpl$usenofp) for __I$use$fp
    sin_i_x.o(i.____kernel_sin$lsc) refers (Special) to usenofp.o(x$fpl$usenofp) for __I$use$fp
    sin_i_x.o(i.____kernel_sin$lsc) refers to dmul.o(x$fpl$dmul) for __aeabi_dmul
    sin_i_x.o(i.____kernel_sin$lsc) refers to poly.o(i.__kernel_poly) for __kernel_poly
    sin_i_x.o(i.____kernel_sin$lsc) refers to daddsub_clz.o(x$fpl$dsub) for __aeabi_dsub
    sin_i_x.o(i.____kernel_sin$lsc) refers to daddsub_clz.o(x$fpl$drsb) for __aeabi_drsub
    sin_i_x.o(i.____kernel_sin$lsc) refers to daddsub_clz.o(x$fpl$dadd) for __aeabi_dadd
    sin_i_x.o(i.____kernel_sin$lsc) refers to sin_i_x.o(.constdata) for .constdata
    sin_i_x.o(.constdata) refers (Special) to usenofp.o(x$fpl$usenofp) for __I$use$fp
    sqrt.o(i.__hardfp_sqrt) refers (Special) to usenofp.o(x$fpl$usenofp) for __I$use$fp
    sqrt.o(i.__hardfp_sqrt) refers to dsqrt_umaal.o(x$fpl$dsqrt) for _dsqrt
    sqrt.o(i.__hardfp_sqrt) refers to _rserrno.o(.text) for __set_errno
    sqrt.o(i.__softfp_sqrt) refers (Special) to usenofp.o(x$fpl$usenofp) for __I$use$fp
    sqrt.o(i.__softfp_sqrt) refers to dsqrt_umaal.o(x$fpl$dsqrt) for _dsqrt
    sqrt.o(i.__softfp_sqrt) refers to _rserrno.o(.text) for __set_errno
    sqrt.o(i.sqrt) refers (Special) to usenofp.o(x$fpl$usenofp) for __I$use$fp
    sqrt.o(i.sqrt) refers to dsqrt_umaal.o(x$fpl$dsqrt) for _dsqrt
    sqrt.o(i.sqrt) refers to _rserrno.o(.text) for __set_errno
    sqrt_x.o(i.____hardfp_sqrt$lsc) refers (Special) to usenofp.o(x$fpl$usenofp) for __I$use$fp
    sqrt_x.o(i.____hardfp_sqrt$lsc) refers to dleqf.o(x$fpl$dleqf) for __aeabi_cdcmple
    sqrt_x.o(i.____hardfp_sqrt$lsc) refers to _rserrno.o(.text) for __set_errno
    sqrt_x.o(i.____hardfp_sqrt$lsc) refers to dsqrt_umaal.o(x$fpl$dsqrt) for _dsqrt
    sqrt_x.o(i.____softfp_sqrt$lsc) refers (Special) to usenofp.o(x$fpl$usenofp) for __I$use$fp
    sqrt_x.o(i.____softfp_sqrt$lsc) refers to dleqf.o(x$fpl$dleqf) for __aeabi_cdcmple
    sqrt_x.o(i.____softfp_sqrt$lsc) refers to _rserrno.o(.text) for __set_errno
    sqrt_x.o(i.____softfp_sqrt$lsc) refers to dsqrt_umaal.o(x$fpl$dsqrt) for _dsqrt
    sqrt_x.o(i.__sqrt$lsc) refers (Special) to usenofp.o(x$fpl$usenofp) for __I$use$fp
    sqrt_x.o(i.__sqrt$lsc) refers to dleqf.o(x$fpl$dleqf) for __aeabi_cdcmple
    sqrt_x.o(i.__sqrt$lsc) refers to _rserrno.o(.text) for __set_errno
    sqrt_x.o(i.__sqrt$lsc) refers to dsqrt_umaal.o(x$fpl$dsqrt) for _dsqrt
    rt_errno_addr.o(.text) refers to rt_errno_addr.o(.bss) for __aeabi_errno_addr_data
    rt_errno_addr_intlibspace.o(.text) refers to libspace.o(.bss) for __libspace_start
    isspace.o(.text) refers to rt_ctype_table.o(.text) for __rt_ctype_table
    lc_numeric_c.o(locale$$data) refers (Special) to libinit2.o(.ARM.Collect$$libinit$$00000015) for __rt_lib_init_lc_numeric_2
    lc_numeric_c.o(locale$$code) refers (Special) to libinit2.o(.ARM.Collect$$libinit$$00000015) for __rt_lib_init_lc_numeric_2
    lc_numeric_c.o(locale$$code) refers to strcmpv7m.o(.text) for strcmp
    lc_numeric_c.o(locale$$code) refers to lc_numeric_c.o(locale$$data) for __lcnum_c_name
    dfix.o(x$fpl$dfix) refers (Special) to usenofp.o(x$fpl$usenofp) for __I$use$fp
    dfix.o(x$fpl$dfix) refers to dnaninf.o(x$fpl$dnaninf) for __fpl_dnaninf
    dfix.o(x$fpl$dfixr) refers (Special) to usenofp.o(x$fpl$usenofp) for __I$use$fp
    dfix.o(x$fpl$dfixr) refers to dnaninf.o(x$fpl$dnaninf) for __fpl_dnaninf
    dflt_clz.o(x$fpl$dfltu) refers (Special) to usenofp.o(x$fpl$usenofp) for __I$use$fp
    dflt_clz.o(x$fpl$dflt) refers (Special) to usenofp.o(x$fpl$usenofp) for __I$use$fp
    dflt_clz.o(x$fpl$dfltn) refers (Special) to usenofp.o(x$fpl$usenofp) for __I$use$fp
    dleqf.o(x$fpl$dleqf) refers (Special) to usenofp.o(x$fpl$usenofp) for __I$use$fp
    dleqf.o(x$fpl$dleqf) refers to dnaninf.o(x$fpl$dnaninf) for __fpl_dnaninf
    dleqf.o(x$fpl$dleqf) refers to dcmpi.o(x$fpl$dcmpinf) for __fpl_dcmp_Inf
    dsqrt_umaal.o(x$fpl$dsqrt) refers (Special) to usenofp.o(x$fpl$usenofp) for __I$use$fp
    dsqrt_umaal.o(x$fpl$dsqrt) refers to dnaninf.o(x$fpl$dnaninf) for __fpl_dnaninf
    scanf1.o(x$fpl$scanf1) refers to scanf_fp.o(.text) for _scanf_really_real
    dunder.o(i.__mathlib_dbl_underflow) refers to dmul.o(x$fpl$dmul) for __aeabi_dmul
    fabs.o(i.__hardfp_fabs) refers (Special) to usenofp.o(x$fpl$usenofp) for __I$use$fp
    fabs.o(i.__softfp_fabs) refers (Special) to usenofp.o(x$fpl$usenofp) for __I$use$fp
    fabs.o(i.fabs) refers (Special) to usenofp.o(x$fpl$usenofp) for __I$use$fp
    fpclassify.o(i.__ARM_fpclassify) refers (Special) to usenofp.o(x$fpl$usenofp) for __I$use$fp
    libspace.o(.text) refers to libspace.o(.bss) for __libspace_start
    rt_ctype_table.o(.text) refers to rt_locale.o(.text) for __rt_locale
    rt_ctype_table.o(.text) refers to lc_ctype_c.o(locale$$code) for _get_lc_ctype
    scanf_fp.o(.text) refers (Special) to usenofp.o(x$fpl$usenofp) for __I$use$fp
    scanf_fp.o(.text) refers (Special) to lc_numeric_c.o(locale$$code) for _get_lc_numeric
    scanf_fp.o(.text) refers to rt_errno_addr.o(.text) for __aeabi_errno_addr
    scanf_fp.o(.text) refers to bigflt0.o(.text) for _btod_etento
    scanf_fp.o(.text) refers to btod.o(CL$$btod_emuld) for _btod_emuld
    scanf_fp.o(.text) refers to btod.o(CL$$btod_edivd) for _btod_edivd
    scanf_fp.o(.text) refers to rt_locale.o(.text) for __rt_locale
    scanf_fp.o(.text) refers to scanf2.o(x$fpl$scanf2) for _scanf_infnan
    scanf_fp.o(.text) refers to scanf_fp.o(i._is_digit) for _is_digit
    scanf_fp.o(.text) refers to narrow.o(i.__mathlib_narrow) for __mathlib_narrow
    scanf_fp.o(.text) refers to fpconst.o(c$$dinf) for __huge_val
    libinit2.o(.ARM.Collect$$libinit$$00000001) refers to fpinit.o(x$fpl$fpinit) for _fp_init
    libinit2.o(.ARM.Collect$$libinit$$0000000D) refers (Weak) to rt_locale.o(.text) for __rt_locale
    libinit2.o(.ARM.Collect$$libinit$$0000000E) refers to libinit2.o(.ARM.Collect$$libinit$$0000000D) for .ARM.Collect$$libinit$$0000000D
    libinit2.o(.ARM.Collect$$libinit$$00000010) refers to libinit2.o(.ARM.Collect$$libinit$$0000000D) for .ARM.Collect$$libinit$$0000000D
    libinit2.o(.ARM.Collect$$libinit$$00000010) refers (Weak) to lc_ctype_c.o(locale$$code) for _get_lc_ctype
    libinit2.o(.ARM.Collect$$libinit$$00000012) refers to libinit2.o(.ARM.Collect$$libinit$$0000000D) for .ARM.Collect$$libinit$$0000000D
    libinit2.o(.ARM.Collect$$libinit$$00000014) refers to libinit2.o(.ARM.Collect$$libinit$$0000000D) for .ARM.Collect$$libinit$$0000000D
    libinit2.o(.ARM.Collect$$libinit$$00000014) refers (Weak) to lc_numeric_c.o(locale$$code) for _get_lc_numeric
    libinit2.o(.ARM.Collect$$libinit$$00000016) refers to libinit2.o(.ARM.Collect$$libinit$$0000000D) for .ARM.Collect$$libinit$$0000000D
    libinit2.o(.ARM.Collect$$libinit$$00000024) refers to argv_veneer.o(.emb_text) for __ARM_argv_veneer
    libinit2.o(.ARM.Collect$$libinit$$00000025) refers to argv_veneer.o(.emb_text) for __ARM_argv_veneer
    rt_locale.o(.text) refers to rt_locale.o(.bss) for __rt_locale_data
    rt_locale_intlibspace.o(.text) refers to libspace.o(.bss) for __libspace_start
    bigflt0.o(.text) refers (Special) to usenofp.o(x$fpl$usenofp) for __I$use$fp
    bigflt0.o(.text) refers to btod.o(CL$$btod_emul) for _btod_emul
    bigflt0.o(.text) refers to btod.o(CL$$btod_ediv) for _btod_ediv
    bigflt0.o(.text) refers to bigflt0.o(.constdata) for .constdata
    bigflt0.o(.constdata) refers (Special) to usenofp.o(x$fpl$usenofp) for __I$use$fp
    btod.o(CL$$btod_d2e) refers (Special) to usenofp.o(x$fpl$usenofp) for __I$use$fp
    btod.o(CL$$btod_d2e) refers to btod.o(CL$$btod_d2e_norm_op1) for _d2e_norm_op1
    btod.o(CL$$btod_d2e_norm_op1) refers (Special) to usenofp.o(x$fpl$usenofp) for __I$use$fp
    btod.o(CL$$btod_d2e_norm_op1) refers to btod.o(CL$$btod_d2e_denorm_low) for _d2e_denorm_low
    btod.o(CL$$btod_d2e_denorm_low) refers (Special) to usenofp.o(x$fpl$usenofp) for __I$use$fp
    btod.o(CL$$btod_emul) refers (Special) to usenofp.o(x$fpl$usenofp) for __I$use$fp
    btod.o(CL$$btod_emul) refers to btod.o(CL$$btod_mult_common) for __btod_mult_common
    btod.o(CL$$btod_emul) refers to btod.o(CL$$btod_e2e) for _e2e
    btod.o(CL$$btod_ediv) refers (Special) to usenofp.o(x$fpl$usenofp) for __I$use$fp
    btod.o(CL$$btod_ediv) refers to btod.o(CL$$btod_div_common) for __btod_div_common
    btod.o(CL$$btod_ediv) refers to btod.o(CL$$btod_e2e) for _e2e
    btod.o(CL$$btod_emuld) refers (Special) to usenofp.o(x$fpl$usenofp) for __I$use$fp
    btod.o(CL$$btod_emuld) refers to btod.o(CL$$btod_mult_common) for __btod_mult_common
    btod.o(CL$$btod_emuld) refers to btod.o(CL$$btod_e2d) for _e2d
    btod.o(CL$$btod_edivd) refers (Special) to usenofp.o(x$fpl$usenofp) for __I$use$fp
    btod.o(CL$$btod_edivd) refers to btod.o(CL$$btod_div_common) for __btod_div_common
    btod.o(CL$$btod_edivd) refers to btod.o(CL$$btod_e2d) for _e2d
    btod.o(CL$$btod_e2e) refers (Special) to usenofp.o(x$fpl$usenofp) for __I$use$fp
    btod.o(CL$$btod_e2d) refers (Special) to usenofp.o(x$fpl$usenofp) for __I$use$fp
    btod.o(CL$$btod_e2d) refers to btod.o(CL$$btod_e2e) for _e2e
    btod.o(CL$$btod_mult_common) refers (Special) to usenofp.o(x$fpl$usenofp) for __I$use$fp
    btod.o(CL$$btod_div_common) refers (Special) to usenofp.o(x$fpl$usenofp) for __I$use$fp
    lc_ctype_c.o(locale$$data) refers (Special) to libinit2.o(.ARM.Collect$$libinit$$00000011) for __rt_lib_init_lc_ctype_2
    lc_ctype_c.o(locale$$code) refers (Special) to libinit2.o(.ARM.Collect$$libinit$$00000011) for __rt_lib_init_lc_ctype_2
    lc_ctype_c.o(locale$$code) refers to strcmpv7m.o(.text) for strcmp
    lc_ctype_c.o(locale$$code) refers to lc_ctype_c.o(locale$$data) for __lcctype_c_name
    argv_veneer.o(.emb_text) refers to _get_argv_nomalloc.o(.text) for __ARM_get_argv
    fpconst.o(c$$dinf) refers (Special) to usenofp.o(x$fpl$usenofp) for __I$use$fp
    fpconst.o(c$$dnan) refers (Special) to usenofp.o(x$fpl$usenofp) for __I$use$fp
    fpconst.o(c$$finf) refers (Special) to usenofp.o(x$fpl$usenofp) for __I$use$fp
    istatus.o(x$fpl$ieeestatus) refers (Special) to usenofp.o(x$fpl$usenofp) for __I$use$fp
    scanf2.o(x$fpl$scanf2) refers to scanf_hexfp.o(.text) for _scanf_really_hex_real
    scanf2.o(x$fpl$scanf2) refers to scanf_infnan.o(.text) for _scanf_really_infnan
    scanf2b.o(x$fpl$scanf2) refers to scanf_hexfp.o(.text) for _scanf_really_hex_real
    scanf2b.o(x$fpl$scanf2) refers to scanf_infnan.o(.text) for _scanf_really_infnan
    narrow.o(i.__hardfp___mathlib_tofloat) refers (Special) to usenofp.o(x$fpl$usenofp) for __I$use$fp
    narrow.o(i.__hardfp___mathlib_tofloat) refers to frexp.o(i.frexp) for frexp
    narrow.o(i.__hardfp___mathlib_tofloat) refers to deqf.o(x$fpl$deqf) for __aeabi_cdcmpeq
    narrow.o(i.__hardfp___mathlib_tofloat) refers to d2f.o(x$fpl$d2f) for __aeabi_d2f
    narrow.o(i.__hardfp___mathlib_tofloat) refers to _rserrno.o(.text) for __set_errno
    narrow.o(i.__hardfp___mathlib_tofloat) refers to drleqf.o(x$fpl$drleqf) for __aeabi_cdrcmple
    narrow.o(i.__mathlib_narrow) refers (Special) to usenofp.o(x$fpl$usenofp) for __I$use$fp
    narrow.o(i.__mathlib_narrow) refers to frexp.o(i.frexp) for frexp
    narrow.o(i.__mathlib_narrow) refers to deqf.o(x$fpl$deqf) for __aeabi_cdcmpeq
    narrow.o(i.__mathlib_narrow) refers to d2f.o(x$fpl$d2f) for __aeabi_d2f
    narrow.o(i.__mathlib_narrow) refers to _rserrno.o(.text) for __set_errno
    narrow.o(i.__mathlib_narrow) refers to drleqf.o(x$fpl$drleqf) for __aeabi_cdrcmple
    narrow.o(i.__mathlib_tofloat) refers (Special) to usenofp.o(x$fpl$usenofp) for __I$use$fp
    narrow.o(i.__mathlib_tofloat) refers to frexp.o(i.frexp) for frexp
    narrow.o(i.__mathlib_tofloat) refers to deqf.o(x$fpl$deqf) for __aeabi_cdcmpeq
    narrow.o(i.__mathlib_tofloat) refers to d2f.o(x$fpl$d2f) for __aeabi_d2f
    narrow.o(i.__mathlib_tofloat) refers to _rserrno.o(.text) for __set_errno
    narrow.o(i.__mathlib_tofloat) refers to drleqf.o(x$fpl$drleqf) for __aeabi_cdrcmple
    narrow.o(i.__softfp___mathlib_tofloat) refers (Special) to usenofp.o(x$fpl$usenofp) for __I$use$fp
    narrow.o(i.__softfp___mathlib_tofloat) refers to frexp.o(i.frexp) for frexp
    narrow.o(i.__softfp___mathlib_tofloat) refers to deqf.o(x$fpl$deqf) for __aeabi_cdcmpeq
    narrow.o(i.__softfp___mathlib_tofloat) refers to d2f.o(x$fpl$d2f) for __aeabi_d2f
    narrow.o(i.__softfp___mathlib_tofloat) refers to _rserrno.o(.text) for __set_errno
    narrow.o(i.__softfp___mathlib_tofloat) refers to drleqf.o(x$fpl$drleqf) for __aeabi_cdrcmple
    scanf_hexfp.o(.text) refers to _chval.o(.text) for _chval
    scanf_hexfp.o(.text) refers to llshl.o(.text) for __aeabi_llsl
    scanf_hexfp.o(.text) refers to ldexp.o(i.__support_ldexp) for __support_ldexp
    scanf_hexfp.o(.text) refers to narrow.o(i.__mathlib_narrow) for __mathlib_narrow
    _get_argv_nomalloc.o(.text) refers (Special) to hrguard.o(.text) for __heap_region$guard
    _get_argv_nomalloc.o(.text) refers to defsig_rtmem_outer.o(.text) for __rt_SIGRTMEM
    _get_argv_nomalloc.o(.text) refers to sys_command.o(.text) for _sys_command_string
    drleqf.o(x$fpl$drleqf) refers (Special) to usenofp.o(x$fpl$usenofp) for __I$use$fp
    drleqf.o(x$fpl$drleqf) refers to dleqf.o(x$fpl$dleqf) for __fpl_dcmple_InfNaN
    frexp.o(i.__hardfp_frexp) refers (Special) to usenofp.o(x$fpl$usenofp) for __I$use$fp
    frexp.o(i.__hardfp_frexp) refers to dmul.o(x$fpl$dmul) for __aeabi_dmul
    frexp.o(i.__softfp_frexp) refers (Special) to usenofp.o(x$fpl$usenofp) for __I$use$fp
    frexp.o(i.__softfp_frexp) refers to dmul.o(x$fpl$dmul) for __aeabi_dmul
    frexp.o(i.frexp) refers (Special) to usenofp.o(x$fpl$usenofp) for __I$use$fp
    frexp.o(i.frexp) refers to dmul.o(x$fpl$dmul) for __aeabi_dmul
    sys_command.o(.text) refers (Special) to use_no_semi.o(.text) for __I$use$semihosting
    sys_command.o(.text) refers (Special) to indicate_semi.o(.text) for __semihosting_library_function
    defsig_rtmem_outer.o(.text) refers to defsig_rtmem_inner.o(.text) for __rt_SIGRTMEM_inner
    defsig_rtmem_outer.o(.text) refers to defsig_exit.o(.text) for __sig_exit
    defsig_rtmem_formal.o(.text) refers to rt_raise.o(.text) for __rt_raise
    ldexp.o(i.__hardfp_ldexp) refers (Special) to usenofp.o(x$fpl$usenofp) for __I$use$fp
    ldexp.o(i.__hardfp_ldexp) refers to deqf.o(x$fpl$deqf) for __aeabi_cdcmpeq
    ldexp.o(i.__hardfp_ldexp) refers to scalbn.o(x$fpl$scalbn) for __ARM_scalbn
    ldexp.o(i.__hardfp_ldexp) refers to _rserrno.o(.text) for __set_errno
    ldexp.o(i.__hardfp_ldexp) refers to dunder.o(i.__mathlib_dbl_underflow) for __mathlib_dbl_underflow
    ldexp.o(i.__hardfp_ldexp) refers to dmul.o(x$fpl$dmul) for __aeabi_dmul
    ldexp.o(i.__softfp_ldexp) refers (Special) to usenofp.o(x$fpl$usenofp) for __I$use$fp
    ldexp.o(i.__softfp_ldexp) refers to ldexp.o(i.__hardfp_ldexp) for __hardfp_ldexp
    ldexp.o(i.__support_ldexp) refers (Special) to usenofp.o(x$fpl$usenofp) for __I$use$fp
    ldexp.o(i.__support_ldexp) refers to ldexp.o(i.__hardfp_ldexp) for __hardfp_ldexp
    ldexp.o(i.ldexp) refers (Special) to usenofp.o(x$fpl$usenofp) for __I$use$fp
    ldexp.o(i.ldexp) refers to ldexp.o(i.__hardfp_ldexp) for __hardfp_ldexp
    ldexp_x.o(i.____hardfp_ldexp$lsc) refers (Special) to usenofp.o(x$fpl$usenofp) for __I$use$fp
    ldexp_x.o(i.____hardfp_ldexp$lsc) refers to deqf.o(x$fpl$deqf) for __aeabi_cdcmpeq
    ldexp_x.o(i.____hardfp_ldexp$lsc) refers to scalbn.o(x$fpl$scalbn) for __ARM_scalbn
    ldexp_x.o(i.____hardfp_ldexp$lsc) refers to _rserrno.o(.text) for __set_errno
    ldexp_x.o(i.____hardfp_ldexp$lsc) refers to qnan.o(.constdata) for __mathlib_zero
    ldexp_x.o(i.____softfp_ldexp$lsc) refers (Special) to usenofp.o(x$fpl$usenofp) for __I$use$fp
    ldexp_x.o(i.____softfp_ldexp$lsc) refers to ldexp_x.o(i.____hardfp_ldexp$lsc) for ____hardfp_ldexp$lsc
    ldexp_x.o(i.____support_ldexp$lsc) refers (Special) to usenofp.o(x$fpl$usenofp) for __I$use$fp
    ldexp_x.o(i.____support_ldexp$lsc) refers to ldexp_x.o(i.____hardfp_ldexp$lsc) for ____hardfp_ldexp$lsc
    ldexp_x.o(i.__ldexp$lsc) refers (Special) to usenofp.o(x$fpl$usenofp) for __I$use$fp
    ldexp_x.o(i.__ldexp$lsc) refers to ldexp_x.o(i.____hardfp_ldexp$lsc) for ____hardfp_ldexp$lsc
    rt_raise.o(.text) refers to __raise.o(.text) for __raise
    rt_raise.o(.text) refers to sys_exit.o(.text) for _sys_exit
    defsig_exit.o(.text) refers to sys_exit.o(.text) for _sys_exit
    defsig_rtmem_inner.o(.text) refers to defsig_general.o(.text) for __default_signal_display
    scalbn.o(x$fpl$scalbn) refers (Special) to usenofp.o(x$fpl$usenofp) for __I$use$fp
    scalbn.o(x$fpl$scalbn) refers to dcheck1.o(x$fpl$dcheck1) for __fpl_dcheck_NaN1
    qnan.o(.constdata) refers (Special) to usenofp.o(x$fpl$usenofp) for __I$use$fp
    sys_exit.o(.text) refers (Special) to use_no_semi.o(.text) for __I$use$semihosting
    sys_exit.o(.text) refers (Special) to indicate_semi.o(.text) for __semihosting_library_function
    __raise.o(.text) refers to defsig.o(CL$$defsig) for __default_signal_handler
    defsig_general.o(.text) refers to sys_wrch.o(.text) for _ttywrch
    dcheck1.o(x$fpl$dcheck1) refers (Special) to usenofp.o(x$fpl$usenofp) for __I$use$fp
    dcheck1.o(x$fpl$dcheck1) refers to retnan.o(x$fpl$retnan) for __fpl_return_NaN
    sys_wrch.o(.text) refers (Special) to use_no_semi.o(.text) for __I$use$semihosting
    sys_wrch.o(.text) refers (Special) to indicate_semi.o(.text) for __semihosting_library_function
    defsig.o(CL$$defsig) refers to defsig_rtmem_inner.o(.text) for __rt_SIGRTMEM_inner
    retnan.o(x$fpl$retnan) refers (Special) to usenofp.o(x$fpl$usenofp) for __I$use$fp
    retnan.o(x$fpl$retnan) refers to trapv.o(x$fpl$trapveneer) for __fpl_cmpreturn
    defsig_abrt_inner.o(.text) refers to defsig_general.o(.text) for __default_signal_display
    defsig_fpe_inner.o(.text) refers to defsig_general.o(.text) for __default_signal_display
    defsig_rtred_inner.o(.text) refers to defsig_general.o(.text) for __default_signal_display
    defsig_stak_inner.o(.text) refers to defsig_general.o(.text) for __default_signal_display
    defsig_pvfn_inner.o(.text) refers to defsig_general.o(.text) for __default_signal_display
    defsig_cppl_inner.o(.text) refers to defsig_general.o(.text) for __default_signal_display
    defsig_segv_inner.o(.text) refers to defsig_general.o(.text) for __default_signal_display
    defsig_other.o(.text) refers to defsig_general.o(.text) for __default_signal_display
    trapv.o(x$fpl$trapveneer) refers (Special) to usenofp.o(x$fpl$usenofp) for __I$use$fp
    scanf_fp.o(i._is_digit) refers (Special) to usenofp.o(x$fpl$usenofp) for __I$use$fp
    scanf_fp.o(i._is_digit) refers (Special) to lc_numeric_c.o(locale$$code) for _get_lc_numeric


==============================================================================

Removing Unused input sections from the image.

    Removing gps.o(.text), (1028 bytes).
    Removing gps.o(.bss), (100 bytes).
    Removing gps.o(.data), (13 bytes).
    Removing uart1.o(.text), (164 bytes).

4 unused section(s) (total 1305 bytes) removed from the image.

==============================================================================

Image Symbol Table

    Local Symbols

    Symbol Name                              Value     Ov Type        Size  Object(Section)

    RESET                                    0x00000000   Section      620  startup_tm4c123.o(RESET)
    ../clib/angel/rt.s                       0x00000000   Number         0  rt_locale_intlibspace.o ABSOLUTE
    ../clib/angel/rt.s                       0x00000000   Number         0  rt_raise.o ABSOLUTE
    ../clib/angel/rt.s                       0x00000000   Number         0  rt_errno_addr_intlibspace.o ABSOLUTE
    ../clib/angel/rt.s                       0x00000000   Number         0  rt_errno_addr.o ABSOLUTE
    ../clib/angel/rt.s                       0x00000000   Number         0  rt_locale.o ABSOLUTE
    ../clib/angel/rt.s                       0x00000000   Number         0  rt_ctype_table.o ABSOLUTE
    ../clib/angel/sys.s                      0x00000000   Number         0  indicate_semi.o ABSOLUTE
    ../clib/angel/sys.s                      0x00000000   Number         0  use_no_semi.o ABSOLUTE
    ../clib/angel/sys.s                      0x00000000   Number         0  libspace.o ABSOLUTE
    ../clib/angel/sysapp.c                   0x00000000   Number         0  sys_exit.o ABSOLUTE
    ../clib/angel/sysapp.c                   0x00000000   Number         0  sys_wrch.o ABSOLUTE
    ../clib/angel/sysapp.c                   0x00000000   Number         0  sys_command.o ABSOLUTE
    ../clib/armsys.c                         0x00000000   Number         0  argv_veneer.o ABSOLUTE
    ../clib/armsys.c                         0x00000000   Number         0  argv_veneer.o ABSOLUTE
    ../clib/armsys.c                         0x00000000   Number         0  no_argv.o ABSOLUTE
    ../clib/armsys.c                         0x00000000   Number         0  _get_argv_nomalloc.o ABSOLUTE
    ../clib/bigflt.c                         0x00000000   Number         0  bigflt0.o ABSOLUTE
    ../clib/btod.s                           0x00000000   Number         0  btod.o ABSOLUTE
    ../clib/ctype.c                          0x00000000   Number         0  isspace.o ABSOLUTE
    ../clib/fenv.c                           0x00000000   Number         0  _rserrno.o ABSOLUTE
    ../clib/heapalloc.c                      0x00000000   Number         0  hrguard.o ABSOLUTE
    ../clib/heapaux.c                        0x00000000   Number         0  heapauxi.o ABSOLUTE
    ../clib/libinit.s                        0x00000000   Number         0  libinit2.o ABSOLUTE
    ../clib/locale.s                         0x00000000   Number         0  lc_ctype_c.o ABSOLUTE
    ../clib/locale.s                         0x00000000   Number         0  lc_numeric_c.o ABSOLUTE
    ../clib/longlong.s                       0x00000000   Number         0  llshl.o ABSOLUTE
    ../clib/memcpset.s                       0x00000000   Number         0  strcmpv7m.o ABSOLUTE
    ../clib/scanf.c                          0x00000000   Number         0  _chval.o ABSOLUTE
    ../clib/scanf.c                          0x00000000   Number         0  _sgetc.o ABSOLUTE
    ../clib/scanf.c                          0x00000000   Number         0  scanf_fp.o ABSOLUTE
    ../clib/scanf.c                          0x00000000   Number         0  scanf_hexfp.o ABSOLUTE
    ../clib/scanf.c                          0x00000000   Number         0  strtod.o ABSOLUTE
    ../clib/scanf.c                          0x00000000   Number         0  scanf_infnan.o ABSOLUTE
    ../clib/signal.c                         0x00000000   Number         0  defsig_exit.o ABSOLUTE
    ../clib/signal.c                         0x00000000   Number         0  defsig_rtmem_formal.o ABSOLUTE
    ../clib/signal.c                         0x00000000   Number         0  defsig_rtmem_outer.o ABSOLUTE
    ../clib/signal.c                         0x00000000   Number         0  __raise.o ABSOLUTE
    ../clib/signal.c                         0x00000000   Number         0  defsig_general.o ABSOLUTE
    ../clib/signal.c                         0x00000000   Number         0  defsig_segv_inner.o ABSOLUTE
    ../clib/signal.c                         0x00000000   Number         0  defsig_rtmem_inner.o ABSOLUTE
    ../clib/signal.c                         0x00000000   Number         0  defsig_fpe_inner.o ABSOLUTE
    ../clib/signal.c                         0x00000000   Number         0  defsig_other.o ABSOLUTE
    ../clib/signal.c                         0x00000000   Number         0  defsig_abrt_inner.o ABSOLUTE
    ../clib/signal.c                         0x00000000   Number         0  defsig_rtred_inner.o ABSOLUTE
    ../clib/signal.c                         0x00000000   Number         0  defsig_stak_inner.o ABSOLUTE
    ../clib/signal.c                         0x00000000   Number         0  defsig_pvfn_inner.o ABSOLUTE
    ../clib/signal.c                         0x00000000   Number         0  defsig_cppl_inner.o ABSOLUTE
    ../clib/signal.s                         0x00000000   Number         0  defsig.o ABSOLUTE
    ../fplib/basic.s                         0x00000000   Number         0  basic.o ABSOLUTE
    ../fplib/d2f.s                           0x00000000   Number         0  d2f.o ABSOLUTE
    ../fplib/daddsub.s                       0x00000000   Number         0  daddsub_clz.o ABSOLUTE
    ../fplib/dcheck1.s                       0x00000000   Number         0  dcheck1.o ABSOLUTE
    ../fplib/dcmpi.s                         0x00000000   Number         0  dcmpi.o ABSOLUTE
    ../fplib/ddiv.s                          0x00000000   Number         0  ddiv.o ABSOLUTE
    ../fplib/deqf.s                          0x00000000   Number         0  deqf.o ABSOLUTE
    ../fplib/dfix.s                          0x00000000   Number         0  dfix.o ABSOLUTE
    ../fplib/dflt.s                          0x00000000   Number         0  dflt_clz.o ABSOLUTE
    ../fplib/dleqf.s                         0x00000000   Number         0  dleqf.o ABSOLUTE
    ../fplib/dmul.s                          0x00000000   Number         0  dmul.o ABSOLUTE
    ../fplib/dnaninf.s                       0x00000000   Number         0  dnaninf.o ABSOLUTE
    ../fplib/dretinf.s                       0x00000000   Number         0  dretinf.o ABSOLUTE
    ../fplib/drleqf.s                        0x00000000   Number         0  drleqf.o ABSOLUTE
    ../fplib/dsqrt.s                         0x00000000   Number         0  dsqrt_umaal.o ABSOLUTE
    ../fplib/fpconst.s                       0x00000000   Number         0  fpconst.o ABSOLUTE
    ../fplib/fpinit.s                        0x00000000   Number         0  fpinit.o ABSOLUTE
    ../fplib/fretinf.s                       0x00000000   Number         0  fretinf.o ABSOLUTE
    ../fplib/istatus.s                       0x00000000   Number         0  istatus.o ABSOLUTE
    ../fplib/retnan.s                        0x00000000   Number         0  retnan.o ABSOLUTE
    ../fplib/scalbn.s                        0x00000000   Number         0  scalbn.o ABSOLUTE
    ../fplib/scanf1.s                        0x00000000   Number         0  scanf1.o ABSOLUTE
    ../fplib/scanf2.s                        0x00000000   Number         0  scanf2.o ABSOLUTE
    ../fplib/scanf2a.s                       0x00000000   Number         0  scanf2a.o ABSOLUTE
    ../fplib/scanf2b.s                       0x00000000   Number         0  scanf2b.o ABSOLUTE
    ../fplib/trapv.s                         0x00000000   Number         0  trapv.o ABSOLUTE
    ../fplib/usenofp.s                       0x00000000   Number         0  usenofp.o ABSOLUTE
    ../mathlib/acos.c                        0x00000000   Number         0  acos_x.o ABSOLUTE
    ../mathlib/acos.c                        0x00000000   Number         0  acos.o ABSOLUTE
    ../mathlib/atof.c                        0x00000000   Number         0  atof.o ABSOLUTE
    ../mathlib/cos.c                         0x00000000   Number         0  cos_x.o ABSOLUTE
    ../mathlib/cos.c                         0x00000000   Number         0  cos.o ABSOLUTE
    ../mathlib/cos_i.c                       0x00000000   Number         0  cos_i.o ABSOLUTE
    ../mathlib/dunder.c                      0x00000000   Number         0  dunder.o ABSOLUTE
    ../mathlib/fabs.c                        0x00000000   Number         0  fabs.o ABSOLUTE
    ../mathlib/fpclassify.c                  0x00000000   Number         0  fpclassify.o ABSOLUTE
    ../mathlib/frexp.c                       0x00000000   Number         0  frexp.o ABSOLUTE
    ../mathlib/ldexp.c                       0x00000000   Number         0  ldexp_x.o ABSOLUTE
    ../mathlib/ldexp.c                       0x00000000   Number         0  ldexp.o ABSOLUTE
    ../mathlib/narrow.c                      0x00000000   Number         0  narrow.o ABSOLUTE
    ../mathlib/poly.c                        0x00000000   Number         0  poly.o ABSOLUTE
    ../mathlib/qnan.c                        0x00000000   Number         0  qnan.o ABSOLUTE
    ../mathlib/rred.c                        0x00000000   Number         0  rred.o ABSOLUTE
    ../mathlib/sin.c                         0x00000000   Number         0  sin.o ABSOLUTE
    ../mathlib/sin.c                         0x00000000   Number         0  sin_x.o ABSOLUTE
    ../mathlib/sin_i.c                       0x00000000   Number         0  sin_i.o ABSOLUTE
    ../mathlib/sin_i.c                       0x00000000   Number         0  sin_i_x.o ABSOLUTE
    ../mathlib/sqrt.c                        0x00000000   Number         0  sqrt.o ABSOLUTE
    ../mathlib/sqrt.c                        0x00000000   Number         0  sqrt_x.o ABSOLUTE
    DIO_DRIVER.c                             0x00000000   Number         0  dio_driver.o ABSOLUTE
    LCDdriver.c                              0x00000000   Number         0  lcddriver.o ABSOLUTE
    UART1.c                                  0x00000000   Number         0  uart1.o ABSOLUTE
    dc.s                                     0x00000000   Number         0  dc.o ABSOLUTE
    gps.c                                    0x00000000   Number         0  gps.o ABSOLUTE
    main.c                                   0x00000000   Number         0  main.o ABSOLUTE
    startup_TM4C123.s                        0x00000000   Number         0  startup_tm4c123.o ABSOLUTE
    sysTick.c                                0x00000000   Number         0  systick.o ABSOLUTE
    .text                                    0x0000026c   Section      276  startup_tm4c123.o(.text)
    $v0                                      0x0000026c   Number         0  startup_tm4c123.o(.text)
    .text                                    0x00000380   Section        0  main.o(.text)
    .text                                    0x000003d8   Section        0  systick.o(.text)
    .text                                    0x0000041c   Section        0  dio_driver.o(.text)
    .text                                    0x00000568   Section        0  lcddriver.o(.text)
    .text                                    0x00000680   Section        0  heapauxi.o(.text)
    .data                                    0x20000000   Section        4  main.o(.data)
    HEAP                                     0x20000008   Section        0  startup_tm4c123.o(HEAP)
    STACK                                    0x20000008   Section      512  startup_tm4c123.o(STACK)
    Heap_Mem                                 0x20000008   Data           0  startup_tm4c123.o(HEAP)
    Stack_Mem                                0x20000008   Data         512  startup_tm4c123.o(STACK)
    __initial_sp                             0x20000208   Data           0  startup_tm4c123.o(STACK)

    Global Symbols

    Symbol Name                              Value     Ov Type        Size  Object(Section)

    BuildAttributes$$THM_ISAv4$E$P$D$K$B$S$7EM$VFPi3$EXTD16$VFPS$VFMA$PE$A:L22UL41UL21$X:L11$S22US41US21$IEEE1$IW$USESV6$~STKCKD$USESV7$~SHL$OTIME$ROPI$IEEEX$EBA8$STANDARDLIB$REQ8$PRES8$EABIv2 0x00000000   Number         0  anon$$obj.o ABSOLUTE
    __Vectors                                0x00000000   Data           4  startup_tm4c123.o(RESET)
    __ARM_exceptions_init                     - Undefined Weak Reference
    __alloca_initialize                       - Undefined Weak Reference
    __cpp_initialize__aeabi_                  - Undefined Weak Reference
    __sigvec_lookup                           - Undefined Weak Reference
    _atexit_init                              - Undefined Weak Reference
    _clock_init                               - Undefined Weak Reference
    _fp_trap_init                             - Undefined Weak Reference
    _get_lc_collate                           - Undefined Weak Reference
    _get_lc_monetary                          - Undefined Weak Reference
    _get_lc_time                              - Undefined Weak Reference
    _getenv_init                              - Undefined Weak Reference
    _handle_redirection                       - Undefined Weak Reference
    _init_alloc                               - Undefined Weak Reference
    _init_user_alloc                          - Undefined Weak Reference
    _initio                                   - Undefined Weak Reference
    _rand_init                                - Undefined Weak Reference
    _signal_init                              - Undefined Weak Reference
    Reset_Handler                            0x0000026d   Thumb Code     8  startup_tm4c123.o(.text)
    __Vectors_End                            0x0000026c   Data           0  startup_tm4c123.o(RESET)
    __Vectors_Size                           0x0000026c   Number         0  startup_tm4c123.o ABSOLUTE
    NMI_Handler                              0x00000275   Thumb Code     2  startup_tm4c123.o(.text)
    HardFault_Handler                        0x00000277   Thumb Code     2  startup_tm4c123.o(.text)
    MemManage_Handler                        0x00000279   Thumb Code     2  startup_tm4c123.o(.text)
    BusFault_Handler                         0x0000027b   Thumb Code     2  startup_tm4c123.o(.text)
    UsageFault_Handler                       0x0000027d   Thumb Code     2  startup_tm4c123.o(.text)
    SVC_Handler                              0x0000027f   Thumb Code     2  startup_tm4c123.o(.text)
    DebugMon_Handler                         0x00000281   Thumb Code     2  startup_tm4c123.o(.text)
    PendSV_Handler                           0x00000283   Thumb Code     2  startup_tm4c123.o(.text)
    SysTick_Handler                          0x00000285   Thumb Code     2  startup_tm4c123.o(.text)
    GPIOA_Handler                            0x00000287   Thumb Code     2  startup_tm4c123.o(.text)
    GPIOB_Handler                            0x00000289   Thumb Code     2  startup_tm4c123.o(.text)
    GPIOC_Handler                            0x0000028b   Thumb Code     2  startup_tm4c123.o(.text)
    GPIOD_Handler                            0x0000028d   Thumb Code     2  startup_tm4c123.o(.text)
    GPIOE_Handler                            0x0000028f   Thumb Code     2  startup_tm4c123.o(.text)
    UART0_Handler                            0x00000291   Thumb Code     2  startup_tm4c123.o(.text)
    UART1_Handler                            0x00000293   Thumb Code     2  startup_tm4c123.o(.text)
    SSI0_Handler                             0x00000295   Thumb Code     2  startup_tm4c123.o(.text)
    I2C0_Handler                             0x00000297   Thumb Code     2  startup_tm4c123.o(.text)
    PMW0_FAULT_Handler                       0x00000299   Thumb Code     2  startup_tm4c123.o(.text)
    PWM0_0_Handler                           0x0000029b   Thumb Code     2  startup_tm4c123.o(.text)
    PWM0_1_Handler                           0x0000029d   Thumb Code     2  startup_tm4c123.o(.text)
    PWM0_2_Handler                           0x0000029f   Thumb Code     2  startup_tm4c123.o(.text)
    QEI0_Handler                             0x000002a1   Thumb Code     2  startup_tm4c123.o(.text)
    ADC0SS0_Handler                          0x000002a3   Thumb Code     2  startup_tm4c123.o(.text)
    ADC0SS1_Handler                          0x000002a5   Thumb Code     2  startup_tm4c123.o(.text)
    ADC0SS2_Handler                          0x000002a7   Thumb Code     2  startup_tm4c123.o(.text)
    ADC0SS3_Handler                          0x000002a9   Thumb Code     2  startup_tm4c123.o(.text)
    WDT0_Handler                             0x000002ab   Thumb Code     2  startup_tm4c123.o(.text)
    TIMER0A_Handler                          0x000002ad   Thumb Code     2  startup_tm4c123.o(.text)
    TIMER0B_Handler                          0x000002af   Thumb Code     2  startup_tm4c123.o(.text)
    TIMER1A_Handler                          0x000002b1   Thumb Code     2  startup_tm4c123.o(.text)
    TIMER1B_Handler                          0x000002b3   Thumb Code     2  startup_tm4c123.o(.text)
    TIMER2A_Handler                          0x000002b5   Thumb Code     2  startup_tm4c123.o(.text)
    TIMER2B_Handler                          0x000002b7   Thumb Code     2  startup_tm4c123.o(.text)
    COMP0_Handler                            0x000002b9   Thumb Code     2  startup_tm4c123.o(.text)
    COMP1_Handler                            0x000002bb   Thumb Code     2  startup_tm4c123.o(.text)
    COMP2_Handler                            0x000002bd   Thumb Code     2  startup_tm4c123.o(.text)
    SYSCTL_Handler                           0x000002bf   Thumb Code     2  startup_tm4c123.o(.text)
    FLASH_Handler                            0x000002c1   Thumb Code     2  startup_tm4c123.o(.text)
    GPIOF_Handler                            0x000002c3   Thumb Code     2  startup_tm4c123.o(.text)
    GPIOG_Handler                            0x000002c5   Thumb Code     2  startup_tm4c123.o(.text)
    GPIOH_Handler                            0x000002c7   Thumb Code     2  startup_tm4c123.o(.text)
    UART2_Handler                            0x000002c9   Thumb Code     2  startup_tm4c123.o(.text)
    SSI1_Handler                             0x000002cb   Thumb Code     2  startup_tm4c123.o(.text)
    TIMER3A_Handler                          0x000002cd   Thumb Code     2  startup_tm4c123.o(.text)
    TIMER3B_Handler                          0x000002cf   Thumb Code     2  startup_tm4c123.o(.text)
    I2C1_Handler                             0x000002d1   Thumb Code     2  startup_tm4c123.o(.text)
    QEI1_Handler                             0x000002d3   Thumb Code     2  startup_tm4c123.o(.text)
    CAN0_Handler                             0x000002d5   Thumb Code     2  startup_tm4c123.o(.text)
    CAN1_Handler                             0x000002d7   Thumb Code     2  startup_tm4c123.o(.text)
    CAN2_Handler                             0x000002d9   Thumb Code     2  startup_tm4c123.o(.text)
    HIB_Handler                              0x000002db   Thumb Code     2  startup_tm4c123.o(.text)
    USB0_Handler                             0x000002dd   Thumb Code     2  startup_tm4c123.o(.text)
    PWM0_3_Handler                           0x000002df   Thumb Code     2  startup_tm4c123.o(.text)
    UDMA_Handler                             0x000002e1   Thumb Code     2  startup_tm4c123.o(.text)
    UDMAERR_Handler                          0x000002e3   Thumb Code     2  startup_tm4c123.o(.text)
    ADC1SS0_Handler                          0x000002e5   Thumb Code     2  startup_tm4c123.o(.text)
    ADC1SS1_Handler                          0x000002e7   Thumb Code     2  startup_tm4c123.o(.text)
    ADC1SS2_Handler                          0x000002e9   Thumb Code     2  startup_tm4c123.o(.text)
    ADC1SS3_Handler                          0x000002eb   Thumb Code     2  startup_tm4c123.o(.text)
    GPIOJ_Handler                            0x000002ed   Thumb Code     2  startup_tm4c123.o(.text)
    GPIOK_Handler                            0x000002ef   Thumb Code     2  startup_tm4c123.o(.text)
    GPIOL_Handler                            0x000002f1   Thumb Code     2  startup_tm4c123.o(.text)
    SSI2_Handler                             0x000002f3   Thumb Code     2  startup_tm4c123.o(.text)
    SSI3_Handler                             0x000002f5   Thumb Code     2  startup_tm4c123.o(.text)
    UART3_Handler                            0x000002f7   Thumb Code     2  startup_tm4c123.o(.text)
    UART4_Handler                            0x000002f9   Thumb Code     2  startup_tm4c123.o(.text)
    UART5_Handler                            0x000002fb   Thumb Code     2  startup_tm4c123.o(.text)
    UART6_Handler                            0x000002fd   Thumb Code     2  startup_tm4c123.o(.text)
    UART7_Handler                            0x000002ff   Thumb Code     2  startup_tm4c123.o(.text)
    I2C2_Handler                             0x00000301   Thumb Code     2  startup_tm4c123.o(.text)
    I2C3_Handler                             0x00000303   Thumb Code     2  startup_tm4c123.o(.text)
    TIMER4A_Handler                          0x00000305   Thumb Code     2  startup_tm4c123.o(.text)
    TIMER4B_Handler                          0x00000307   Thumb Code     2  startup_tm4c123.o(.text)
    TIMER5A_Handler                          0x00000309   Thumb Code     2  startup_tm4c123.o(.text)
    TIMER5B_Handler                          0x0000030b   Thumb Code     2  startup_tm4c123.o(.text)
    WTIMER0A_Handler                         0x0000030d   Thumb Code     2  startup_tm4c123.o(.text)
    WTIMER0B_Handler                         0x0000030f   Thumb Code     2  startup_tm4c123.o(.text)
    WTIMER1A_Handler                         0x00000311   Thumb Code     2  startup_tm4c123.o(.text)
    WTIMER1B_Handler                         0x00000313   Thumb Code     2  startup_tm4c123.o(.text)
    WTIMER2A_Handler                         0x00000315   Thumb Code     2  startup_tm4c123.o(.text)
    WTIMER2B_Handler                         0x00000317   Thumb Code     2  startup_tm4c123.o(.text)
    WTIMER3A_Handler                         0x00000319   Thumb Code     2  startup_tm4c123.o(.text)
    WTIMER3B_Handler                         0x0000031b   Thumb Code     2  startup_tm4c123.o(.text)
    WTIMER4A_Handler                         0x0000031d   Thumb Code     2  startup_tm4c123.o(.text)
    WTIMER4B_Handler                         0x0000031f   Thumb Code     2  startup_tm4c123.o(.text)
    WTIMER5A_Handler                         0x00000321   Thumb Code     2  startup_tm4c123.o(.text)
    WTIMER5B_Handler                         0x00000323   Thumb Code     2  startup_tm4c123.o(.text)
    FPU_Handler                              0x00000325   Thumb Code     2  startup_tm4c123.o(.text)
    I2C4_Handler                             0x00000327   Thumb Code     2  startup_tm4c123.o(.text)
    I2C5_Handler                             0x00000329   Thumb Code     2  startup_tm4c123.o(.text)
    GPIOM_Handler                            0x0000032b   Thumb Code     2  startup_tm4c123.o(.text)
    GPION_Handler                            0x0000032d   Thumb Code     2  startup_tm4c123.o(.text)
    QEI2_Handler                             0x0000032f   Thumb Code     2  startup_tm4c123.o(.text)
    GPIOP0_Handler                           0x00000331   Thumb Code     2  startup_tm4c123.o(.text)
    GPIOP1_Handler                           0x00000333   Thumb Code     2  startup_tm4c123.o(.text)
    GPIOP2_Handler                           0x00000335   Thumb Code     2  startup_tm4c123.o(.text)
    GPIOP3_Handler                           0x00000337   Thumb Code     2  startup_tm4c123.o(.text)
    GPIOP4_Handler                           0x00000339   Thumb Code     2  startup_tm4c123.o(.text)
    GPIOP5_Handler                           0x0000033b   Thumb Code     2  startup_tm4c123.o(.text)
    GPIOP6_Handler                           0x0000033d   Thumb Code     2  startup_tm4c123.o(.text)
    GPIOP7_Handler                           0x0000033f   Thumb Code     2  startup_tm4c123.o(.text)
    GPIOQ0_Handler                           0x00000341   Thumb Code     2  startup_tm4c123.o(.text)
    GPIOQ1_Handler                           0x00000343   Thumb Code     2  startup_tm4c123.o(.text)
    GPIOQ2_Handler                           0x00000345   Thumb Code     2  startup_tm4c123.o(.text)
    GPIOQ3_Handler                           0x00000347   Thumb Code     2  startup_tm4c123.o(.text)
    GPIOQ4_Handler                           0x00000349   Thumb Code     2  startup_tm4c123.o(.text)
    GPIOQ5_Handler                           0x0000034b   Thumb Code     2  startup_tm4c123.o(.text)
    GPIOQ6_Handler                           0x0000034d   Thumb Code     2  startup_tm4c123.o(.text)
    GPIOQ7_Handler                           0x0000034f   Thumb Code     2  startup_tm4c123.o(.text)
    GPIOR_Handler                            0x00000351   Thumb Code     2  startup_tm4c123.o(.text)
    GPIOS_Handler                            0x00000353   Thumb Code     2  startup_tm4c123.o(.text)
    PMW1_0_Handler                           0x00000355   Thumb Code     2  startup_tm4c123.o(.text)
    PWM1_1_Handler                           0x00000357   Thumb Code     2  startup_tm4c123.o(.text)
    PWM1_2_Handler                           0x00000359   Thumb Code     2  startup_tm4c123.o(.text)
    PWM1_3_Handler                           0x0000035b   Thumb Code     2  startup_tm4c123.o(.text)
    PWM1_FAULT_Handler                       0x0000035d   Thumb Code     2  startup_tm4c123.o(.text)
    __user_initial_stackheap                 0x00000361   Thumb Code     0  startup_tm4c123.o(.text)
    distanceEqual100                         0x00000381   Thumb Code    16  main.o(.text)
    totalDistance                            0x00000391   Thumb Code    12  main.o(.text)
    SystemInit                               0x0000039d   Thumb Code    24  main.o(.text)
    __main                                   0x000003b5   Thumb Code    22  main.o(.text)
    sysTickInit                              0x000003d9   Thumb Code    16  systick.o(.text)
    sysTickWait                              0x000003e9   Thumb Code    24  systick.o(.text)
    sysTickWait10Ms                          0x00000401   Thumb Code    22  systick.o(.text)
    Portf_Init_input_Output                  0x0000041d   Thumb Code    88  dio_driver.o(.text)
    Portf_input                              0x00000475   Thumb Code    10  dio_driver.o(.text)
    Portf_output                             0x0000047f   Thumb Code     6  dio_driver.o(.text)
    Portb_Init_output                        0x00000485   Thumb Code    80  dio_driver.o(.text)
    Portb_output                             0x000004d5   Thumb Code     6  dio_driver.o(.text)
    Portd_Init_output                        0x000004db   Thumb Code    88  dio_driver.o(.text)
    Portd_output                             0x00000533   Thumb Code     6  dio_driver.o(.text)
    delay_micro                              0x00000569   Thumb Code    22  lcddriver.o(.text)
    delay_milli                              0x0000057f   Thumb Code    26  lcddriver.o(.text)
    LCD_Cmd                                  0x00000599   Thumb Code    66  lcddriver.o(.text)
    LCD_init                                 0x000005db   Thumb Code    28  lcddriver.o(.text)
    LCD_Data                                 0x000005f7   Thumb Code    54  lcddriver.o(.text)
    lcd_write_str                            0x0000062d   Thumb Code    22  lcddriver.o(.text)
    LCD_DisplayString                        0x00000643   Thumb Code    26  lcddriver.o(.text)
    LCD_DisplayInt                           0x0000065d   Thumb Code    36  lcddriver.o(.text)
    __use_two_region_memory                  0x00000681   Thumb Code     2  heapauxi.o(.text)
    __rt_heap_escrow$2region                 0x00000683   Thumb Code     2  heapauxi.o(.text)
    __rt_heap_expand$2region                 0x00000685   Thumb Code     2  heapauxi.o(.text)
    total_distance                           0x20000000   Data           4  main.o(.data)



==============================================================================

Memory Map of the image

  Image Entry point : 0x0000026d

  Load Region LR_1 (Base: 0x00000000, Size: 0x0000068c, Max: 0xffffffff, ABSOLUTE)

    Execution Region ER_RO (Base: 0x00000000, Size: 0x00000688, Max: 0xffffffff, ABSOLUTE)

    Base Addr    Size         Type   Attr      Idx    E Section Name        Object

    0x00000000   0x0000026c   Data   RO            3    RESET               startup_tm4c123.o
    0x0000026c   0x00000114   Code   RO            4  * .text               startup_tm4c123.o
    0x00000380   0x00000058   Code   RO           10    .text               main.o
    0x000003d8   0x00000044   Code   RO           81    .text               systick.o
    0x0000041c   0x0000014c   Code   RO          105    .text               dio_driver.o
    0x00000568   0x00000118   Code   RO          117    .text               lcddriver.o
    0x00000680   0x00000006   Code   RO          137    .text               c_w.l(heapauxi.o)


    Execution Region ER_RW (Base: 0x20000000, Size: 0x00000004, Max: 0xffffffff, ABSOLUTE)

    Base Addr    Size         Type   Attr      Idx    E Section Name        Object

    0x20000000   0x00000004   Data   RW           11    .data               main.o


    Execution Region ER_ZI (Base: 0x20000004, Size: 0x00000204, Max: 0xffffffff, ABSOLUTE)

    Base Addr    Size         Type   Attr      Idx    E Section Name        Object

    0x20000004   0x00000004   PAD
    0x20000008   0x00000000   Zero   RW            2    HEAP                startup_tm4c123.o
    0x20000008   0x00000200   Zero   RW            1    STACK               startup_tm4c123.o


==============================================================================

Image component sizes


      Code (inc. data)   RO Data    RW Data    ZI Data      Debug   Object Name

       332         48          0          0          0       1301   dio_driver.o
       280          0          0          0          0       1787   lcddriver.o
        88         14          0          4          0       2756   main.o
       276         24        620          0        512       5392   startup_tm4c123.o
        68          6          0          0          0        946   systick.o

    ----------------------------------------------------------------------
      1044         92        620          4        516      12182   Object Totals
         0          0          0          0          0          0   (incl. Generated)
         0          0          0          0          4          0   (incl. Padding)

    ----------------------------------------------------------------------

      Code (inc. data)   RO Data    RW Data    ZI Data      Debug   Library Member Name

         6          0          0          0          0        152   heapauxi.o

    ----------------------------------------------------------------------
         8          0          0          0          0        152   Library Totals
         2          0          0          0          0          0   (incl. Padding)

    ----------------------------------------------------------------------

      Code (inc. data)   RO Data    RW Data    ZI Data      Debug   Library Name

         6          0          0          0          0        152   c_w.l

    ----------------------------------------------------------------------
         8          0          0          0          0        152   Library Totals

    ----------------------------------------------------------------------

==============================================================================


      Code (inc. data)   RO Data    RW Data    ZI Data      Debug   

      1052         92        620          4        516      11934   Grand Totals
      1052         92        620          4        516      11934   ELF Image Totals
      1052         92        620          4          0          0   ROM Totals

==============================================================================

    Total RO  Size (Code + RO Data)                 1672 (   1.63kB)
    Total RW  Size (RW Data + ZI Data)               520 (   0.51kB)
    Total ROM Size (Code + RO Data + RW Data)       1676 (   1.64kB)

==============================================================================

