ARM Linker, 5.03 [Build 76] [MDK-ARM Lite]

==============================================================================

Section Cross References

    startup.o(STACK) refers (Special) to heapauxi.o(.text) for __use_two_region_memory
    startup.o(HEAP) refers (Special) to heapauxi.o(.text) for __use_two_region_memory
    startup.o(RESET) refers (Special) to heapauxi.o(.text) for __use_two_region_memory
    startup.o(RESET) refers to startup.o(STACK) for StackMem
    startup.o(RESET) refers to main.o(i.__main) for __main
    startup.o(.text) refers (Special) to heapauxi.o(.text) for __use_two_region_memory
    startup.o(.text) refers to startup.o(HEAP) for HeapMem
    startup.o(.text) refers to startup.o(STACK) for StackMem
    lcd_driver.o(i.LCD_DisplayString) refers to lcd_driver.o(i.LCD_WriteData) for LCD_WriteData
    lcd_driver.o(i.LCD_WriteCommand) refers to systick.o(i.sysTickWait1Ms) for sysTickWait1Ms
    lcd_driver.o(i.LCD_WriteData) refers to systick.o(i.sysTickWait1Ms) for sysTickWait1Ms
    lcd_driver.o(i.Lcd_init) refers to lcd_driver.o(i.LCD_WriteCommand) for LCD_WriteCommand
    lcd_driver.o(i.Lcd_init) refers to systick.o(i.sysTickWait1Ms) for sysTickWait1Ms
    main.o(i.__main) refers to dio_driver.o(i.Portf_Init_input_Output) for Portf_Init_input_Output
    main.o(i.__main) refers to dio_driver.o(i.Portb_Init_output) for Portb_Init_output
    main.o(i.__main) refers to dio_driver.o(i.porta_init_output) for porta_init_output
    main.o(i.__main) refers to systick.o(i.sysTickInit) for sysTickInit
    main.o(i.__main) refers to lcd_driver.o(i.Lcd_init) for Lcd_init
    main.o(i.__main) refers to uart1.o(i.UART_Init) for UART_Init
    main.o(i.__main) refers to uart1.o(i.UART0_Init) for UART0_Init
    main.o(i.__main) refers to uart1.o(i.SendData_UART0) for SendData_UART0
    main.o(i.__main) refers to lcd_driver.o(i.LCD_WriteData) for LCD_WriteData
    main.o(i.__main) refers to strtold.o(i.strtold) for strtold
    main.o(i.__main) refers to main.o(.data) for ptr
    main.o(i.is_distance_greater_or_equal_to_100) refers to dio_driver.o(i.Portf_output) for Portf_output
    systick.o(i.sysTickWait1Ms) refers to systick.o(i.sysTickWait) for sysTickWait
    uart1.o(i.ReadData) refers to lcd_driver.o(i.LCD_WriteData) for LCD_WriteData
    uart1.o(i.ReadData_UART0) refers to lcd_driver.o(i.LCD_WriteData) for LCD_WriteData
    uart1.o(i.ReadData_UART0) refers to uart1.o(i.SendData_UART0) for SendData_UART0
    uart1.o(i.sendString_Uart0) refers to uart1.o(i.SendData_UART0) for SendData_UART0
    strtold.o(i.__softfp_strtold) refers (Special) to usenofp.o(x$fpl$usenofp) for __I$use$fp
    strtold.o(i.__softfp_strtold) refers to strtod.o(.text) for __strtod_int
    strtold.o(i.strtold) refers (Special) to usenofp.o(x$fpl$usenofp) for __I$use$fp
    strtold.o(i.strtold) refers to strtod.o(.text) for __strtod_int
    strtod.o(.text) refers (Special) to lc_numeric_c.o(locale$$code) for _get_lc_numeric
    strtod.o(.text) refers to scanf1.o(x$fpl$scanf1) for _scanf_real
    strtod.o(.text) refers to _sgetc.o(.text) for _sgetc
    strtod.o(.text) refers to isspace.o(.text) for isspace
    isspace.o(.text) refers to rt_ctype_table.o(.text) for __rt_ctype_table
    lc_numeric_c.o(locale$$data) refers (Special) to libinit2.o(.ARM.Collect$$libinit$$00000015) for __rt_lib_init_lc_numeric_2
    lc_numeric_c.o(locale$$code) refers (Special) to libinit2.o(.ARM.Collect$$libinit$$00000015) for __rt_lib_init_lc_numeric_2
    lc_numeric_c.o(locale$$code) refers to strcmpv7m.o(.text) for strcmp
    lc_numeric_c.o(locale$$code) refers to lc_numeric_c.o(locale$$data) for __lcnum_c_name
    scanf1.o(x$fpl$scanf1) refers to scanf_fp.o(.text) for _scanf_really_real
    rt_ctype_table.o(.text) refers to rt_locale.o(.text) for __rt_locale
    rt_ctype_table.o(.text) refers to lc_ctype_c.o(locale$$code) for _get_lc_ctype
    scanf_fp.o(.text) refers (Special) to usenofp.o(x$fpl$usenofp) for __I$use$fp
    scanf_fp.o(.text) refers (Special) to lc_numeric_c.o(locale$$code) for _get_lc_numeric
    scanf_fp.o(.text) refers to rt_errno_addr.o(.text) for __aeabi_errno_addr
    scanf_fp.o(.text) refers to bigflt0.o(.text) for _btod_etento
    scanf_fp.o(.text) refers to btod.o(CL$$btod_emuld) for _btod_emuld
    scanf_fp.o(.text) refers to btod.o(CL$$btod_edivd) for _btod_edivd
    scanf_fp.o(.text) refers to rt_locale.o(.text) for __rt_locale
    scanf_fp.o(.text) refers to scanf2.o(x$fpl$scanf2) for _scanf_infnan
    scanf_fp.o(.text) refers to scanf_fp.o(i._is_digit) for _is_digit
    scanf_fp.o(.text) refers to narrow.o(i.__mathlib_narrow) for __mathlib_narrow
    scanf_fp.o(.text) refers to fpconst.o(c$$dinf) for __huge_val
    libinit2.o(.ARM.Collect$$libinit$$0000000D) refers (Weak) to rt_locale.o(.text) for __rt_locale
    libinit2.o(.ARM.Collect$$libinit$$0000000E) refers to libinit2.o(.ARM.Collect$$libinit$$0000000D) for .ARM.Collect$$libinit$$0000000D
    libinit2.o(.ARM.Collect$$libinit$$00000010) refers to libinit2.o(.ARM.Collect$$libinit$$0000000D) for .ARM.Collect$$libinit$$0000000D
    libinit2.o(.ARM.Collect$$libinit$$00000010) refers (Weak) to lc_ctype_c.o(locale$$code) for _get_lc_ctype
    libinit2.o(.ARM.Collect$$libinit$$00000012) refers to libinit2.o(.ARM.Collect$$libinit$$0000000D) for .ARM.Collect$$libinit$$0000000D
    libinit2.o(.ARM.Collect$$libinit$$00000014) refers to libinit2.o(.ARM.Collect$$libinit$$0000000D) for .ARM.Collect$$libinit$$0000000D
    libinit2.o(.ARM.Collect$$libinit$$00000014) refers (Weak) to lc_numeric_c.o(locale$$code) for _get_lc_numeric
    libinit2.o(.ARM.Collect$$libinit$$00000016) refers to libinit2.o(.ARM.Collect$$libinit$$0000000D) for .ARM.Collect$$libinit$$0000000D
    libinit2.o(.ARM.Collect$$libinit$$00000024) refers to argv_veneer.o(.emb_text) for __ARM_argv_veneer
    libinit2.o(.ARM.Collect$$libinit$$00000025) refers to argv_veneer.o(.emb_text) for __ARM_argv_veneer
    rt_locale.o(.text) refers to rt_locale.o(.bss) for __rt_locale_data
    rt_locale_intlibspace.o(.text) refers to libspace.o(.bss) for __libspace_start
    rt_errno_addr.o(.text) refers to rt_errno_addr.o(.bss) for __aeabi_errno_addr_data
    rt_errno_addr_intlibspace.o(.text) refers to libspace.o(.bss) for __libspace_start
    bigflt0.o(.text) refers (Special) to usenofp.o(x$fpl$usenofp) for __I$use$fp
    bigflt0.o(.text) refers to btod.o(CL$$btod_emul) for _btod_emul
    bigflt0.o(.text) refers to btod.o(CL$$btod_ediv) for _btod_ediv
    bigflt0.o(.text) refers to bigflt0.o(.constdata) for .constdata
    bigflt0.o(.constdata) refers (Special) to usenofp.o(x$fpl$usenofp) for __I$use$fp
    btod.o(CL$$btod_d2e) refers (Special) to usenofp.o(x$fpl$usenofp) for __I$use$fp
    btod.o(CL$$btod_d2e) refers to btod.o(CL$$btod_d2e_norm_op1) for _d2e_norm_op1
    btod.o(CL$$btod_d2e_norm_op1) refers (Special) to usenofp.o(x$fpl$usenofp) for __I$use$fp
    btod.o(CL$$btod_d2e_norm_op1) refers to btod.o(CL$$btod_d2e_denorm_low) for _d2e_denorm_low
    btod.o(CL$$btod_d2e_denorm_low) refers (Special) to usenofp.o(x$fpl$usenofp) for __I$use$fp
    btod.o(CL$$btod_emul) refers (Special) to usenofp.o(x$fpl$usenofp) for __I$use$fp
    btod.o(CL$$btod_emul) refers to btod.o(CL$$btod_mult_common) for __btod_mult_common
    btod.o(CL$$btod_emul) refers to btod.o(CL$$btod_e2e) for _e2e
    btod.o(CL$$btod_ediv) refers (Special) to usenofp.o(x$fpl$usenofp) for __I$use$fp
    btod.o(CL$$btod_ediv) refers to btod.o(CL$$btod_div_common) for __btod_div_common
    btod.o(CL$$btod_ediv) refers to btod.o(CL$$btod_e2e) for _e2e
    btod.o(CL$$btod_emuld) refers (Special) to usenofp.o(x$fpl$usenofp) for __I$use$fp
    btod.o(CL$$btod_emuld) refers to btod.o(CL$$btod_mult_common) for __btod_mult_common
    btod.o(CL$$btod_emuld) refers to btod.o(CL$$btod_e2d) for _e2d
    btod.o(CL$$btod_edivd) refers (Special) to usenofp.o(x$fpl$usenofp) for __I$use$fp
    btod.o(CL$$btod_edivd) refers to btod.o(CL$$btod_div_common) for __btod_div_common
    btod.o(CL$$btod_edivd) refers to btod.o(CL$$btod_e2d) for _e2d
    btod.o(CL$$btod_e2e) refers (Special) to usenofp.o(x$fpl$usenofp) for __I$use$fp
    btod.o(CL$$btod_e2d) refers (Special) to usenofp.o(x$fpl$usenofp) for __I$use$fp
    btod.o(CL$$btod_e2d) refers to btod.o(CL$$btod_e2e) for _e2e
    btod.o(CL$$btod_mult_common) refers (Special) to usenofp.o(x$fpl$usenofp) for __I$use$fp
    btod.o(CL$$btod_div_common) refers (Special) to usenofp.o(x$fpl$usenofp) for __I$use$fp
    lc_ctype_c.o(locale$$data) refers (Special) to libinit2.o(.ARM.Collect$$libinit$$00000011) for __rt_lib_init_lc_ctype_2
    lc_ctype_c.o(locale$$code) refers (Special) to libinit2.o(.ARM.Collect$$libinit$$00000011) for __rt_lib_init_lc_ctype_2
    lc_ctype_c.o(locale$$code) refers to strcmpv7m.o(.text) for strcmp
    lc_ctype_c.o(locale$$code) refers to lc_ctype_c.o(locale$$data) for __lcctype_c_name
    argv_veneer.o(.emb_text) refers to _get_argv_nomalloc.o(.text) for __ARM_get_argv
    fpconst.o(c$$dinf) refers (Special) to usenofp.o(x$fpl$usenofp) for __I$use$fp
    fpconst.o(c$$dnan) refers (Special) to usenofp.o(x$fpl$usenofp) for __I$use$fp
    fpconst.o(c$$finf) refers (Special) to usenofp.o(x$fpl$usenofp) for __I$use$fp
    istatus.o(x$fpl$ieeestatus) refers (Special) to usenofp.o(x$fpl$usenofp) for __I$use$fp
    scanf2.o(x$fpl$scanf2) refers to scanf_hexfp.o(.text) for _scanf_really_hex_real
    scanf2.o(x$fpl$scanf2) refers to scanf_infnan.o(.text) for _scanf_really_infnan
    scanf2b.o(x$fpl$scanf2) refers to scanf_hexfp.o(.text) for _scanf_really_hex_real
    scanf2b.o(x$fpl$scanf2) refers to scanf_infnan.o(.text) for _scanf_really_infnan
    narrow.o(i.__mathlib_narrow) refers (Special) to usenofp.o(x$fpl$usenofp) for __I$use$fp
    narrow.o(i.__mathlib_narrow) refers to narrow.o(i.__mathlib_tofloat) for __mathlib_tofloat
    narrow.o(i.__mathlib_tofloat) refers (Special) to usenofp.o(x$fpl$usenofp) for __I$use$fp
    narrow.o(i.__mathlib_tofloat) refers to frexp.o(i.frexp) for frexp
    narrow.o(i.__mathlib_tofloat) refers to deqf.o(x$fpl$deqf) for __aeabi_cdcmpeq
    narrow.o(i.__mathlib_tofloat) refers to d2f.o(x$fpl$d2f) for __aeabi_d2f
    narrow.o(i.__mathlib_tofloat) refers to _rserrno.o(.text) for __set_errno
    narrow.o(i.__mathlib_tofloat) refers to drleqf.o(x$fpl$drleqf) for __aeabi_cdrcmple
    narrow.o(i.__softfp___mathlib_tofloat) refers (Special) to usenofp.o(x$fpl$usenofp) for __I$use$fp
    narrow.o(i.__softfp___mathlib_tofloat) refers to narrow.o(i.__mathlib_tofloat) for __mathlib_tofloat
    libspace.o(.text) refers to libspace.o(.bss) for __libspace_start
    _rserrno.o(.text) refers to rt_errno_addr.o(.text) for __aeabi_errno_addr
    scanf_hexfp.o(.text) refers to _chval.o(.text) for _chval
    scanf_hexfp.o(.text) refers to llshl.o(.text) for __aeabi_llsl
    scanf_hexfp.o(.text) refers to ldexp.o(i.__support_ldexp) for __support_ldexp
    scanf_hexfp.o(.text) refers to narrow.o(i.__mathlib_narrow) for __mathlib_narrow
    _get_argv_nomalloc.o(.text) refers (Special) to hrguard.o(.text) for __heap_region$guard
    _get_argv_nomalloc.o(.text) refers to defsig_rtmem_outer.o(.text) for __rt_SIGRTMEM
    _get_argv_nomalloc.o(.text) refers to sys_command.o(.text) for _sys_command_string
    d2f.o(x$fpl$d2f) refers (Special) to usenofp.o(x$fpl$usenofp) for __I$use$fp
    d2f.o(x$fpl$d2f) refers to fretinf.o(x$fpl$fretinf) for __fpl_fretinf
    d2f.o(x$fpl$d2f) refers to dnaninf.o(x$fpl$dnaninf) for __fpl_dnaninf
    deqf.o(x$fpl$deqf) refers (Special) to usenofp.o(x$fpl$usenofp) for __I$use$fp
    deqf.o(x$fpl$deqf) refers to dnaninf.o(x$fpl$dnaninf) for __fpl_dnaninf
    deqf.o(x$fpl$deqf) refers to dcmpi.o(x$fpl$dcmpinf) for __fpl_dcmp_Inf
    drleqf.o(x$fpl$drleqf) refers (Special) to usenofp.o(x$fpl$usenofp) for __I$use$fp
    drleqf.o(x$fpl$drleqf) refers to dleqf.o(x$fpl$dleqf) for __fpl_dcmple_InfNaN
    frexp.o(i.__softfp_frexp) refers (Special) to usenofp.o(x$fpl$usenofp) for __I$use$fp
    frexp.o(i.__softfp_frexp) refers to scalbn.o(x$fpl$scalbn) for __ARM_scalbn
    frexp.o(i.frexp) refers (Special) to usenofp.o(x$fpl$usenofp) for __I$use$fp
    frexp.o(i.frexp) refers to scalbn.o(x$fpl$scalbn) for __ARM_scalbn
    sys_command.o(.text) refers (Special) to use_no_semi.o(.text) for __I$use$semihosting
    sys_command.o(.text) refers (Special) to indicate_semi.o(.text) for __semihosting_library_function
    defsig_rtmem_outer.o(.text) refers to defsig_rtmem_inner.o(.text) for __rt_SIGRTMEM_inner
    defsig_rtmem_outer.o(.text) refers to defsig_exit.o(.text) for __sig_exit
    defsig_rtmem_formal.o(.text) refers to rt_raise.o(.text) for __rt_raise
    dcmpi.o(x$fpl$dcmpinf) refers (Special) to usenofp.o(x$fpl$usenofp) for __I$use$fp
    dleqf.o(x$fpl$dleqf) refers (Special) to usenofp.o(x$fpl$usenofp) for __I$use$fp
    dleqf.o(x$fpl$dleqf) refers to dnaninf.o(x$fpl$dnaninf) for __fpl_dnaninf
    dleqf.o(x$fpl$dleqf) refers to dcmpi.o(x$fpl$dcmpinf) for __fpl_dcmp_Inf
    dnaninf.o(x$fpl$dnaninf) refers (Special) to usenofp.o(x$fpl$usenofp) for __I$use$fp
    fretinf.o(x$fpl$fretinf) refers (Special) to usenofp.o(x$fpl$usenofp) for __I$use$fp
    scalbn.o(x$fpl$scalbn) refers (Special) to usenofp.o(x$fpl$usenofp) for __I$use$fp
    scalbn.o(x$fpl$scalbn) refers to dcheck1.o(x$fpl$dcheck1) for __fpl_dcheck_NaN1
    ldexp.o(i.__softfp_ldexp) refers (Special) to usenofp.o(x$fpl$usenofp) for __I$use$fp
    ldexp.o(i.__softfp_ldexp) refers to ldexp.o(i.ldexp) for ldexp
    ldexp.o(i.__support_ldexp) refers (Special) to usenofp.o(x$fpl$usenofp) for __I$use$fp
    ldexp.o(i.__support_ldexp) refers to ldexp.o(i.ldexp) for ldexp
    ldexp.o(i.ldexp) refers (Special) to usenofp.o(x$fpl$usenofp) for __I$use$fp
    ldexp.o(i.ldexp) refers to deqf.o(x$fpl$deqf) for __aeabi_cdcmpeq
    ldexp.o(i.ldexp) refers to scalbn.o(x$fpl$scalbn) for __ARM_scalbn
    ldexp.o(i.ldexp) refers to _rserrno.o(.text) for __set_errno
    ldexp.o(i.ldexp) refers to dunder.o(i.__mathlib_dbl_underflow) for __mathlib_dbl_underflow
    ldexp_x.o(i.____softfp_ldexp$lsc) refers (Special) to usenofp.o(x$fpl$usenofp) for __I$use$fp
    ldexp_x.o(i.____softfp_ldexp$lsc) refers to ldexp_x.o(i.__ldexp$lsc) for __ldexp$lsc
    ldexp_x.o(i.____support_ldexp$lsc) refers (Special) to usenofp.o(x$fpl$usenofp) for __I$use$fp
    ldexp_x.o(i.____support_ldexp$lsc) refers to ldexp_x.o(i.__ldexp$lsc) for __ldexp$lsc
    ldexp_x.o(i.__ldexp$lsc) refers (Special) to usenofp.o(x$fpl$usenofp) for __I$use$fp
    ldexp_x.o(i.__ldexp$lsc) refers to deqf.o(x$fpl$deqf) for __aeabi_cdcmpeq
    ldexp_x.o(i.__ldexp$lsc) refers to scalbn.o(x$fpl$scalbn) for __ARM_scalbn
    ldexp_x.o(i.__ldexp$lsc) refers to _rserrno.o(.text) for __set_errno
    ldexp_x.o(i.__ldexp$lsc) refers to qnan.o(.constdata) for __mathlib_zero
    rt_raise.o(.text) refers to __raise.o(.text) for __raise
    rt_raise.o(.text) refers to sys_exit.o(.text) for _sys_exit
    defsig_exit.o(.text) refers to sys_exit.o(.text) for _sys_exit
    defsig_rtmem_inner.o(.text) refers to defsig_general.o(.text) for __default_signal_display
    dcheck1.o(x$fpl$dcheck1) refers (Special) to usenofp.o(x$fpl$usenofp) for __I$use$fp
    dcheck1.o(x$fpl$dcheck1) refers to retnan.o(x$fpl$retnan) for __fpl_return_NaN
    dunder.o(i.__mathlib_dbl_underflow) refers to scalbn.o(x$fpl$scalbn) for __ARM_scalbn
    qnan.o(.constdata) refers (Special) to usenofp.o(x$fpl$usenofp) for __I$use$fp
    sys_exit.o(.text) refers (Special) to use_no_semi.o(.text) for __I$use$semihosting
    sys_exit.o(.text) refers (Special) to indicate_semi.o(.text) for __semihosting_library_function
    __raise.o(.text) refers to defsig.o(CL$$defsig) for __default_signal_handler
    defsig_general.o(.text) refers to sys_wrch.o(.text) for _ttywrch
    retnan.o(x$fpl$retnan) refers (Special) to usenofp.o(x$fpl$usenofp) for __I$use$fp
    retnan.o(x$fpl$retnan) refers to trapv.o(x$fpl$trapveneer) for __fpl_cmpreturn
    sys_wrch.o(.text) refers (Special) to use_no_semi.o(.text) for __I$use$semihosting
    sys_wrch.o(.text) refers (Special) to indicate_semi.o(.text) for __semihosting_library_function
    defsig.o(CL$$defsig) refers to defsig_rtmem_inner.o(.text) for __rt_SIGRTMEM_inner
    trapv.o(x$fpl$trapveneer) refers (Special) to usenofp.o(x$fpl$usenofp) for __I$use$fp
    defsig_abrt_inner.o(.text) refers to defsig_general.o(.text) for __default_signal_display
    defsig_fpe_inner.o(.text) refers to defsig_general.o(.text) for __default_signal_display
    defsig_rtred_inner.o(.text) refers to defsig_general.o(.text) for __default_signal_display
    defsig_stak_inner.o(.text) refers to defsig_general.o(.text) for __default_signal_display
    defsig_pvfn_inner.o(.text) refers to defsig_general.o(.text) for __default_signal_display
    defsig_cppl_inner.o(.text) refers to defsig_general.o(.text) for __default_signal_display
    defsig_segv_inner.o(.text) refers to defsig_general.o(.text) for __default_signal_display
    defsig_other.o(.text) refers to defsig_general.o(.text) for __default_signal_display
    scanf_fp.o(i._is_digit) refers (Special) to usenofp.o(x$fpl$usenofp) for __I$use$fp
    scanf_fp.o(i._is_digit) refers (Special) to lc_numeric_c.o(locale$$code) for _get_lc_numeric


==============================================================================

Removing Unused input sections from the image.

    Removing startup.o(HEAP), (0 bytes).
    Removing startup.o(.text), (48 bytes).
    Removing dio_driver.o(i.Porta_output), (12 bytes).
    Removing dio_driver.o(i.Portb_output), (12 bytes).
    Removing dio_driver.o(i.Portf_input), (16 bytes).
    Removing dio_driver.o(i.Portf_output), (12 bytes).
    Removing lcd_driver.o(i.LCD_DisplayString), (26 bytes).
    Removing main.o(i.is_distance_greater_or_equal_to_100), (16 bytes).
    Removing uart1.o(i.ReadData), (36 bytes).
    Removing uart1.o(i.ReadData_UART0), (44 bytes).
    Removing uart1.o(i.sendString_Uart0), (22 bytes).

11 unused section(s) (total 244 bytes) removed from the image.

==============================================================================

Image Symbol Table

    Local Symbols

    Symbol Name                              Value     Ov Type        Size  Object(Section)

    RESET                                    0x00000000   Section      644  startup.o(RESET)
    ../clib/angel/rt.s                       0x00000000   Number         0  rt_locale_intlibspace.o ABSOLUTE
    ../clib/angel/rt.s                       0x00000000   Number         0  rt_locale.o ABSOLUTE
    ../clib/angel/rt.s                       0x00000000   Number         0  rt_errno_addr.o ABSOLUTE
    ../clib/angel/rt.s                       0x00000000   Number         0  rt_raise.o ABSOLUTE
    ../clib/angel/rt.s                       0x00000000   Number         0  rt_errno_addr_intlibspace.o ABSOLUTE
    ../clib/angel/rt.s                       0x00000000   Number         0  rt_ctype_table.o ABSOLUTE
    ../clib/angel/sys.s                      0x00000000   Number         0  indicate_semi.o ABSOLUTE
    ../clib/angel/sys.s                      0x00000000   Number         0  use_no_semi.o ABSOLUTE
    ../clib/angel/sys.s                      0x00000000   Number         0  libspace.o ABSOLUTE
    ../clib/angel/sysapp.c                   0x00000000   Number         0  sys_exit.o ABSOLUTE
    ../clib/angel/sysapp.c                   0x00000000   Number         0  sys_command.o ABSOLUTE
    ../clib/angel/sysapp.c                   0x00000000   Number         0  sys_wrch.o ABSOLUTE
    ../clib/armsys.c                         0x00000000   Number         0  argv_veneer.o ABSOLUTE
    ../clib/armsys.c                         0x00000000   Number         0  _get_argv_nomalloc.o ABSOLUTE
    ../clib/armsys.c                         0x00000000   Number         0  no_argv.o ABSOLUTE
    ../clib/armsys.c                         0x00000000   Number         0  argv_veneer.o ABSOLUTE
    ../clib/bigflt.c                         0x00000000   Number         0  bigflt0.o ABSOLUTE
    ../clib/btod.s                           0x00000000   Number         0  btod.o ABSOLUTE
    ../clib/ctype.c                          0x00000000   Number         0  isspace.o ABSOLUTE
    ../clib/fenv.c                           0x00000000   Number         0  _rserrno.o ABSOLUTE
    ../clib/heapalloc.c                      0x00000000   Number         0  hrguard.o ABSOLUTE
    ../clib/heapaux.c                        0x00000000   Number         0  heapauxi.o ABSOLUTE
    ../clib/libinit.s                        0x00000000   Number         0  libinit2.o ABSOLUTE
    ../clib/locale.s                         0x00000000   Number         0  lc_numeric_c.o ABSOLUTE
    ../clib/locale.s                         0x00000000   Number         0  lc_ctype_c.o ABSOLUTE
    ../clib/longlong.s                       0x00000000   Number         0  llshl.o ABSOLUTE
    ../clib/memcpset.s                       0x00000000   Number         0  strcmpv7m.o ABSOLUTE
    ../clib/scanf.c                          0x00000000   Number         0  scanf_infnan.o ABSOLUTE
    ../clib/scanf.c                          0x00000000   Number         0  scanf_hexfp.o ABSOLUTE
    ../clib/scanf.c                          0x00000000   Number         0  _chval.o ABSOLUTE
    ../clib/scanf.c                          0x00000000   Number         0  strtod.o ABSOLUTE
    ../clib/scanf.c                          0x00000000   Number         0  _sgetc.o ABSOLUTE
    ../clib/scanf.c                          0x00000000   Number         0  scanf_fp.o ABSOLUTE
    ../clib/signal.c                         0x00000000   Number         0  defsig_general.o ABSOLUTE
    ../clib/signal.c                         0x00000000   Number         0  defsig_abrt_inner.o ABSOLUTE
    ../clib/signal.c                         0x00000000   Number         0  defsig_fpe_inner.o ABSOLUTE
    ../clib/signal.c                         0x00000000   Number         0  defsig_rtred_inner.o ABSOLUTE
    ../clib/signal.c                         0x00000000   Number         0  defsig_stak_inner.o ABSOLUTE
    ../clib/signal.c                         0x00000000   Number         0  defsig_pvfn_inner.o ABSOLUTE
    ../clib/signal.c                         0x00000000   Number         0  defsig_cppl_inner.o ABSOLUTE
    ../clib/signal.c                         0x00000000   Number         0  defsig_segv_inner.o ABSOLUTE
    ../clib/signal.c                         0x00000000   Number         0  defsig_other.o ABSOLUTE
    ../clib/signal.c                         0x00000000   Number         0  defsig_rtmem_outer.o ABSOLUTE
    ../clib/signal.c                         0x00000000   Number         0  defsig_rtmem_formal.o ABSOLUTE
    ../clib/signal.c                         0x00000000   Number         0  defsig_exit.o ABSOLUTE
    ../clib/signal.c                         0x00000000   Number         0  defsig_rtmem_inner.o ABSOLUTE
    ../clib/signal.c                         0x00000000   Number         0  __raise.o ABSOLUTE
    ../clib/signal.s                         0x00000000   Number         0  defsig.o ABSOLUTE
    ../fplib/d2f.s                           0x00000000   Number         0  d2f.o ABSOLUTE
    ../fplib/dcheck1.s                       0x00000000   Number         0  dcheck1.o ABSOLUTE
    ../fplib/dcmpi.s                         0x00000000   Number         0  dcmpi.o ABSOLUTE
    ../fplib/deqf.s                          0x00000000   Number         0  deqf.o ABSOLUTE
    ../fplib/dleqf.s                         0x00000000   Number         0  dleqf.o ABSOLUTE
    ../fplib/dnaninf.s                       0x00000000   Number         0  dnaninf.o ABSOLUTE
    ../fplib/drleqf.s                        0x00000000   Number         0  drleqf.o ABSOLUTE
    ../fplib/fpconst.s                       0x00000000   Number         0  fpconst.o ABSOLUTE
    ../fplib/fpinit.s                        0x00000000   Number         0  fpinit.o ABSOLUTE
    ../fplib/fretinf.s                       0x00000000   Number         0  fretinf.o ABSOLUTE
    ../fplib/istatus.s                       0x00000000   Number         0  istatus.o ABSOLUTE
    ../fplib/retnan.s                        0x00000000   Number         0  retnan.o ABSOLUTE
    ../fplib/scalbn.s                        0x00000000   Number         0  scalbn.o ABSOLUTE
    ../fplib/scanf1.s                        0x00000000   Number         0  scanf1.o ABSOLUTE
    ../fplib/scanf2.s                        0x00000000   Number         0  scanf2.o ABSOLUTE
    ../fplib/scanf2a.s                       0x00000000   Number         0  scanf2a.o ABSOLUTE
    ../fplib/scanf2b.s                       0x00000000   Number         0  scanf2b.o ABSOLUTE
    ../fplib/trapv.s                         0x00000000   Number         0  trapv.o ABSOLUTE
    ../fplib/usenofp.s                       0x00000000   Number         0  usenofp.o ABSOLUTE
    ../mathlib/dunder.c                      0x00000000   Number         0  dunder.o ABSOLUTE
    ../mathlib/frexp.c                       0x00000000   Number         0  frexp.o ABSOLUTE
    ../mathlib/ldexp.c                       0x00000000   Number         0  ldexp_x.o ABSOLUTE
    ../mathlib/ldexp.c                       0x00000000   Number         0  ldexp.o ABSOLUTE
    ../mathlib/narrow.c                      0x00000000   Number         0  narrow.o ABSOLUTE
    ../mathlib/qnan.c                        0x00000000   Number         0  qnan.o ABSOLUTE
    ../mathlib/strtold.c                     0x00000000   Number         0  strtold.o ABSOLUTE
    DIO_DRIVER.c                             0x00000000   Number         0  dio_driver.o ABSOLUTE
    LCD_DRIVER.c                             0x00000000   Number         0  lcd_driver.o ABSOLUTE
    UART1.c                                  0x00000000   Number         0  uart1.o ABSOLUTE
    dc.s                                     0x00000000   Number         0  dc.o ABSOLUTE
    main.c                                   0x00000000   Number         0  main.o ABSOLUTE
    startup.s                                0x00000000   Number         0  startup.o ABSOLUTE
    sysTick.c                                0x00000000   Number         0  systick.o ABSOLUTE
    .ARM.Collect$$libinit$$00000011          0x00000284   Section        0  libinit2.o(.ARM.Collect$$libinit$$00000011)
    .ARM.Collect$$libinit$$00000015          0x00000284   Section        0  libinit2.o(.ARM.Collect$$libinit$$00000015)
    .text                                    0x00000284   Section        0  heapauxi.o(.text)
    .text                                    0x0000028c   Section        0  strtod.o(.text)
    _local_sscanf                            0x0000028d   Thumb Code    60  strtod.o(.text)
    .text                                    0x0000032c   Section        0  isspace.o(.text)
    .text                                    0x0000033e   Section        0  _sgetc.o(.text)
    .text                                    0x00000380   Section       16  rt_ctype_table.o(.text)
    .text                                    0x00000390   Section        0  scanf_fp.o(.text)
    _fp_value                                0x00000391   Thumb Code   504  scanf_fp.o(.text)
    .text                                    0x00000834   Section      128  strcmpv7m.o(.text)
    .text                                    0x000008b4   Section        8  rt_locale.o(.text)
    .text                                    0x000008bc   Section        8  rt_errno_addr.o(.text)
    .text                                    0x000008c4   Section        0  bigflt0.o(.text)
    .text                                    0x000009a8   Section        0  _rserrno.o(.text)
    .text                                    0x000009c0   Section        0  scanf_hexfp.o(.text)
    .text                                    0x00000cd4   Section        0  scanf_infnan.o(.text)
    .text                                    0x00000e10   Section       38  llshl.o(.text)
    .text                                    0x00000e36   Section        0  _chval.o(.text)
    CL$$btod_div_common                      0x00000e52   Section      824  btod.o(CL$$btod_div_common)
    CL$$btod_e2d                             0x0000118c   Section       84  btod.o(CL$$btod_e2d)
    CL$$btod_e2e                             0x000011e0   Section      198  btod.o(CL$$btod_e2e)
    CL$$btod_ediv                            0x000012a6   Section       40  btod.o(CL$$btod_ediv)
    CL$$btod_edivd                           0x000012ce   Section       40  btod.o(CL$$btod_edivd)
    CL$$btod_emul                            0x000012f6   Section       40  btod.o(CL$$btod_emul)
    CL$$btod_emuld                           0x0000131e   Section       40  btod.o(CL$$btod_emuld)
    CL$$btod_mult_common                     0x00001346   Section      580  btod.o(CL$$btod_mult_common)
    i.LCD_WriteCommand                       0x0000158c   Section        0  lcd_driver.o(i.LCD_WriteCommand)
    i.LCD_WriteData                          0x000015e0   Section        0  lcd_driver.o(i.LCD_WriteData)
    i.Lcd_init                               0x00001640   Section        0  lcd_driver.o(i.Lcd_init)
    i.Portb_Init_output                      0x00001674   Section        0  dio_driver.o(i.Portb_Init_output)
    i.Portf_Init_input_Output                0x000016e0   Section        0  dio_driver.o(i.Portf_Init_input_Output)
    i.SendData_UART0                         0x0000174c   Section        0  uart1.o(i.SendData_UART0)
    i.UART0_Init                             0x00001764   Section        0  uart1.o(i.UART0_Init)
    i.UART_Init                              0x000017f4   Section        0  uart1.o(i.UART_Init)
    i.__main                                 0x00001880   Section        0  main.o(i.__main)
    i.__mathlib_dbl_underflow                0x000018f8   Section        0  dunder.o(i.__mathlib_dbl_underflow)
    i.__mathlib_narrow                       0x00001908   Section        0  narrow.o(i.__mathlib_narrow)
    i.__mathlib_tofloat                      0x00001918   Section        0  narrow.o(i.__mathlib_tofloat)
    i.__support_ldexp                        0x000019a0   Section        0  ldexp.o(i.__support_ldexp)
    i._is_digit                              0x000019b6   Section        0  scanf_fp.o(i._is_digit)
    i.frexp                                  0x000019c4   Section        0  frexp.o(i.frexp)
    i.ldexp                                  0x00001a1c   Section        0  ldexp.o(i.ldexp)
    i.porta_init_output                      0x00001a9c   Section        0  dio_driver.o(i.porta_init_output)
    i.strtold                                0x00001b10   Section        0  strtold.o(i.strtold)
    i.sysTickInit                            0x00001b2c   Section        0  systick.o(i.sysTickInit)
    i.sysTickWait                            0x00001b3c   Section        0  systick.o(i.sysTickWait)
    i.sysTickWait1Ms                         0x00001b54   Section        0  systick.o(i.sysTickWait1Ms)
    locale$$code                             0x00001b6c   Section       44  lc_numeric_c.o(locale$$code)
    locale$$code                             0x00001b98   Section       44  lc_ctype_c.o(locale$$code)
    x$fpl$d2f                                0x00001bc4   Section       98  d2f.o(x$fpl$d2f)
    x$fpl$dcheck1                            0x00001c28   Section       16  dcheck1.o(x$fpl$dcheck1)
    x$fpl$dcmpinf                            0x00001c38   Section       24  dcmpi.o(x$fpl$dcmpinf)
    x$fpl$deqf                               0x00001c50   Section      120  deqf.o(x$fpl$deqf)
    x$fpl$dleqf                              0x00001cc8   Section      120  dleqf.o(x$fpl$dleqf)
    x$fpl$dnaninf                            0x00001d40   Section      156  dnaninf.o(x$fpl$dnaninf)
    x$fpl$drleqf                             0x00001ddc   Section      108  drleqf.o(x$fpl$drleqf)
    x$fpl$fretinf                            0x00001e48   Section       10  fretinf.o(x$fpl$fretinf)
    x$fpl$retnan                             0x00001e52   Section      100  retnan.o(x$fpl$retnan)
    x$fpl$scalbn                             0x00001eb6   Section       92  scalbn.o(x$fpl$scalbn)
    x$fpl$scanf1                             0x00001f12   Section        4  scanf1.o(x$fpl$scanf1)
    x$fpl$scanf2                             0x00001f16   Section        8  scanf2.o(x$fpl$scanf2)
    x$fpl$trapveneer                         0x00001f1e   Section       48  trapv.o(x$fpl$trapveneer)
    x$fpl$usenofp                            0x00001f4e   Section        0  usenofp.o(x$fpl$usenofp)
    .constdata                               0x00001f50   Section      148  bigflt0.o(.constdata)
    tenpwrs_x                                0x00001f50   Data          60  bigflt0.o(.constdata)
    tenpwrs_i                                0x00001f8c   Data          64  bigflt0.o(.constdata)
    c$$dinf                                  0x00001fe4   Section        8  fpconst.o(c$$dinf)
    locale$$data                             0x00001fec   Section       28  lc_numeric_c.o(locale$$data)
    __lcnum_c_name                           0x00001ff0   Data           2  lc_numeric_c.o(locale$$data)
    __lcnum_c_start                          0x00001ff8   Data           0  lc_numeric_c.o(locale$$data)
    __lcnum_c_point                          0x00002004   Data           0  lc_numeric_c.o(locale$$data)
    __lcnum_c_thousands                      0x00002006   Data           0  lc_numeric_c.o(locale$$data)
    __lcnum_c_grouping                       0x00002007   Data           0  lc_numeric_c.o(locale$$data)
    locale$$data                             0x00002008   Section      272  lc_ctype_c.o(locale$$data)
    __lcnum_c_end                            0x00002008   Data           0  lc_numeric_c.o(locale$$data)
    __lcctype_c_name                         0x0000200c   Data           2  lc_ctype_c.o(locale$$data)
    __lcctype_c_start                        0x00002014   Data           0  lc_ctype_c.o(locale$$data)
    __lcctype_c_end                          0x00002118   Data           0  lc_ctype_c.o(locale$$data)
    .data                                    0x20000000   Section       24  main.o(.data)
    .bss                                     0x20000018   Section       20  rt_locale.o(.bss)
    __rt_locale_data                         0x20000018   Data          20  rt_locale.o(.bss)
    .bss                                     0x2000002c   Section        4  rt_errno_addr.o(.bss)
    __aeabi_errno_addr_data                  0x2000002c   Data           4  rt_errno_addr.o(.bss)
    STACK                                    0x20000030   Section     1024  startup.o(STACK)
    StackMem                                 0x20000030   Data           0  startup.o(STACK)

    Global Symbols

    Symbol Name                              Value     Ov Type        Size  Object(Section)

    BuildAttributes$$THM_ISAv4$E$P$D$K$B$S$7EM$PE$A:L22UL41UL21$X:L11$S22US41US21$IEEE1$IW$USESV6$~STKCKD$USESV7$~SHL$OTIME$ROPI$IEEEX$EBA8$STANDARDLIB$REQ8$PRES8$EABIv2 0x00000000   Number         0  anon$$obj.o ABSOLUTE
    __Vectors                                0x00000000   Data           0  startup.o(RESET)
    __ARM_exceptions_init                     - Undefined Weak Reference
    __alloca_initialize                       - Undefined Weak Reference
    __cpp_initialize__aeabi_                  - Undefined Weak Reference
    __sigvec_lookup                           - Undefined Weak Reference
    _atexit_init                              - Undefined Weak Reference
    _clock_init                               - Undefined Weak Reference
    _fp_trap_init                             - Undefined Weak Reference
    _get_lc_collate                           - Undefined Weak Reference
    _get_lc_monetary                          - Undefined Weak Reference
    _get_lc_time                              - Undefined Weak Reference
    _getenv_init                              - Undefined Weak Reference
    _handle_redirection                       - Undefined Weak Reference
    _init_alloc                               - Undefined Weak Reference
    _init_user_alloc                          - Undefined Weak Reference
    _initio                                   - Undefined Weak Reference
    _rand_init                                - Undefined Weak Reference
    _signal_init                              - Undefined Weak Reference
    Reset_Handler                            0x0000026d   Thumb Code     0  startup.o(RESET)
    NMI_Handler                              0x00000271   Thumb Code     2  startup.o(RESET)
    HardFault_Handler                        0x00000273   Thumb Code     2  startup.o(RESET)
    MemManage_Handler                        0x00000275   Thumb Code     2  startup.o(RESET)
    BusFault_Handler                         0x00000277   Thumb Code     2  startup.o(RESET)
    UsageFault_Handler                       0x00000279   Thumb Code     2  startup.o(RESET)
    SVC_Handler                              0x0000027b   Thumb Code     2  startup.o(RESET)
    DebugMon_Handler                         0x0000027d   Thumb Code     2  startup.o(RESET)
    PendSV_Handler                           0x0000027f   Thumb Code     2  startup.o(RESET)
    SysTick_Handler                          0x00000281   Thumb Code     2  startup.o(RESET)
    ADC0Seq0_Handler                         0x00000283   Thumb Code     0  startup.o(RESET)
    ADC0Seq1_Handler                         0x00000283   Thumb Code     0  startup.o(RESET)
    ADC0Seq2_Handler                         0x00000283   Thumb Code     0  startup.o(RESET)
    ADC0Seq3_Handler                         0x00000283   Thumb Code     0  startup.o(RESET)
    ADC1Seq0_Handler                         0x00000283   Thumb Code     0  startup.o(RESET)
    ADC1Seq1_Handler                         0x00000283   Thumb Code     0  startup.o(RESET)
    ADC1Seq2_Handler                         0x00000283   Thumb Code     0  startup.o(RESET)
    ADC1Seq3_Handler                         0x00000283   Thumb Code     0  startup.o(RESET)
    CAN0_Handler                             0x00000283   Thumb Code     0  startup.o(RESET)
    CAN1_Handler                             0x00000283   Thumb Code     0  startup.o(RESET)
    CAN2_Handler                             0x00000283   Thumb Code     0  startup.o(RESET)
    Comp0_Handler                            0x00000283   Thumb Code     0  startup.o(RESET)
    Comp1_Handler                            0x00000283   Thumb Code     0  startup.o(RESET)
    Comp2_Handler                            0x00000283   Thumb Code     0  startup.o(RESET)
    Ethernet_Handler                         0x00000283   Thumb Code     0  startup.o(RESET)
    ExtBus_Handler                           0x00000283   Thumb Code     0  startup.o(RESET)
    FPU_Handler                              0x00000283   Thumb Code     0  startup.o(RESET)
    Fan0_Handler                             0x00000283   Thumb Code     0  startup.o(RESET)
    FlashCtl_Handler                         0x00000283   Thumb Code     0  startup.o(RESET)
    GPIOPortA_Handler                        0x00000283   Thumb Code     0  startup.o(RESET)
    GPIOPortB_Handler                        0x00000283   Thumb Code     0  startup.o(RESET)
    GPIOPortC_Handler                        0x00000283   Thumb Code     0  startup.o(RESET)
    GPIOPortD_Handler                        0x00000283   Thumb Code     0  startup.o(RESET)
    GPIOPortE_Handler                        0x00000283   Thumb Code     0  startup.o(RESET)
    GPIOPortF_Handler                        0x00000283   Thumb Code     0  startup.o(RESET)
    GPIOPortG_Handler                        0x00000283   Thumb Code     0  startup.o(RESET)
    GPIOPortH_Handler                        0x00000283   Thumb Code     0  startup.o(RESET)
    GPIOPortJ_Handler                        0x00000283   Thumb Code     0  startup.o(RESET)
    GPIOPortK_Handler                        0x00000283   Thumb Code     0  startup.o(RESET)
    GPIOPortL_Handler                        0x00000283   Thumb Code     0  startup.o(RESET)
    GPIOPortM_Handler                        0x00000283   Thumb Code     0  startup.o(RESET)
    GPIOPortN_Handler                        0x00000283   Thumb Code     0  startup.o(RESET)
    GPIOPortP1_Handler                       0x00000283   Thumb Code     0  startup.o(RESET)
    GPIOPortP2_Handler                       0x00000283   Thumb Code     0  startup.o(RESET)
    GPIOPortP3_Handler                       0x00000283   Thumb Code     0  startup.o(RESET)
    GPIOPortP4_Handler                       0x00000283   Thumb Code     0  startup.o(RESET)
    GPIOPortP5_Handler                       0x00000283   Thumb Code     0  startup.o(RESET)
    GPIOPortP6_Handler                       0x00000283   Thumb Code     0  startup.o(RESET)
    GPIOPortP7_Handler                       0x00000283   Thumb Code     0  startup.o(RESET)
    GPIOPortP_Handler                        0x00000283   Thumb Code     0  startup.o(RESET)
    GPIOPortQ1_Handler                       0x00000283   Thumb Code     0  startup.o(RESET)
    GPIOPortQ2_Handler                       0x00000283   Thumb Code     0  startup.o(RESET)
    GPIOPortQ3_Handler                       0x00000283   Thumb Code     0  startup.o(RESET)
    GPIOPortQ4_Handler                       0x00000283   Thumb Code     0  startup.o(RESET)
    GPIOPortQ5_Handler                       0x00000283   Thumb Code     0  startup.o(RESET)
    GPIOPortQ6_Handler                       0x00000283   Thumb Code     0  startup.o(RESET)
    GPIOPortQ7_Handler                       0x00000283   Thumb Code     0  startup.o(RESET)
    GPIOPortQ_Handler                        0x00000283   Thumb Code     0  startup.o(RESET)
    GPIOPortR_Handler                        0x00000283   Thumb Code     0  startup.o(RESET)
    GPIOPortS_Handler                        0x00000283   Thumb Code     0  startup.o(RESET)
    Hibernate_Handler                        0x00000283   Thumb Code     0  startup.o(RESET)
    I2C0_Handler                             0x00000283   Thumb Code     0  startup.o(RESET)
    I2C1_Handler                             0x00000283   Thumb Code     0  startup.o(RESET)
    I2C2_Handler                             0x00000283   Thumb Code     0  startup.o(RESET)
    I2C3_Handler                             0x00000283   Thumb Code     0  startup.o(RESET)
    I2C4_Handler                             0x00000283   Thumb Code     0  startup.o(RESET)
    I2C5_Handler                             0x00000283   Thumb Code     0  startup.o(RESET)
    I2S0_Handler                             0x00000283   Thumb Code     0  startup.o(RESET)
    LPC0_Handler                             0x00000283   Thumb Code     0  startup.o(RESET)
    PECI0_Handler                            0x00000283   Thumb Code     0  startup.o(RESET)
    PWM0Fault_Handler                        0x00000283   Thumb Code     0  startup.o(RESET)
    PWM0Generator0_Handler                   0x00000283   Thumb Code     0  startup.o(RESET)
    PWM0Generator1_Handler                   0x00000283   Thumb Code     0  startup.o(RESET)
    PWM0Generator2_Handler                   0x00000283   Thumb Code     0  startup.o(RESET)
    PWM0Generator3_Handler                   0x00000283   Thumb Code     0  startup.o(RESET)
    PWM1Fault_Handler                        0x00000283   Thumb Code     0  startup.o(RESET)
    PWM1Generator0_Handler                   0x00000283   Thumb Code     0  startup.o(RESET)
    PWM1Generator1_Handler                   0x00000283   Thumb Code     0  startup.o(RESET)
    PWM1Generator2_Handler                   0x00000283   Thumb Code     0  startup.o(RESET)
    PWM1Generator3_Handler                   0x00000283   Thumb Code     0  startup.o(RESET)
    Quadrature0_Handler                      0x00000283   Thumb Code     0  startup.o(RESET)
    Quadrature1_Handler                      0x00000283   Thumb Code     0  startup.o(RESET)
    Quadrature2_Handler                      0x00000283   Thumb Code     0  startup.o(RESET)
    SSI0_Handler                             0x00000283   Thumb Code     0  startup.o(RESET)
    SSI1_Handler                             0x00000283   Thumb Code     0  startup.o(RESET)
    SSI2_Handler                             0x00000283   Thumb Code     0  startup.o(RESET)
    SSI3_Handler                             0x00000283   Thumb Code     0  startup.o(RESET)
    SysCtl_Handler                           0x00000283   Thumb Code     0  startup.o(RESET)
    Timer0A_Handler                          0x00000283   Thumb Code     0  startup.o(RESET)
    Timer0B_Handler                          0x00000283   Thumb Code     0  startup.o(RESET)
    Timer1A_Handler                          0x00000283   Thumb Code     0  startup.o(RESET)
    Timer1B_Handler                          0x00000283   Thumb Code     0  startup.o(RESET)
    Timer2A_Handler                          0x00000283   Thumb Code     0  startup.o(RESET)
    Timer2B_Handler                          0x00000283   Thumb Code     0  startup.o(RESET)
    Timer3A_Handler                          0x00000283   Thumb Code     0  startup.o(RESET)
    Timer3B_Handler                          0x00000283   Thumb Code     0  startup.o(RESET)
    Timer4A_Handler                          0x00000283   Thumb Code     0  startup.o(RESET)
    Timer4B_Handler                          0x00000283   Thumb Code     0  startup.o(RESET)
    Timer5A_Handler                          0x00000283   Thumb Code     0  startup.o(RESET)
    Timer5B_Handler                          0x00000283   Thumb Code     0  startup.o(RESET)
    UART0_Handler                            0x00000283   Thumb Code     0  startup.o(RESET)
    UART1_Handler                            0x00000283   Thumb Code     0  startup.o(RESET)
    UART2_Handler                            0x00000283   Thumb Code     0  startup.o(RESET)
    UART3_Handler                            0x00000283   Thumb Code     0  startup.o(RESET)
    UART4_Handler                            0x00000283   Thumb Code     0  startup.o(RESET)
    UART5_Handler                            0x00000283   Thumb Code     0  startup.o(RESET)
    UART6_Handler                            0x00000283   Thumb Code     0  startup.o(RESET)
    UART7_Handler                            0x00000283   Thumb Code     0  startup.o(RESET)
    USB0_Handler                             0x00000283   Thumb Code     0  startup.o(RESET)
    WDT_Handler                              0x00000283   Thumb Code     0  startup.o(RESET)
    WideTimer0A_Handler                      0x00000283   Thumb Code     0  startup.o(RESET)
    WideTimer0B_Handler                      0x00000283   Thumb Code     0  startup.o(RESET)
    WideTimer1A_Handler                      0x00000283   Thumb Code     0  startup.o(RESET)
    WideTimer1B_Handler                      0x00000283   Thumb Code     0  startup.o(RESET)
    WideTimer2A_Handler                      0x00000283   Thumb Code     0  startup.o(RESET)
    WideTimer2B_Handler                      0x00000283   Thumb Code     0  startup.o(RESET)
    WideTimer3A_Handler                      0x00000283   Thumb Code     0  startup.o(RESET)
    WideTimer3B_Handler                      0x00000283   Thumb Code     0  startup.o(RESET)
    WideTimer4A_Handler                      0x00000283   Thumb Code     0  startup.o(RESET)
    WideTimer4B_Handler                      0x00000283   Thumb Code     0  startup.o(RESET)
    WideTimer5A_Handler                      0x00000283   Thumb Code     0  startup.o(RESET)
    WideTimer5B_Handler                      0x00000283   Thumb Code     0  startup.o(RESET)
    uDMA_Error                               0x00000283   Thumb Code     0  startup.o(RESET)
    uDMA_Handler                             0x00000283   Thumb Code     0  startup.o(RESET)
    __rt_lib_init_lc_ctype_2                 0x00000285   Thumb Code     0  libinit2.o(.ARM.Collect$$libinit$$00000011)
    __rt_lib_init_lc_numeric_2               0x00000285   Thumb Code     0  libinit2.o(.ARM.Collect$$libinit$$00000015)
    __use_two_region_memory                  0x00000285   Thumb Code     2  heapauxi.o(.text)
    __rt_heap_escrow$2region                 0x00000287   Thumb Code     2  heapauxi.o(.text)
    __rt_heap_expand$2region                 0x00000289   Thumb Code     2  heapauxi.o(.text)
    __strtod_int                             0x000002c9   Thumb Code    88  strtod.o(.text)
    isspace                                  0x0000032d   Thumb Code    18  isspace.o(.text)
    _sgetc                                   0x0000033f   Thumb Code    30  _sgetc.o(.text)
    _sbackspace                              0x0000035d   Thumb Code    34  _sgetc.o(.text)
    __rt_ctype_table                         0x00000381   Thumb Code    16  rt_ctype_table.o(.text)
    _scanf_really_real                       0x00000589   Thumb Code   672  scanf_fp.o(.text)
    strcmp                                   0x00000835   Thumb Code   128  strcmpv7m.o(.text)
    __rt_locale                              0x000008b5   Thumb Code     8  rt_locale.o(.text)
    __aeabi_errno_addr                       0x000008bd   Thumb Code     8  rt_errno_addr.o(.text)
    __errno                                  0x000008bd   Thumb Code     0  rt_errno_addr.o(.text)
    __rt_errno_addr                          0x000008bd   Thumb Code     0  rt_errno_addr.o(.text)
    _btod_etento                             0x000008c5   Thumb Code   222  bigflt0.o(.text)
    __read_errno                             0x000009a9   Thumb Code    10  _rserrno.o(.text)
    __set_errno                              0x000009b3   Thumb Code    12  _rserrno.o(.text)
    _scanf_really_hex_real                   0x000009c1   Thumb Code   776  scanf_hexfp.o(.text)
    _scanf_really_infnan                     0x00000cd5   Thumb Code   298  scanf_infnan.o(.text)
    __aeabi_llsl                             0x00000e11   Thumb Code     0  llshl.o(.text)
    _ll_shift_l                              0x00000e11   Thumb Code    38  llshl.o(.text)
    _chval                                   0x00000e37   Thumb Code    28  _chval.o(.text)
    __btod_div_common                        0x00000e53   Thumb Code   696  btod.o(CL$$btod_div_common)
    _e2d                                     0x0000118d   Thumb Code    80  btod.o(CL$$btod_e2d)
    _e2e                                     0x000011e1   Thumb Code   198  btod.o(CL$$btod_e2e)
    _btod_ediv                               0x000012a7   Thumb Code    40  btod.o(CL$$btod_ediv)
    _btod_edivd                              0x000012cf   Thumb Code    40  btod.o(CL$$btod_edivd)
    _btod_emul                               0x000012f7   Thumb Code    40  btod.o(CL$$btod_emul)
    _btod_emuld                              0x0000131f   Thumb Code    40  btod.o(CL$$btod_emuld)
    __btod_mult_common                       0x00001347   Thumb Code   580  btod.o(CL$$btod_mult_common)
    LCD_WriteCommand                         0x0000158d   Thumb Code    74  lcd_driver.o(i.LCD_WriteCommand)
    LCD_WriteData                            0x000015e1   Thumb Code    88  lcd_driver.o(i.LCD_WriteData)
    Lcd_init                                 0x00001641   Thumb Code    52  lcd_driver.o(i.Lcd_init)
    Portb_Init_output                        0x00001675   Thumb Code    90  dio_driver.o(i.Portb_Init_output)
    Portf_Init_input_Output                  0x000016e1   Thumb Code    88  dio_driver.o(i.Portf_Init_input_Output)
    SendData_UART0                           0x0000174d   Thumb Code    18  uart1.o(i.SendData_UART0)
    UART0_Init                               0x00001765   Thumb Code   124  uart1.o(i.UART0_Init)
    UART_Init                                0x000017f5   Thumb Code   124  uart1.o(i.UART_Init)
    __main                                   0x00001881   Thumb Code   112  main.o(i.__main)
    __mathlib_dbl_underflow                  0x000018f9   Thumb Code    10  dunder.o(i.__mathlib_dbl_underflow)
    __mathlib_narrow                         0x00001909   Thumb Code    16  narrow.o(i.__mathlib_narrow)
    __mathlib_tofloat                        0x00001919   Thumb Code   132  narrow.o(i.__mathlib_tofloat)
    __support_ldexp                          0x000019a1   Thumb Code    22  ldexp.o(i.__support_ldexp)
    _is_digit                                0x000019b7   Thumb Code    14  scanf_fp.o(i._is_digit)
    frexp                                    0x000019c5   Thumb Code    80  frexp.o(i.frexp)
    ldexp                                    0x00001a1d   Thumb Code   126  ldexp.o(i.ldexp)
    porta_init_output                        0x00001a9d   Thumb Code    98  dio_driver.o(i.porta_init_output)
    strtold                                  0x00001b11   Thumb Code    28  strtold.o(i.strtold)
    sysTickInit                              0x00001b2d   Thumb Code    16  systick.o(i.sysTickInit)
    sysTickWait                              0x00001b3d   Thumb Code    24  systick.o(i.sysTickWait)
    sysTickWait1Ms                           0x00001b55   Thumb Code    24  systick.o(i.sysTickWait1Ms)
    _get_lc_numeric                          0x00001b6d   Thumb Code    44  lc_numeric_c.o(locale$$code)
    _get_lc_ctype                            0x00001b99   Thumb Code    44  lc_ctype_c.o(locale$$code)
    __aeabi_d2f                              0x00001bc5   Thumb Code     0  d2f.o(x$fpl$d2f)
    _d2f                                     0x00001bc5   Thumb Code    98  d2f.o(x$fpl$d2f)
    __fpl_dcheck_NaN1                        0x00001c29   Thumb Code    10  dcheck1.o(x$fpl$dcheck1)
    __fpl_dcmp_Inf                           0x00001c39   Thumb Code    24  dcmpi.o(x$fpl$dcmpinf)
    __aeabi_cdcmpeq                          0x00001c51   Thumb Code     0  deqf.o(x$fpl$deqf)
    _dcmpeq                                  0x00001c51   Thumb Code   120  deqf.o(x$fpl$deqf)
    __aeabi_cdcmple                          0x00001cc9   Thumb Code     0  dleqf.o(x$fpl$dleqf)
    _dcmple                                  0x00001cc9   Thumb Code   120  dleqf.o(x$fpl$dleqf)
    __fpl_dcmple_InfNaN                      0x00001d2b   Thumb Code     0  dleqf.o(x$fpl$dleqf)
    __fpl_dnaninf                            0x00001d41   Thumb Code   156  dnaninf.o(x$fpl$dnaninf)
    __aeabi_cdrcmple                         0x00001ddd   Thumb Code     0  drleqf.o(x$fpl$drleqf)
    _drcmple                                 0x00001ddd   Thumb Code   108  drleqf.o(x$fpl$drleqf)
    __fpl_fretinf                            0x00001e49   Thumb Code    10  fretinf.o(x$fpl$fretinf)
    __fpl_return_NaN                         0x00001e53   Thumb Code   100  retnan.o(x$fpl$retnan)
    __ARM_scalbn                             0x00001eb7   Thumb Code    92  scalbn.o(x$fpl$scalbn)
    _scanf_real                              0x00001f13   Thumb Code     4  scanf1.o(x$fpl$scanf1)
    _scanf_hex_real                          0x00001f17   Thumb Code     4  scanf2.o(x$fpl$scanf2)
    _scanf_infnan                            0x00001f1b   Thumb Code     4  scanf2.o(x$fpl$scanf2)
    __fpl_cmpreturn                          0x00001f1f   Thumb Code    48  trapv.o(x$fpl$trapveneer)
    __I$use$fp                               0x00001f4e   Number         0  usenofp.o(x$fpl$usenofp)
    __aeabi_HUGE_VAL                         0x00001fe4   Data           0  fpconst.o(c$$dinf)
    __aeabi_HUGE_VALL                        0x00001fe4   Data           0  fpconst.o(c$$dinf)
    __aeabi_INFINITY                         0x00001fe4   Data           0  fpconst.o(c$$dinf)
    __dInf                                   0x00001fe4   Data           0  fpconst.o(c$$dinf)
    __huge_val                               0x00001fe4   Data           0  fpconst.o(c$$dinf)
    __ctype                                  0x00002015   Data           0  lc_ctype_c.o(locale$$data)
    first_read                               0x20000000   Data           1  main.o(.data)
    total_distance_as_string                 0x20000001   Data           6  main.o(.data)
    NS                                       0x20000007   Data           1  main.o(.data)
    EW                                       0x20000008   Data           1  main.o(.data)
    ptr                                      0x2000000c   Data           4  main.o(.data)
    a                                        0x20000010   Data           8  main.o(.data)



==============================================================================

Memory Map of the image

  Image Entry point : 0x0000026d

  Load Region LR_1 (Base: 0x00000000, Size: 0x00002130, Max: 0xffffffff, ABSOLUTE)

    Execution Region ER_RO (Base: 0x00000000, Size: 0x00002118, Max: 0xffffffff, ABSOLUTE)

    Base Addr    Size         Type   Attr      Idx    E Section Name        Object

    0x00000000   0x00000284   Code   RO            3  * RESET               startup.o
    0x00000284   0x00000000   Code   RO          244    .ARM.Collect$$libinit$$00000011  c_w.l(libinit2.o)
    0x00000284   0x00000000   Code   RO          248    .ARM.Collect$$libinit$$00000015  c_w.l(libinit2.o)
    0x00000284   0x00000006   Code   RO          205    .text               c_w.l(heapauxi.o)
    0x0000028a   0x00000002   PAD
    0x0000028c   0x000000a0   Code   RO          211    .text               c_w.l(strtod.o)
    0x0000032c   0x00000012   Code   RO          214    .text               c_w.l(isspace.o)
    0x0000033e   0x00000040   Code   RO          216    .text               c_w.l(_sgetc.o)
    0x0000037e   0x00000002   PAD
    0x00000380   0x00000010   Code   RO          223    .text               c_w.l(rt_ctype_table.o)
    0x00000390   0x000004a4   Code   RO          225    .text               c_w.l(scanf_fp.o)
    0x00000834   0x00000080   Code   RO          229    .text               c_w.l(strcmpv7m.o)
    0x000008b4   0x00000008   Code   RO          274    .text               c_w.l(rt_locale.o)
    0x000008bc   0x00000008   Code   RO          279    .text               c_w.l(rt_errno_addr.o)
    0x000008c4   0x000000e4   Code   RO          284    .text               c_w.l(bigflt0.o)
    0x000009a8   0x00000016   Code   RO          336    .text               c_w.l(_rserrno.o)
    0x000009be   0x00000002   PAD
    0x000009c0   0x00000314   Code   RO          338    .text               c_w.l(scanf_hexfp.o)
    0x00000cd4   0x0000013c   Code   RO          340    .text               c_w.l(scanf_infnan.o)
    0x00000e10   0x00000026   Code   RO          360    .text               c_w.l(llshl.o)
    0x00000e36   0x0000001c   Code   RO          362    .text               c_w.l(_chval.o)
    0x00000e52   0x00000338   Code   RO          297    CL$$btod_div_common  c_w.l(btod.o)
    0x0000118a   0x00000002   PAD
    0x0000118c   0x00000054   Code   RO          295    CL$$btod_e2d        c_w.l(btod.o)
    0x000011e0   0x000000c6   Code   RO          294    CL$$btod_e2e        c_w.l(btod.o)
    0x000012a6   0x00000028   Code   RO          291    CL$$btod_ediv       c_w.l(btod.o)
    0x000012ce   0x00000028   Code   RO          293    CL$$btod_edivd      c_w.l(btod.o)
    0x000012f6   0x00000028   Code   RO          290    CL$$btod_emul       c_w.l(btod.o)
    0x0000131e   0x00000028   Code   RO          292    CL$$btod_emuld      c_w.l(btod.o)
    0x00001346   0x00000244   Code   RO          296    CL$$btod_mult_common  c_w.l(btod.o)
    0x0000158a   0x00000002   PAD
    0x0000158c   0x00000054   Code   RO           65    i.LCD_WriteCommand  lcd_driver.o
    0x000015e0   0x00000060   Code   RO           66    i.LCD_WriteData     lcd_driver.o
    0x00001640   0x00000034   Code   RO           67    i.Lcd_init          lcd_driver.o
    0x00001674   0x0000006c   Code   RO           13    i.Portb_Init_output  dio_driver.o
    0x000016e0   0x0000006c   Code   RO           15    i.Portf_Init_input_Output  dio_driver.o
    0x0000174c   0x00000018   Code   RO          163    i.SendData_UART0    uart1.o
    0x00001764   0x00000090   Code   RO          164    i.UART0_Init        uart1.o
    0x000017f4   0x0000008c   Code   RO          165    i.UART_Init         uart1.o
    0x00001880   0x00000078   Code   RO          100    i.__main            main.o
    0x000018f8   0x00000010   Code   RO          401    i.__mathlib_dbl_underflow  m_ws.l(dunder.o)
    0x00001908   0x00000010   Code   RO          327    i.__mathlib_narrow  m_ws.l(narrow.o)
    0x00001918   0x00000088   Code   RO          328    i.__mathlib_tofloat  m_ws.l(narrow.o)
    0x000019a0   0x00000016   Code   RO          379    i.__support_ldexp   m_ws.l(ldexp.o)
    0x000019b6   0x0000000e   Code   RO          227    i._is_digit         c_w.l(scanf_fp.o)
    0x000019c4   0x00000058   Code   RO          353    i.frexp             m_ws.l(frexp.o)
    0x00001a1c   0x0000007e   Code   RO          380    i.ldexp             m_ws.l(ldexp.o)
    0x00001a9a   0x00000002   PAD
    0x00001a9c   0x00000074   Code   RO           18    i.porta_init_output  dio_driver.o
    0x00001b10   0x0000001c   Code   RO          208    i.strtold           m_ws.l(strtold.o)
    0x00001b2c   0x00000010   Code   RO          137    i.sysTickInit       systick.o
    0x00001b3c   0x00000018   Code   RO          138    i.sysTickWait       systick.o
    0x00001b54   0x00000018   Code   RO          139    i.sysTickWait1Ms    systick.o
    0x00001b6c   0x0000002c   Code   RO          219    locale$$code        c_w.l(lc_numeric_c.o)
    0x00001b98   0x0000002c   Code   RO          310    locale$$code        c_w.l(lc_ctype_c.o)
    0x00001bc4   0x00000062   Code   RO          346    x$fpl$d2f           fz_ws.l(d2f.o)
    0x00001c26   0x00000002   PAD
    0x00001c28   0x00000010   Code   RO          399    x$fpl$dcheck1       fz_ws.l(dcheck1.o)
    0x00001c38   0x00000018   Code   RO          368    x$fpl$dcmpinf       fz_ws.l(dcmpi.o)
    0x00001c50   0x00000078   Code   RO          348    x$fpl$deqf          fz_ws.l(deqf.o)
    0x00001cc8   0x00000078   Code   RO          370    x$fpl$dleqf         fz_ws.l(dleqf.o)
    0x00001d40   0x0000009c   Code   RO          372    x$fpl$dnaninf       fz_ws.l(dnaninf.o)
    0x00001ddc   0x0000006c   Code   RO          350    x$fpl$drleqf        fz_ws.l(drleqf.o)
    0x00001e48   0x0000000a   Code   RO          374    x$fpl$fretinf       fz_ws.l(fretinf.o)
    0x00001e52   0x00000064   Code   RO          410    x$fpl$retnan        fz_ws.l(retnan.o)
    0x00001eb6   0x0000005c   Code   RO          376    x$fpl$scalbn        fz_ws.l(scalbn.o)
    0x00001f12   0x00000004   Code   RO          221    x$fpl$scanf1        fz_ws.l(scanf1.o)
    0x00001f16   0x00000008   Code   RO          321    x$fpl$scanf2        fz_ws.l(scanf2.o)
    0x00001f1e   0x00000030   Code   RO          416    x$fpl$trapveneer    fz_ws.l(trapv.o)
    0x00001f4e   0x00000000   Code   RO          213    x$fpl$usenofp       fz_ws.l(usenofp.o)
    0x00001f4e   0x00000002   PAD
    0x00001f50   0x00000094   Data   RO          285    .constdata          c_w.l(bigflt0.o)
    0x00001fe4   0x00000008   Data   RO          314    c$$dinf             fz_ws.l(fpconst.o)
    0x00001fec   0x0000001c   Data   RO          218    locale$$data        c_w.l(lc_numeric_c.o)
    0x00002008   0x00000110   Data   RO          309    locale$$data        c_w.l(lc_ctype_c.o)


    Execution Region ER_RW (Base: 0x20000000, Size: 0x00000018, Max: 0xffffffff, ABSOLUTE)

    Base Addr    Size         Type   Attr      Idx    E Section Name        Object

    0x20000000   0x00000018   Data   RW          102    .data               main.o


    Execution Region ER_ZI (Base: 0x20000018, Size: 0x00000418, Max: 0xffffffff, ABSOLUTE)

    Base Addr    Size         Type   Attr      Idx    E Section Name        Object

    0x20000018   0x00000014   Zero   RW          275    .bss                c_w.l(rt_locale.o)
    0x2000002c   0x00000004   Zero   RW          280    .bss                c_w.l(rt_errno_addr.o)
    0x20000030   0x00000400   Zero   RW            1    STACK               startup.o


==============================================================================

Image component sizes


      Code (inc. data)   RO Data    RW Data    ZI Data      Debug   Object Name

       332         56          0          0          0       2638   dio_driver.o
       232         18          0          0          0       1302   lcd_driver.o
       120          8          0         24          0       1243   main.o
       644        620          0          0       1024        696   startup.o
        64          0          0          0          0       1209   systick.o
       308         42          0          0          0       1166   uart1.o

    ----------------------------------------------------------------------
      1700        744          0         24       1024       8254   Object Totals
         0          0          0          0          0          0   (incl. Generated)
         0          0          0          0          0          0   (incl. Padding)

    ----------------------------------------------------------------------

      Code (inc. data)   RO Data    RW Data    ZI Data      Debug   Library Member Name

        28          0          0          0          0         68   _chval.o
        22          0          0          0          0        100   _rserrno.o
        64          0          0          0          0         84   _sgetc.o
       228          6        148          0          0         96   bigflt0.o
      1846        132          0          0          0        736   btod.o
         6          0          0          0          0        152   heapauxi.o
        18          0          0          0          0         76   isspace.o
        44         10        272          0          0         76   lc_ctype_c.o
        44         10         28          0          0         76   lc_numeric_c.o
         0          0          0          0          0          0   libinit2.o
        38          0          0          0          0         68   llshl.o
        16          4          0          0          0         76   rt_ctype_table.o
         8          4          0          0          4         68   rt_errno_addr.o
         8          4          0          0         20         68   rt_locale.o
      1202         12          0          0          0        216   scanf_fp.o
       788         12          0          0          0        100   scanf_hexfp.o
       316         18          0          0          0        100   scanf_infnan.o
       128          0          0          0          0         68   strcmpv7m.o
       160         12          0          0          0        120   strtod.o
        98          4          0          0          0         92   d2f.o
        16          4          0          0          0         68   dcheck1.o
        24          0          0          0          0         68   dcmpi.o
       120          4          0          0          0         92   deqf.o
       120          4          0          0          0         92   dleqf.o
       156          4          0          0          0         92   dnaninf.o
       108          0          0          0          0         80   drleqf.o
         0          0          8          0          0          0   fpconst.o
        10          0          0          0          0         68   fretinf.o
       100          0          0          0          0         68   retnan.o
        92          0          0          0          0         68   scalbn.o
         4          0          0          0          0         68   scanf1.o
         8          0          0          0          0         84   scanf2.o
        48          0          0          0          0         68   trapv.o
         0          0          0          0          0          0   usenofp.o
        16          6          0          0          0         68   dunder.o
        88          8          0          0          0         76   frexp.o
       148          0          0          0          0        160   ldexp.o
       152          4          0          0          0        160   narrow.o
        28          0          0          0          0         80   strtold.o

    ----------------------------------------------------------------------
      6316        264        456          0         24       3900   Library Totals
        16          2          0          0          0          0   (incl. Padding)

    ----------------------------------------------------------------------

      Code (inc. data)   RO Data    RW Data    ZI Data      Debug   Library Name

      4964        224        448          0         24       2348   c_w.l
       904         20          8          0          0       1008   fz_ws.l
       432         18          0          0          0        544   m_ws.l

    ----------------------------------------------------------------------
      6316        264        456          0         24       3900   Library Totals

    ----------------------------------------------------------------------

==============================================================================


      Code (inc. data)   RO Data    RW Data    ZI Data      Debug   

      8016       1008        456         24       1048       9242   Grand Totals
      8016       1008        456         24       1048       9242   ELF Image Totals
      8016       1008        456         24          0          0   ROM Totals

==============================================================================

    Total RO  Size (Code + RO Data)                 8472 (   8.27kB)
    Total RW  Size (RW Data + ZI Data)              1072 (   1.05kB)
    Total ROM Size (Code + RO Data + RW Data)       8496 (   8.30kB)

==============================================================================

