<html>
<body>
<pre>
<h1>µVision Build Log</h1>
<h2>Project:</h2>
C:\Users\Dell\Documents\GitHub\GPS_Tracking_System\Gps_Tracking_System.uvproj
Project File Date:  06/13/2021

<h2>Output:</h2>
Rebuild target 'Gps_Tracking_System'
assembling startup.s...
compiling DIO_DRIVER.c...
compiling LCD_DRIVER.c...
DIO_DRIVER.h(8): warning:  #1295-D: Deprecated declaration porta_init_output - give arg types
  void porta_init_output();
DIO_DRIVER.h(11): warning:  #1-D: last line of file ends without a newline
  #endif
sysTick.h(9): warning:  #1-D: last line of file ends without a newline
  #endif
LCD_DRIVER.c: 3 warnings, 0 errors
compiling main.c...
DIO_DRIVER.h(8): warning:  #1295-D: Deprecated declaration porta_init_output - give arg types
  void porta_init_output();
DIO_DRIVER.h(11): warning:  #1-D: last line of file ends without a newline
  #endif
gps.h(4): warning:  #1295-D: Deprecated declaration read_gps_data - give arg types
  void read_gps_data();
gps.h(9): warning:  #1-D: last line of file ends without a newline
  #endif
sysTick.h(9): warning:  #1-D: last line of file ends without a newline
  #endif
LCD_DRIVER.h(4): warning:  #1295-D: Deprecated declaration Lcd_init - give arg types
  void Lcd_init();
LCD_DRIVER.h(8): warning:  #1-D: last line of file ends without a newline
  #endif
UART1.h(10): warning:  #1-D: last line of file ends without a newline
  #endif
EEPROM.h(3): warning:  #1295-D: Deprecated declaration EEPROM_Init - give arg types
  void EEPROM_Init();
EEPROM.h(4): warning:  #1295-D: Deprecated declaration Erase - give arg types
  void Erase();
EEPROM.h(7): warning:  #1295-D: Deprecated declaration readData - give arg types
  long double readData();
EEPROM.h(8): warning:  #1-D: last line of file ends without a newline
  #endif
main.c(42): warning:  #177-D: variable "lat_buffer_" was declared but never referenced
        char lat_buffer_[15];
main.c(43): warning:  #177-D: variable "ha" was declared but never referenced
        long double ha =1.1;
main.c: 14 warnings, 0 errors
compiling sysTick.c...
sysTick.c(28): warning:  #1-D: last line of file ends without a newline
  }
sysTick.c: 1 warning, 0 errors
compiling UART1.c...
LCD_DRIVER.h(4): warning:  #1295-D: Deprecated declaration Lcd_init - give arg types
  void Lcd_init();
LCD_DRIVER.h(8): warning:  #1-D: last line of file ends without a newline
  #endif
UART1.c(60): warning:  #1-D: last line of file ends without a newline
  }
UART1.c: 3 warnings, 0 errors
compiling gps.c...
UART1.h(10): warning:  #1-D: last line of file ends without a newline
  #endif
LCD_DRIVER.h(4): warning:  #1295-D: Deprecated declaration Lcd_init - give arg types
  void Lcd_init();
LCD_DRIVER.h(8): warning:  #1-D: last line of file ends without a newline
  #endif
gps.c(31): warning:  #1295-D: Deprecated declaration compute_lat_lon - give arg types
  void compute_lat_lon();
gps.c(33): warning:  #1295-D: Deprecated declaration get_distance - give arg types
  long double get_distance();
gps.c(34): warning:  #1295-D: Deprecated declaration distanceBetween - give arg types
  double distanceBetween();
gps.c(40): warning:  #177-D: variable "a" was declared but never referenced
                long double a;
gps.c: 7 warnings, 0 errors
compiling EEPROM.c...
EEPROM.c(61): warning:  #1-D: last line of file ends without a newline
  }
EEPROM.c: 1 warning, 0 errors
linking...
Program Size: Code=17288 RO-data=936 RW-data=4 ZI-data=1268  
".\Gps_Tracking_System.axf" - 0 Error(s), 29 Warning(s).
g(s).
Target not created
