ARM Linker, 5.03 [Build 76] [MDK-ARM Lite]

==============================================================================

Section Cross References

    main.o(.text) refers to dio_driver.o(.text) for Portf_output
    main.o(.text) refers to systick.o(.text) for sysTickInit
    main.o(.text) refers to lcd_driver.o(.text) for Lcd_init
    main.o(.text) refers to uart1.o(.text) for UART_Init
    main.o(.text) refers to strtold.o(i.__hardfp_strtold) for __hardfp_strtold
    main.o(.text) refers to main.o(.data) for ptr
    uart1.o(.text) refers to lcd_driver.o(.text) for LCD_WriteData
    lcd_driver.o(.text) refers to systick.o(.text) for sysTickWait1Ms
    startup.o(STACK) refers (Special) to heapauxi.o(.text) for __use_two_region_memory
    startup.o(HEAP) refers (Special) to heapauxi.o(.text) for __use_two_region_memory
    startup.o(RESET) refers (Special) to heapauxi.o(.text) for __use_two_region_memory
    startup.o(RESET) refers to startup.o(STACK) for StackMem
    startup.o(RESET) refers to main.o(.text) for __main
    startup.o(.text) refers (Special) to heapauxi.o(.text) for __use_two_region_memory
    startup.o(.text) refers to startup.o(HEAP) for HeapMem
    startup.o(.text) refers to startup.o(STACK) for StackMem
    strtold.o(i.__hardfp_strtold) refers (Special) to usenofp.o(x$fpl$usenofp) for __I$use$fp
    strtold.o(i.__hardfp_strtold) refers to strtod.o(.text) for __strtod_int
    strtold.o(i.__softfp_strtold) refers (Special) to usenofp.o(x$fpl$usenofp) for __I$use$fp
    strtold.o(i.__softfp_strtold) refers to strtod.o(.text) for __strtod_int
    strtold.o(i.strtold) refers (Special) to usenofp.o(x$fpl$usenofp) for __I$use$fp
    strtold.o(i.strtold) refers to strtod.o(.text) for __strtod_int
    strtod.o(.text) refers (Special) to lc_numeric_c.o(locale$$code) for _get_lc_numeric
    strtod.o(.text) refers to scanf1.o(x$fpl$scanf1) for _scanf_real
    strtod.o(.text) refers to _sgetc.o(.text) for _sgetc
    strtod.o(.text) refers to isspace.o(.text) for isspace
    isspace.o(.text) refers to rt_ctype_table.o(.text) for __rt_ctype_table
    lc_numeric_c.o(locale$$data) refers (Special) to libinit2.o(.ARM.Collect$$libinit$$00000015) for __rt_lib_init_lc_numeric_2
    lc_numeric_c.o(locale$$code) refers (Special) to libinit2.o(.ARM.Collect$$libinit$$00000015) for __rt_lib_init_lc_numeric_2
    lc_numeric_c.o(locale$$code) refers to strcmpv7m.o(.text) for strcmp
    lc_numeric_c.o(locale$$code) refers to lc_numeric_c.o(locale$$data) for __lcnum_c_name
    scanf1.o(x$fpl$scanf1) refers to scanf_fp.o(.text) for _scanf_really_real
    rt_ctype_table.o(.text) refers to rt_locale.o(.text) for __rt_locale
    rt_ctype_table.o(.text) refers to lc_ctype_c.o(locale$$code) for _get_lc_ctype
    scanf_fp.o(.text) refers (Special) to usenofp.o(x$fpl$usenofp) for __I$use$fp
    scanf_fp.o(.text) refers (Special) to lc_numeric_c.o(locale$$code) for _get_lc_numeric
    scanf_fp.o(.text) refers to rt_errno_addr.o(.text) for __aeabi_errno_addr
    scanf_fp.o(.text) refers to bigflt0.o(.text) for _btod_etento
    scanf_fp.o(.text) refers to btod.o(CL$$btod_emuld) for _btod_emuld
    scanf_fp.o(.text) refers to btod.o(CL$$btod_edivd) for _btod_edivd
    scanf_fp.o(.text) refers to rt_locale.o(.text) for __rt_locale
    scanf_fp.o(.text) refers to scanf2.o(x$fpl$scanf2) for _scanf_infnan
    scanf_fp.o(.text) refers to scanf_fp.o(i._is_digit) for _is_digit
    scanf_fp.o(.text) refers to narrow.o(i.__mathlib_narrow) for __mathlib_narrow
    scanf_fp.o(.text) refers to fpconst.o(c$$dinf) for __huge_val
    libinit2.o(.ARM.Collect$$libinit$$00000001) refers to fpinit.o(x$fpl$fpinit) for _fp_init
    libinit2.o(.ARM.Collect$$libinit$$0000000D) refers (Weak) to rt_locale.o(.text) for __rt_locale
    libinit2.o(.ARM.Collect$$libinit$$0000000E) refers to libinit2.o(.ARM.Collect$$libinit$$0000000D) for .ARM.Collect$$libinit$$0000000D
    libinit2.o(.ARM.Collect$$libinit$$00000010) refers to libinit2.o(.ARM.Collect$$libinit$$0000000D) for .ARM.Collect$$libinit$$0000000D
    libinit2.o(.ARM.Collect$$libinit$$00000010) refers (Weak) to lc_ctype_c.o(locale$$code) for _get_lc_ctype
    libinit2.o(.ARM.Collect$$libinit$$00000012) refers to libinit2.o(.ARM.Collect$$libinit$$0000000D) for .ARM.Collect$$libinit$$0000000D
    libinit2.o(.ARM.Collect$$libinit$$00000014) refers to libinit2.o(.ARM.Collect$$libinit$$0000000D) for .ARM.Collect$$libinit$$0000000D
    libinit2.o(.ARM.Collect$$libinit$$00000014) refers (Weak) to lc_numeric_c.o(locale$$code) for _get_lc_numeric
    libinit2.o(.ARM.Collect$$libinit$$00000016) refers to libinit2.o(.ARM.Collect$$libinit$$0000000D) for .ARM.Collect$$libinit$$0000000D
    libinit2.o(.ARM.Collect$$libinit$$00000024) refers to argv_veneer.o(.emb_text) for __ARM_argv_veneer
    libinit2.o(.ARM.Collect$$libinit$$00000025) refers to argv_veneer.o(.emb_text) for __ARM_argv_veneer
    rt_locale.o(.text) refers to rt_locale.o(.bss) for __rt_locale_data
    rt_locale_intlibspace.o(.text) refers to libspace.o(.bss) for __libspace_start
    rt_errno_addr.o(.text) refers to rt_errno_addr.o(.bss) for __aeabi_errno_addr_data
    rt_errno_addr_intlibspace.o(.text) refers to libspace.o(.bss) for __libspace_start
    bigflt0.o(.text) refers (Special) to usenofp.o(x$fpl$usenofp) for __I$use$fp
    bigflt0.o(.text) refers to btod.o(CL$$btod_emul) for _btod_emul
    bigflt0.o(.text) refers to btod.o(CL$$btod_ediv) for _btod_ediv
    bigflt0.o(.text) refers to bigflt0.o(.constdata) for .constdata
    bigflt0.o(.constdata) refers (Special) to usenofp.o(x$fpl$usenofp) for __I$use$fp
    btod.o(CL$$btod_d2e) refers (Special) to usenofp.o(x$fpl$usenofp) for __I$use$fp
    btod.o(CL$$btod_d2e) refers to btod.o(CL$$btod_d2e_norm_op1) for _d2e_norm_op1
    btod.o(CL$$btod_d2e_norm_op1) refers (Special) to usenofp.o(x$fpl$usenofp) for __I$use$fp
    btod.o(CL$$btod_d2e_norm_op1) refers to btod.o(CL$$btod_d2e_denorm_low) for _d2e_denorm_low
    btod.o(CL$$btod_d2e_denorm_low) refers (Special) to usenofp.o(x$fpl$usenofp) for __I$use$fp
    btod.o(CL$$btod_emul) refers (Special) to usenofp.o(x$fpl$usenofp) for __I$use$fp
    btod.o(CL$$btod_emul) refers to btod.o(CL$$btod_mult_common) for __btod_mult_common
    btod.o(CL$$btod_emul) refers to btod.o(CL$$btod_e2e) for _e2e
    btod.o(CL$$btod_ediv) refers (Special) to usenofp.o(x$fpl$usenofp) for __I$use$fp
    btod.o(CL$$btod_ediv) refers to btod.o(CL$$btod_div_common) for __btod_div_common
    btod.o(CL$$btod_ediv) refers to btod.o(CL$$btod_e2e) for _e2e
    btod.o(CL$$btod_emuld) refers (Special) to usenofp.o(x$fpl$usenofp) for __I$use$fp
    btod.o(CL$$btod_emuld) refers to btod.o(CL$$btod_mult_common) for __btod_mult_common
    btod.o(CL$$btod_emuld) refers to btod.o(CL$$btod_e2d) for _e2d
    btod.o(CL$$btod_edivd) refers (Special) to usenofp.o(x$fpl$usenofp) for __I$use$fp
    btod.o(CL$$btod_edivd) refers to btod.o(CL$$btod_div_common) for __btod_div_common
    btod.o(CL$$btod_edivd) refers to btod.o(CL$$btod_e2d) for _e2d
    btod.o(CL$$btod_e2e) refers (Special) to usenofp.o(x$fpl$usenofp) for __I$use$fp
    btod.o(CL$$btod_e2d) refers (Special) to usenofp.o(x$fpl$usenofp) for __I$use$fp
    btod.o(CL$$btod_e2d) refers to btod.o(CL$$btod_e2e) for _e2e
    btod.o(CL$$btod_mult_common) refers (Special) to usenofp.o(x$fpl$usenofp) for __I$use$fp
    btod.o(CL$$btod_div_common) refers (Special) to usenofp.o(x$fpl$usenofp) for __I$use$fp
    lc_ctype_c.o(locale$$data) refers (Special) to libinit2.o(.ARM.Collect$$libinit$$00000011) for __rt_lib_init_lc_ctype_2
    lc_ctype_c.o(locale$$code) refers (Special) to libinit2.o(.ARM.Collect$$libinit$$00000011) for __rt_lib_init_lc_ctype_2
    lc_ctype_c.o(locale$$code) refers to strcmpv7m.o(.text) for strcmp
    lc_ctype_c.o(locale$$code) refers to lc_ctype_c.o(locale$$data) for __lcctype_c_name
    argv_veneer.o(.emb_text) refers to _get_argv_nomalloc.o(.text) for __ARM_get_argv
    fpconst.o(c$$dinf) refers (Special) to usenofp.o(x$fpl$usenofp) for __I$use$fp
    fpconst.o(c$$dnan) refers (Special) to usenofp.o(x$fpl$usenofp) for __I$use$fp
    fpconst.o(c$$finf) refers (Special) to usenofp.o(x$fpl$usenofp) for __I$use$fp
    istatus.o(x$fpl$ieeestatus) refers (Special) to usenofp.o(x$fpl$usenofp) for __I$use$fp
    scanf2.o(x$fpl$scanf2) refers to scanf_hexfp.o(.text) for _scanf_really_hex_real
    scanf2.o(x$fpl$scanf2) refers to scanf_infnan.o(.text) for _scanf_really_infnan
    scanf2b.o(x$fpl$scanf2) refers to scanf_hexfp.o(.text) for _scanf_really_hex_real
    scanf2b.o(x$fpl$scanf2) refers to scanf_infnan.o(.text) for _scanf_really_infnan
    narrow.o(i.__hardfp___mathlib_tofloat) refers (Special) to usenofp.o(x$fpl$usenofp) for __I$use$fp
    narrow.o(i.__hardfp___mathlib_tofloat) refers to frexp.o(i.frexp) for frexp
    narrow.o(i.__hardfp___mathlib_tofloat) refers to deqf.o(x$fpl$deqf) for __aeabi_cdcmpeq
    narrow.o(i.__hardfp___mathlib_tofloat) refers to d2f.o(x$fpl$d2f) for __aeabi_d2f
    narrow.o(i.__hardfp___mathlib_tofloat) refers to _rserrno.o(.text) for __set_errno
    narrow.o(i.__hardfp___mathlib_tofloat) refers to drleqf.o(x$fpl$drleqf) for __aeabi_cdrcmple
    narrow.o(i.__mathlib_narrow) refers (Special) to usenofp.o(x$fpl$usenofp) for __I$use$fp
    narrow.o(i.__mathlib_narrow) refers to frexp.o(i.frexp) for frexp
    narrow.o(i.__mathlib_narrow) refers to deqf.o(x$fpl$deqf) for __aeabi_cdcmpeq
    narrow.o(i.__mathlib_narrow) refers to d2f.o(x$fpl$d2f) for __aeabi_d2f
    narrow.o(i.__mathlib_narrow) refers to _rserrno.o(.text) for __set_errno
    narrow.o(i.__mathlib_narrow) refers to drleqf.o(x$fpl$drleqf) for __aeabi_cdrcmple
    narrow.o(i.__mathlib_tofloat) refers (Special) to usenofp.o(x$fpl$usenofp) for __I$use$fp
    narrow.o(i.__mathlib_tofloat) refers to frexp.o(i.frexp) for frexp
    narrow.o(i.__mathlib_tofloat) refers to deqf.o(x$fpl$deqf) for __aeabi_cdcmpeq
    narrow.o(i.__mathlib_tofloat) refers to d2f.o(x$fpl$d2f) for __aeabi_d2f
    narrow.o(i.__mathlib_tofloat) refers to _rserrno.o(.text) for __set_errno
    narrow.o(i.__mathlib_tofloat) refers to drleqf.o(x$fpl$drleqf) for __aeabi_cdrcmple
    narrow.o(i.__softfp___mathlib_tofloat) refers (Special) to usenofp.o(x$fpl$usenofp) for __I$use$fp
    narrow.o(i.__softfp___mathlib_tofloat) refers to frexp.o(i.frexp) for frexp
    narrow.o(i.__softfp___mathlib_tofloat) refers to deqf.o(x$fpl$deqf) for __aeabi_cdcmpeq
    narrow.o(i.__softfp___mathlib_tofloat) refers to d2f.o(x$fpl$d2f) for __aeabi_d2f
    narrow.o(i.__softfp___mathlib_tofloat) refers to _rserrno.o(.text) for __set_errno
    narrow.o(i.__softfp___mathlib_tofloat) refers to drleqf.o(x$fpl$drleqf) for __aeabi_cdrcmple
    libspace.o(.text) refers to libspace.o(.bss) for __libspace_start
    _rserrno.o(.text) refers to rt_errno_addr.o(.text) for __aeabi_errno_addr
    scanf_hexfp.o(.text) refers to _chval.o(.text) for _chval
    scanf_hexfp.o(.text) refers to llshl.o(.text) for __aeabi_llsl
    scanf_hexfp.o(.text) refers to ldexp.o(i.__support_ldexp) for __support_ldexp
    scanf_hexfp.o(.text) refers to narrow.o(i.__mathlib_narrow) for __mathlib_narrow
    _get_argv_nomalloc.o(.text) refers (Special) to hrguard.o(.text) for __heap_region$guard
    _get_argv_nomalloc.o(.text) refers to defsig_rtmem_outer.o(.text) for __rt_SIGRTMEM
    _get_argv_nomalloc.o(.text) refers to sys_command.o(.text) for _sys_command_string
    d2f.o(x$fpl$d2f) refers (Special) to usenofp.o(x$fpl$usenofp) for __I$use$fp
    d2f.o(x$fpl$d2f) refers to fretinf.o(x$fpl$fretinf) for __fpl_fretinf
    d2f.o(x$fpl$d2f) refers to dnaninf.o(x$fpl$dnaninf) for __fpl_dnaninf
    deqf.o(x$fpl$deqf) refers (Special) to usenofp.o(x$fpl$usenofp) for __I$use$fp
    deqf.o(x$fpl$deqf) refers to dnaninf.o(x$fpl$dnaninf) for __fpl_dnaninf
    deqf.o(x$fpl$deqf) refers to dcmpi.o(x$fpl$dcmpinf) for __fpl_dcmp_Inf
    drleqf.o(x$fpl$drleqf) refers (Special) to usenofp.o(x$fpl$usenofp) for __I$use$fp
    drleqf.o(x$fpl$drleqf) refers to dleqf.o(x$fpl$dleqf) for __fpl_dcmple_InfNaN
    frexp.o(i.__hardfp_frexp) refers (Special) to usenofp.o(x$fpl$usenofp) for __I$use$fp
    frexp.o(i.__hardfp_frexp) refers to dmul.o(x$fpl$dmul) for __aeabi_dmul
    frexp.o(i.__softfp_frexp) refers (Special) to usenofp.o(x$fpl$usenofp) for __I$use$fp
    frexp.o(i.__softfp_frexp) refers to dmul.o(x$fpl$dmul) for __aeabi_dmul
    frexp.o(i.frexp) refers (Special) to usenofp.o(x$fpl$usenofp) for __I$use$fp
    frexp.o(i.frexp) refers to dmul.o(x$fpl$dmul) for __aeabi_dmul
    sys_command.o(.text) refers (Special) to use_no_semi.o(.text) for __I$use$semihosting
    sys_command.o(.text) refers (Special) to indicate_semi.o(.text) for __semihosting_library_function
    defsig_rtmem_outer.o(.text) refers to defsig_rtmem_inner.o(.text) for __rt_SIGRTMEM_inner
    defsig_rtmem_outer.o(.text) refers to defsig_exit.o(.text) for __sig_exit
    defsig_rtmem_formal.o(.text) refers to rt_raise.o(.text) for __rt_raise
    dcmpi.o(x$fpl$dcmpinf) refers (Special) to usenofp.o(x$fpl$usenofp) for __I$use$fp
    dleqf.o(x$fpl$dleqf) refers (Special) to usenofp.o(x$fpl$usenofp) for __I$use$fp
    dleqf.o(x$fpl$dleqf) refers to dnaninf.o(x$fpl$dnaninf) for __fpl_dnaninf
    dleqf.o(x$fpl$dleqf) refers to dcmpi.o(x$fpl$dcmpinf) for __fpl_dcmp_Inf
    dmul.o(x$fpl$dmul) refers (Special) to usenofp.o(x$fpl$usenofp) for __I$use$fp
    dmul.o(x$fpl$dmul) refers to dretinf.o(x$fpl$dretinf) for __fpl_dretinf
    dmul.o(x$fpl$dmul) refers to dnaninf.o(x$fpl$dnaninf) for __fpl_dnaninf
    dnaninf.o(x$fpl$dnaninf) refers (Special) to usenofp.o(x$fpl$usenofp) for __I$use$fp
    fretinf.o(x$fpl$fretinf) refers (Special) to usenofp.o(x$fpl$usenofp) for __I$use$fp
    ldexp.o(i.__hardfp_ldexp) refers (Special) to usenofp.o(x$fpl$usenofp) for __I$use$fp
    ldexp.o(i.__hardfp_ldexp) refers to deqf.o(x$fpl$deqf) for __aeabi_cdcmpeq
    ldexp.o(i.__hardfp_ldexp) refers to scalbn.o(x$fpl$scalbn) for __ARM_scalbn
    ldexp.o(i.__hardfp_ldexp) refers to _rserrno.o(.text) for __set_errno
    ldexp.o(i.__hardfp_ldexp) refers to dunder.o(i.__mathlib_dbl_underflow) for __mathlib_dbl_underflow
    ldexp.o(i.__hardfp_ldexp) refers to dmul.o(x$fpl$dmul) for __aeabi_dmul
    ldexp.o(i.__softfp_ldexp) refers (Special) to usenofp.o(x$fpl$usenofp) for __I$use$fp
    ldexp.o(i.__softfp_ldexp) refers to ldexp.o(i.__hardfp_ldexp) for __hardfp_ldexp
    ldexp.o(i.__support_ldexp) refers (Special) to usenofp.o(x$fpl$usenofp) for __I$use$fp
    ldexp.o(i.__support_ldexp) refers to ldexp.o(i.__hardfp_ldexp) for __hardfp_ldexp
    ldexp.o(i.ldexp) refers (Special) to usenofp.o(x$fpl$usenofp) for __I$use$fp
    ldexp.o(i.ldexp) refers to ldexp.o(i.__hardfp_ldexp) for __hardfp_ldexp
    ldexp_x.o(i.____hardfp_ldexp$lsc) refers (Special) to usenofp.o(x$fpl$usenofp) for __I$use$fp
    ldexp_x.o(i.____hardfp_ldexp$lsc) refers to deqf.o(x$fpl$deqf) for __aeabi_cdcmpeq
    ldexp_x.o(i.____hardfp_ldexp$lsc) refers to scalbn.o(x$fpl$scalbn) for __ARM_scalbn
    ldexp_x.o(i.____hardfp_ldexp$lsc) refers to _rserrno.o(.text) for __set_errno
    ldexp_x.o(i.____hardfp_ldexp$lsc) refers to qnan.o(.constdata) for __mathlib_zero
    ldexp_x.o(i.____softfp_ldexp$lsc) refers (Special) to usenofp.o(x$fpl$usenofp) for __I$use$fp
    ldexp_x.o(i.____softfp_ldexp$lsc) refers to ldexp_x.o(i.____hardfp_ldexp$lsc) for ____hardfp_ldexp$lsc
    ldexp_x.o(i.____support_ldexp$lsc) refers (Special) to usenofp.o(x$fpl$usenofp) for __I$use$fp
    ldexp_x.o(i.____support_ldexp$lsc) refers to ldexp_x.o(i.____hardfp_ldexp$lsc) for ____hardfp_ldexp$lsc
    ldexp_x.o(i.__ldexp$lsc) refers (Special) to usenofp.o(x$fpl$usenofp) for __I$use$fp
    ldexp_x.o(i.__ldexp$lsc) refers to ldexp_x.o(i.____hardfp_ldexp$lsc) for ____hardfp_ldexp$lsc
    rt_raise.o(.text) refers to __raise.o(.text) for __raise
    rt_raise.o(.text) refers to sys_exit.o(.text) for _sys_exit
    defsig_exit.o(.text) refers to sys_exit.o(.text) for _sys_exit
    defsig_rtmem_inner.o(.text) refers to defsig_general.o(.text) for __default_signal_display
    dretinf.o(x$fpl$dretinf) refers (Special) to usenofp.o(x$fpl$usenofp) for __I$use$fp
    scalbn.o(x$fpl$scalbn) refers (Special) to usenofp.o(x$fpl$usenofp) for __I$use$fp
    scalbn.o(x$fpl$scalbn) refers to dcheck1.o(x$fpl$dcheck1) for __fpl_dcheck_NaN1
    dunder.o(i.__mathlib_dbl_underflow) refers to dmul.o(x$fpl$dmul) for __aeabi_dmul
    qnan.o(.constdata) refers (Special) to usenofp.o(x$fpl$usenofp) for __I$use$fp
    sys_exit.o(.text) refers (Special) to use_no_semi.o(.text) for __I$use$semihosting
    sys_exit.o(.text) refers (Special) to indicate_semi.o(.text) for __semihosting_library_function
    __raise.o(.text) refers to defsig.o(CL$$defsig) for __default_signal_handler
    defsig_general.o(.text) refers to sys_wrch.o(.text) for _ttywrch
    dcheck1.o(x$fpl$dcheck1) refers (Special) to usenofp.o(x$fpl$usenofp) for __I$use$fp
    dcheck1.o(x$fpl$dcheck1) refers to retnan.o(x$fpl$retnan) for __fpl_return_NaN
    sys_wrch.o(.text) refers (Special) to use_no_semi.o(.text) for __I$use$semihosting
    sys_wrch.o(.text) refers (Special) to indicate_semi.o(.text) for __semihosting_library_function
    defsig.o(CL$$defsig) refers to defsig_rtmem_inner.o(.text) for __rt_SIGRTMEM_inner
    retnan.o(x$fpl$retnan) refers (Special) to usenofp.o(x$fpl$usenofp) for __I$use$fp
    retnan.o(x$fpl$retnan) refers to trapv.o(x$fpl$trapveneer) for __fpl_cmpreturn
    defsig_abrt_inner.o(.text) refers to defsig_general.o(.text) for __default_signal_display
    defsig_fpe_inner.o(.text) refers to defsig_general.o(.text) for __default_signal_display
    defsig_rtred_inner.o(.text) refers to defsig_general.o(.text) for __default_signal_display
    defsig_stak_inner.o(.text) refers to defsig_general.o(.text) for __default_signal_display
    defsig_pvfn_inner.o(.text) refers to defsig_general.o(.text) for __default_signal_display
    defsig_cppl_inner.o(.text) refers to defsig_general.o(.text) for __default_signal_display
    defsig_segv_inner.o(.text) refers to defsig_general.o(.text) for __default_signal_display
    defsig_other.o(.text) refers to defsig_general.o(.text) for __default_signal_display
    trapv.o(x$fpl$trapveneer) refers (Special) to usenofp.o(x$fpl$usenofp) for __I$use$fp
    scanf_fp.o(i._is_digit) refers (Special) to usenofp.o(x$fpl$usenofp) for __I$use$fp
    scanf_fp.o(i._is_digit) refers (Special) to lc_numeric_c.o(locale$$code) for _get_lc_numeric


==============================================================================

Removing Unused input sections from the image.

    Removing startup.o(HEAP), (0 bytes).
    Removing startup.o(.text), (48 bytes).

2 unused section(s) (total 48 bytes) removed from the image.

==============================================================================

Image Symbol Table

    Local Symbols

    Symbol Name                              Value     Ov Type        Size  Object(Section)

    RESET                                    0x00000000   Section      644  startup.o(RESET)
    ../clib/angel/rt.s                       0x00000000   Number         0  rt_errno_addr_intlibspace.o ABSOLUTE
    ../clib/angel/rt.s                       0x00000000   Number         0  rt_errno_addr.o ABSOLUTE
    ../clib/angel/rt.s                       0x00000000   Number         0  rt_locale_intlibspace.o ABSOLUTE
    ../clib/angel/rt.s                       0x00000000   Number         0  rt_locale.o ABSOLUTE
    ../clib/angel/rt.s                       0x00000000   Number         0  rt_raise.o ABSOLUTE
    ../clib/angel/rt.s                       0x00000000   Number         0  rt_ctype_table.o ABSOLUTE
    ../clib/angel/sys.s                      0x00000000   Number         0  libspace.o ABSOLUTE
    ../clib/angel/sys.s                      0x00000000   Number         0  use_no_semi.o ABSOLUTE
    ../clib/angel/sys.s                      0x00000000   Number         0  indicate_semi.o ABSOLUTE
    ../clib/angel/sysapp.c                   0x00000000   Number         0  sys_command.o ABSOLUTE
    ../clib/angel/sysapp.c                   0x00000000   Number         0  sys_wrch.o ABSOLUTE
    ../clib/angel/sysapp.c                   0x00000000   Number         0  sys_exit.o ABSOLUTE
    ../clib/armsys.c                         0x00000000   Number         0  argv_veneer.o ABSOLUTE
    ../clib/armsys.c                         0x00000000   Number         0  argv_veneer.o ABSOLUTE
    ../clib/armsys.c                         0x00000000   Number         0  _get_argv_nomalloc.o ABSOLUTE
    ../clib/armsys.c                         0x00000000   Number         0  no_argv.o ABSOLUTE
    ../clib/bigflt.c                         0x00000000   Number         0  bigflt0.o ABSOLUTE
    ../clib/btod.s                           0x00000000   Number         0  btod.o ABSOLUTE
    ../clib/ctype.c                          0x00000000   Number         0  isspace.o ABSOLUTE
    ../clib/fenv.c                           0x00000000   Number         0  _rserrno.o ABSOLUTE
    ../clib/heapalloc.c                      0x00000000   Number         0  hrguard.o ABSOLUTE
    ../clib/heapaux.c                        0x00000000   Number         0  heapauxi.o ABSOLUTE
    ../clib/libinit.s                        0x00000000   Number         0  libinit2.o ABSOLUTE
    ../clib/locale.s                         0x00000000   Number         0  lc_numeric_c.o ABSOLUTE
    ../clib/locale.s                         0x00000000   Number         0  lc_ctype_c.o ABSOLUTE
    ../clib/longlong.s                       0x00000000   Number         0  llshl.o ABSOLUTE
    ../clib/memcpset.s                       0x00000000   Number         0  strcmpv7m.o ABSOLUTE
    ../clib/scanf.c                          0x00000000   Number         0  scanf_fp.o ABSOLUTE
    ../clib/scanf.c                          0x00000000   Number         0  strtod.o ABSOLUTE
    ../clib/scanf.c                          0x00000000   Number         0  scanf_hexfp.o ABSOLUTE
    ../clib/scanf.c                          0x00000000   Number         0  scanf_infnan.o ABSOLUTE
    ../clib/scanf.c                          0x00000000   Number         0  _chval.o ABSOLUTE
    ../clib/scanf.c                          0x00000000   Number         0  _sgetc.o ABSOLUTE
    ../clib/signal.c                         0x00000000   Number         0  defsig_rtmem_formal.o ABSOLUTE
    ../clib/signal.c                         0x00000000   Number         0  defsig_abrt_inner.o ABSOLUTE
    ../clib/signal.c                         0x00000000   Number         0  defsig_stak_inner.o ABSOLUTE
    ../clib/signal.c                         0x00000000   Number         0  defsig_pvfn_inner.o ABSOLUTE
    ../clib/signal.c                         0x00000000   Number         0  defsig_other.o ABSOLUTE
    ../clib/signal.c                         0x00000000   Number         0  defsig_segv_inner.o ABSOLUTE
    ../clib/signal.c                         0x00000000   Number         0  defsig_rtred_inner.o ABSOLUTE
    ../clib/signal.c                         0x00000000   Number         0  defsig_cppl_inner.o ABSOLUTE
    ../clib/signal.c                         0x00000000   Number         0  defsig_rtmem_outer.o ABSOLUTE
    ../clib/signal.c                         0x00000000   Number         0  defsig_rtmem_inner.o ABSOLUTE
    ../clib/signal.c                         0x00000000   Number         0  defsig_exit.o ABSOLUTE
    ../clib/signal.c                         0x00000000   Number         0  defsig_fpe_inner.o ABSOLUTE
    ../clib/signal.c                         0x00000000   Number         0  __raise.o ABSOLUTE
    ../clib/signal.c                         0x00000000   Number         0  defsig_general.o ABSOLUTE
    ../clib/signal.s                         0x00000000   Number         0  defsig.o ABSOLUTE
    ../fplib/d2f.s                           0x00000000   Number         0  d2f.o ABSOLUTE
    ../fplib/dcheck1.s                       0x00000000   Number         0  dcheck1.o ABSOLUTE
    ../fplib/dcmpi.s                         0x00000000   Number         0  dcmpi.o ABSOLUTE
    ../fplib/deqf.s                          0x00000000   Number         0  deqf.o ABSOLUTE
    ../fplib/dleqf.s                         0x00000000   Number         0  dleqf.o ABSOLUTE
    ../fplib/dmul.s                          0x00000000   Number         0  dmul.o ABSOLUTE
    ../fplib/dnaninf.s                       0x00000000   Number         0  dnaninf.o ABSOLUTE
    ../fplib/dretinf.s                       0x00000000   Number         0  dretinf.o ABSOLUTE
    ../fplib/drleqf.s                        0x00000000   Number         0  drleqf.o ABSOLUTE
    ../fplib/fpconst.s                       0x00000000   Number         0  fpconst.o ABSOLUTE
    ../fplib/fpinit.s                        0x00000000   Number         0  fpinit.o ABSOLUTE
    ../fplib/fretinf.s                       0x00000000   Number         0  fretinf.o ABSOLUTE
    ../fplib/istatus.s                       0x00000000   Number         0  istatus.o ABSOLUTE
    ../fplib/retnan.s                        0x00000000   Number         0  retnan.o ABSOLUTE
    ../fplib/scalbn.s                        0x00000000   Number         0  scalbn.o ABSOLUTE
    ../fplib/scanf1.s                        0x00000000   Number         0  scanf1.o ABSOLUTE
    ../fplib/scanf2.s                        0x00000000   Number         0  scanf2.o ABSOLUTE
    ../fplib/scanf2a.s                       0x00000000   Number         0  scanf2a.o ABSOLUTE
    ../fplib/scanf2b.s                       0x00000000   Number         0  scanf2b.o ABSOLUTE
    ../fplib/trapv.s                         0x00000000   Number         0  trapv.o ABSOLUTE
    ../fplib/usenofp.s                       0x00000000   Number         0  usenofp.o ABSOLUTE
    ../mathlib/dunder.c                      0x00000000   Number         0  dunder.o ABSOLUTE
    ../mathlib/frexp.c                       0x00000000   Number         0  frexp.o ABSOLUTE
    ../mathlib/ldexp.c                       0x00000000   Number         0  ldexp.o ABSOLUTE
    ../mathlib/ldexp.c                       0x00000000   Number         0  ldexp_x.o ABSOLUTE
    ../mathlib/narrow.c                      0x00000000   Number         0  narrow.o ABSOLUTE
    ../mathlib/qnan.c                        0x00000000   Number         0  qnan.o ABSOLUTE
    ../mathlib/strtold.c                     0x00000000   Number         0  strtold.o ABSOLUTE
    DIO_DRIVER.c                             0x00000000   Number         0  dio_driver.o ABSOLUTE
    LCD_DRIVER.c                             0x00000000   Number         0  lcd_driver.o ABSOLUTE
    UART1.c                                  0x00000000   Number         0  uart1.o ABSOLUTE
    dc.s                                     0x00000000   Number         0  dc.o ABSOLUTE
    main.c                                   0x00000000   Number         0  main.o ABSOLUTE
    startup.s                                0x00000000   Number         0  startup.o ABSOLUTE
    sysTick.c                                0x00000000   Number         0  systick.o ABSOLUTE
    $v0                                      0x0000026c   Number         0  startup.o(RESET)
    .ARM.Collect$$libinit$$00000011          0x00000284   Section        0  libinit2.o(.ARM.Collect$$libinit$$00000011)
    .ARM.Collect$$libinit$$00000015          0x00000284   Section        0  libinit2.o(.ARM.Collect$$libinit$$00000015)
    .text                                    0x00000284   Section        0  main.o(.text)
    .text                                    0x00000310   Section        0  systick.o(.text)
    .text                                    0x00000350   Section        0  uart1.o(.text)
    .text                                    0x000004d4   Section        0  dio_driver.o(.text)
    .text                                    0x00000634   Section        0  lcd_driver.o(.text)
    .text                                    0x0000072c   Section        0  heapauxi.o(.text)
    .text                                    0x00000734   Section        0  strtod.o(.text)
    _local_sscanf                            0x00000735   Thumb Code    60  strtod.o(.text)
    .text                                    0x000007d4   Section        0  isspace.o(.text)
    .text                                    0x000007e6   Section        0  _sgetc.o(.text)
    .text                                    0x00000828   Section       16  rt_ctype_table.o(.text)
    .text                                    0x00000838   Section        0  scanf_fp.o(.text)
    _fp_value                                0x00000839   Thumb Code   504  scanf_fp.o(.text)
    .text                                    0x00000cdc   Section      128  strcmpv7m.o(.text)
    .text                                    0x00000d5c   Section        8  rt_locale.o(.text)
    .text                                    0x00000d64   Section        8  rt_errno_addr.o(.text)
    .text                                    0x00000d6c   Section        0  bigflt0.o(.text)
    .text                                    0x00000e50   Section        0  _rserrno.o(.text)
    .text                                    0x00000e68   Section        0  scanf_hexfp.o(.text)
    .text                                    0x0000117c   Section        0  scanf_infnan.o(.text)
    .text                                    0x000012b8   Section       38  llshl.o(.text)
    .text                                    0x000012de   Section        0  _chval.o(.text)
    CL$$btod_div_common                      0x000012fa   Section      824  btod.o(CL$$btod_div_common)
    CL$$btod_e2d                             0x00001634   Section       84  btod.o(CL$$btod_e2d)
    CL$$btod_e2e                             0x00001688   Section      198  btod.o(CL$$btod_e2e)
    CL$$btod_ediv                            0x0000174e   Section       40  btod.o(CL$$btod_ediv)
    CL$$btod_edivd                           0x00001776   Section       40  btod.o(CL$$btod_edivd)
    CL$$btod_emul                            0x0000179e   Section       40  btod.o(CL$$btod_emul)
    CL$$btod_emuld                           0x000017c6   Section       40  btod.o(CL$$btod_emuld)
    CL$$btod_mult_common                     0x000017ee   Section      580  btod.o(CL$$btod_mult_common)
    i.__hardfp_ldexp                         0x00001a38   Section        0  ldexp.o(i.__hardfp_ldexp)
    i.__hardfp_strtold                       0x00001b20   Section        0  strtold.o(i.__hardfp_strtold)
    i.__mathlib_dbl_underflow                0x00001b48   Section        0  dunder.o(i.__mathlib_dbl_underflow)
    i.__mathlib_narrow                       0x00001b68   Section        0  narrow.o(i.__mathlib_narrow)
    i.__support_ldexp                        0x00001c20   Section        0  ldexp.o(i.__support_ldexp)
    i._is_digit                              0x00001c34   Section        0  scanf_fp.o(i._is_digit)
    i.frexp                                  0x00001c48   Section        0  frexp.o(i.frexp)
    locale$$code                             0x00001ce4   Section       44  lc_numeric_c.o(locale$$code)
    locale$$code                             0x00001d10   Section       44  lc_ctype_c.o(locale$$code)
    x$fpl$d2f                                0x00001d3c   Section       98  d2f.o(x$fpl$d2f)
    $v0                                      0x00001d3c   Number         0  d2f.o(x$fpl$d2f)
    x$fpl$dcheck1                            0x00001da0   Section       16  dcheck1.o(x$fpl$dcheck1)
    $v0                                      0x00001da0   Number         0  dcheck1.o(x$fpl$dcheck1)
    x$fpl$dcmpinf                            0x00001db0   Section       24  dcmpi.o(x$fpl$dcmpinf)
    $v0                                      0x00001db0   Number         0  dcmpi.o(x$fpl$dcmpinf)
    x$fpl$deqf                               0x00001dc8   Section      120  deqf.o(x$fpl$deqf)
    $v0                                      0x00001dc8   Number         0  deqf.o(x$fpl$deqf)
    x$fpl$dleqf                              0x00001e40   Section      120  dleqf.o(x$fpl$dleqf)
    $v0                                      0x00001e40   Number         0  dleqf.o(x$fpl$dleqf)
    x$fpl$dmul                               0x00001eb8   Section      340  dmul.o(x$fpl$dmul)
    $v0                                      0x00001eb8   Number         0  dmul.o(x$fpl$dmul)
    x$fpl$dnaninf                            0x0000200c   Section      156  dnaninf.o(x$fpl$dnaninf)
    $v0                                      0x0000200c   Number         0  dnaninf.o(x$fpl$dnaninf)
    x$fpl$dretinf                            0x000020a8   Section       12  dretinf.o(x$fpl$dretinf)
    $v0                                      0x000020a8   Number         0  dretinf.o(x$fpl$dretinf)
    x$fpl$drleqf                             0x000020b4   Section      108  drleqf.o(x$fpl$drleqf)
    $v0                                      0x000020b4   Number         0  drleqf.o(x$fpl$drleqf)
    x$fpl$fretinf                            0x00002120   Section       10  fretinf.o(x$fpl$fretinf)
    $v0                                      0x00002120   Number         0  fretinf.o(x$fpl$fretinf)
    x$fpl$retnan                             0x0000212a   Section      100  retnan.o(x$fpl$retnan)
    $v0                                      0x0000212a   Number         0  retnan.o(x$fpl$retnan)
    x$fpl$scalbn                             0x0000218e   Section       92  scalbn.o(x$fpl$scalbn)
    $v0                                      0x0000218e   Number         0  scalbn.o(x$fpl$scalbn)
    x$fpl$scanf1                             0x000021ea   Section        4  scanf1.o(x$fpl$scanf1)
    $v0                                      0x000021ea   Number         0  scanf1.o(x$fpl$scanf1)
    x$fpl$scanf2                             0x000021ee   Section        8  scanf2.o(x$fpl$scanf2)
    $v0                                      0x000021ee   Number         0  scanf2.o(x$fpl$scanf2)
    x$fpl$trapveneer                         0x000021f6   Section       48  trapv.o(x$fpl$trapveneer)
    $v0                                      0x000021f6   Number         0  trapv.o(x$fpl$trapveneer)
    x$fpl$usenofp                            0x00002226   Section        0  usenofp.o(x$fpl$usenofp)
    .constdata                               0x00002228   Section      148  bigflt0.o(.constdata)
    tenpwrs_x                                0x00002228   Data          60  bigflt0.o(.constdata)
    tenpwrs_i                                0x00002264   Data          64  bigflt0.o(.constdata)
    c$$dinf                                  0x000022bc   Section        8  fpconst.o(c$$dinf)
    locale$$data                             0x000022c4   Section       28  lc_numeric_c.o(locale$$data)
    __lcnum_c_name                           0x000022c8   Data           2  lc_numeric_c.o(locale$$data)
    __lcnum_c_start                          0x000022d0   Data           0  lc_numeric_c.o(locale$$data)
    __lcnum_c_point                          0x000022dc   Data           0  lc_numeric_c.o(locale$$data)
    __lcnum_c_thousands                      0x000022de   Data           0  lc_numeric_c.o(locale$$data)
    __lcnum_c_grouping                       0x000022df   Data           0  lc_numeric_c.o(locale$$data)
    locale$$data                             0x000022e0   Section      272  lc_ctype_c.o(locale$$data)
    __lcnum_c_end                            0x000022e0   Data           0  lc_numeric_c.o(locale$$data)
    __lcctype_c_name                         0x000022e4   Data           2  lc_ctype_c.o(locale$$data)
    __lcctype_c_start                        0x000022ec   Data           0  lc_ctype_c.o(locale$$data)
    __lcctype_c_end                          0x000023f0   Data           0  lc_ctype_c.o(locale$$data)
    .data                                    0x20000000   Section       24  main.o(.data)
    .bss                                     0x20000018   Section       20  rt_locale.o(.bss)
    __rt_locale_data                         0x20000018   Data          20  rt_locale.o(.bss)
    .bss                                     0x2000002c   Section        4  rt_errno_addr.o(.bss)
    __aeabi_errno_addr_data                  0x2000002c   Data           4  rt_errno_addr.o(.bss)
    STACK                                    0x20000030   Section     1024  startup.o(STACK)
    StackMem                                 0x20000030   Data           0  startup.o(STACK)

    Global Symbols

    Symbol Name                              Value     Ov Type        Size  Object(Section)

    BuildAttributes$$THM_ISAv4$E$P$D$K$B$S$7EM$VFPi3$EXTD16$VFPS$VFMA$PE$A:L22UL41UL21$X:L11$S22US41US21$IEEE1$IW$USESV6$~STKCKD$USESV7$~SHL$OTIME$ROPI$IEEEX$EBA8$STANDARDLIB$REQ8$PRES8$EABIv2 0x00000000   Number         0  anon$$obj.o ABSOLUTE
    __Vectors                                0x00000000   Data           0  startup.o(RESET)
    __ARM_exceptions_init                     - Undefined Weak Reference
    __alloca_initialize                       - Undefined Weak Reference
    __cpp_initialize__aeabi_                  - Undefined Weak Reference
    __sigvec_lookup                           - Undefined Weak Reference
    _atexit_init                              - Undefined Weak Reference
    _clock_init                               - Undefined Weak Reference
    _fp_trap_init                             - Undefined Weak Reference
    _get_lc_collate                           - Undefined Weak Reference
    _get_lc_monetary                          - Undefined Weak Reference
    _get_lc_time                              - Undefined Weak Reference
    _getenv_init                              - Undefined Weak Reference
    _handle_redirection                       - Undefined Weak Reference
    _init_alloc                               - Undefined Weak Reference
    _init_user_alloc                          - Undefined Weak Reference
    _initio                                   - Undefined Weak Reference
    _rand_init                                - Undefined Weak Reference
    _signal_init                              - Undefined Weak Reference
    Reset_Handler                            0x0000026d   Thumb Code     0  startup.o(RESET)
    NMI_Handler                              0x00000271   Thumb Code     2  startup.o(RESET)
    HardFault_Handler                        0x00000273   Thumb Code     2  startup.o(RESET)
    MemManage_Handler                        0x00000275   Thumb Code     2  startup.o(RESET)
    BusFault_Handler                         0x00000277   Thumb Code     2  startup.o(RESET)
    UsageFault_Handler                       0x00000279   Thumb Code     2  startup.o(RESET)
    SVC_Handler                              0x0000027b   Thumb Code     2  startup.o(RESET)
    DebugMon_Handler                         0x0000027d   Thumb Code     2  startup.o(RESET)
    PendSV_Handler                           0x0000027f   Thumb Code     2  startup.o(RESET)
    SysTick_Handler                          0x00000281   Thumb Code     2  startup.o(RESET)
    ADC0Seq0_Handler                         0x00000283   Thumb Code     0  startup.o(RESET)
    ADC0Seq1_Handler                         0x00000283   Thumb Code     0  startup.o(RESET)
    ADC0Seq2_Handler                         0x00000283   Thumb Code     0  startup.o(RESET)
    ADC0Seq3_Handler                         0x00000283   Thumb Code     0  startup.o(RESET)
    ADC1Seq0_Handler                         0x00000283   Thumb Code     0  startup.o(RESET)
    ADC1Seq1_Handler                         0x00000283   Thumb Code     0  startup.o(RESET)
    ADC1Seq2_Handler                         0x00000283   Thumb Code     0  startup.o(RESET)
    ADC1Seq3_Handler                         0x00000283   Thumb Code     0  startup.o(RESET)
    CAN0_Handler                             0x00000283   Thumb Code     0  startup.o(RESET)
    CAN1_Handler                             0x00000283   Thumb Code     0  startup.o(RESET)
    CAN2_Handler                             0x00000283   Thumb Code     0  startup.o(RESET)
    Comp0_Handler                            0x00000283   Thumb Code     0  startup.o(RESET)
    Comp1_Handler                            0x00000283   Thumb Code     0  startup.o(RESET)
    Comp2_Handler                            0x00000283   Thumb Code     0  startup.o(RESET)
    Ethernet_Handler                         0x00000283   Thumb Code     0  startup.o(RESET)
    ExtBus_Handler                           0x00000283   Thumb Code     0  startup.o(RESET)
    FPU_Handler                              0x00000283   Thumb Code     0  startup.o(RESET)
    Fan0_Handler                             0x00000283   Thumb Code     0  startup.o(RESET)
    FlashCtl_Handler                         0x00000283   Thumb Code     0  startup.o(RESET)
    GPIOPortA_Handler                        0x00000283   Thumb Code     0  startup.o(RESET)
    GPIOPortB_Handler                        0x00000283   Thumb Code     0  startup.o(RESET)
    GPIOPortC_Handler                        0x00000283   Thumb Code     0  startup.o(RESET)
    GPIOPortD_Handler                        0x00000283   Thumb Code     0  startup.o(RESET)
    GPIOPortE_Handler                        0x00000283   Thumb Code     0  startup.o(RESET)
    GPIOPortF_Handler                        0x00000283   Thumb Code     0  startup.o(RESET)
    GPIOPortG_Handler                        0x00000283   Thumb Code     0  startup.o(RESET)
    GPIOPortH_Handler                        0x00000283   Thumb Code     0  startup.o(RESET)
    GPIOPortJ_Handler                        0x00000283   Thumb Code     0  startup.o(RESET)
    GPIOPortK_Handler                        0x00000283   Thumb Code     0  startup.o(RESET)
    GPIOPortL_Handler                        0x00000283   Thumb Code     0  startup.o(RESET)
    GPIOPortM_Handler                        0x00000283   Thumb Code     0  startup.o(RESET)
    GPIOPortN_Handler                        0x00000283   Thumb Code     0  startup.o(RESET)
    GPIOPortP1_Handler                       0x00000283   Thumb Code     0  startup.o(RESET)
    GPIOPortP2_Handler                       0x00000283   Thumb Code     0  startup.o(RESET)
    GPIOPortP3_Handler                       0x00000283   Thumb Code     0  startup.o(RESET)
    GPIOPortP4_Handler                       0x00000283   Thumb Code     0  startup.o(RESET)
    GPIOPortP5_Handler                       0x00000283   Thumb Code     0  startup.o(RESET)
    GPIOPortP6_Handler                       0x00000283   Thumb Code     0  startup.o(RESET)
    GPIOPortP7_Handler                       0x00000283   Thumb Code     0  startup.o(RESET)
    GPIOPortP_Handler                        0x00000283   Thumb Code     0  startup.o(RESET)
    GPIOPortQ1_Handler                       0x00000283   Thumb Code     0  startup.o(RESET)
    GPIOPortQ2_Handler                       0x00000283   Thumb Code     0  startup.o(RESET)
    GPIOPortQ3_Handler                       0x00000283   Thumb Code     0  startup.o(RESET)
    GPIOPortQ4_Handler                       0x00000283   Thumb Code     0  startup.o(RESET)
    GPIOPortQ5_Handler                       0x00000283   Thumb Code     0  startup.o(RESET)
    GPIOPortQ6_Handler                       0x00000283   Thumb Code     0  startup.o(RESET)
    GPIOPortQ7_Handler                       0x00000283   Thumb Code     0  startup.o(RESET)
    GPIOPortQ_Handler                        0x00000283   Thumb Code     0  startup.o(RESET)
    GPIOPortR_Handler                        0x00000283   Thumb Code     0  startup.o(RESET)
    GPIOPortS_Handler                        0x00000283   Thumb Code     0  startup.o(RESET)
    Hibernate_Handler                        0x00000283   Thumb Code     0  startup.o(RESET)
    I2C0_Handler                             0x00000283   Thumb Code     0  startup.o(RESET)
    I2C1_Handler                             0x00000283   Thumb Code     0  startup.o(RESET)
    I2C2_Handler                             0x00000283   Thumb Code     0  startup.o(RESET)
    I2C3_Handler                             0x00000283   Thumb Code     0  startup.o(RESET)
    I2C4_Handler                             0x00000283   Thumb Code     0  startup.o(RESET)
    I2C5_Handler                             0x00000283   Thumb Code     0  startup.o(RESET)
    I2S0_Handler                             0x00000283   Thumb Code     0  startup.o(RESET)
    LPC0_Handler                             0x00000283   Thumb Code     0  startup.o(RESET)
    PECI0_Handler                            0x00000283   Thumb Code     0  startup.o(RESET)
    PWM0Fault_Handler                        0x00000283   Thumb Code     0  startup.o(RESET)
    PWM0Generator0_Handler                   0x00000283   Thumb Code     0  startup.o(RESET)
    PWM0Generator1_Handler                   0x00000283   Thumb Code     0  startup.o(RESET)
    PWM0Generator2_Handler                   0x00000283   Thumb Code     0  startup.o(RESET)
    PWM0Generator3_Handler                   0x00000283   Thumb Code     0  startup.o(RESET)
    PWM1Fault_Handler                        0x00000283   Thumb Code     0  startup.o(RESET)
    PWM1Generator0_Handler                   0x00000283   Thumb Code     0  startup.o(RESET)
    PWM1Generator1_Handler                   0x00000283   Thumb Code     0  startup.o(RESET)
    PWM1Generator2_Handler                   0x00000283   Thumb Code     0  startup.o(RESET)
    PWM1Generator3_Handler                   0x00000283   Thumb Code     0  startup.o(RESET)
    Quadrature0_Handler                      0x00000283   Thumb Code     0  startup.o(RESET)
    Quadrature1_Handler                      0x00000283   Thumb Code     0  startup.o(RESET)
    Quadrature2_Handler                      0x00000283   Thumb Code     0  startup.o(RESET)
    SSI0_Handler                             0x00000283   Thumb Code     0  startup.o(RESET)
    SSI1_Handler                             0x00000283   Thumb Code     0  startup.o(RESET)
    SSI2_Handler                             0x00000283   Thumb Code     0  startup.o(RESET)
    SSI3_Handler                             0x00000283   Thumb Code     0  startup.o(RESET)
    SysCtl_Handler                           0x00000283   Thumb Code     0  startup.o(RESET)
    Timer0A_Handler                          0x00000283   Thumb Code     0  startup.o(RESET)
    Timer0B_Handler                          0x00000283   Thumb Code     0  startup.o(RESET)
    Timer1A_Handler                          0x00000283   Thumb Code     0  startup.o(RESET)
    Timer1B_Handler                          0x00000283   Thumb Code     0  startup.o(RESET)
    Timer2A_Handler                          0x00000283   Thumb Code     0  startup.o(RESET)
    Timer2B_Handler                          0x00000283   Thumb Code     0  startup.o(RESET)
    Timer3A_Handler                          0x00000283   Thumb Code     0  startup.o(RESET)
    Timer3B_Handler                          0x00000283   Thumb Code     0  startup.o(RESET)
    Timer4A_Handler                          0x00000283   Thumb Code     0  startup.o(RESET)
    Timer4B_Handler                          0x00000283   Thumb Code     0  startup.o(RESET)
    Timer5A_Handler                          0x00000283   Thumb Code     0  startup.o(RESET)
    Timer5B_Handler                          0x00000283   Thumb Code     0  startup.o(RESET)
    UART0_Handler                            0x00000283   Thumb Code     0  startup.o(RESET)
    UART1_Handler                            0x00000283   Thumb Code     0  startup.o(RESET)
    UART2_Handler                            0x00000283   Thumb Code     0  startup.o(RESET)
    UART3_Handler                            0x00000283   Thumb Code     0  startup.o(RESET)
    UART4_Handler                            0x00000283   Thumb Code     0  startup.o(RESET)
    UART5_Handler                            0x00000283   Thumb Code     0  startup.o(RESET)
    UART6_Handler                            0x00000283   Thumb Code     0  startup.o(RESET)
    UART7_Handler                            0x00000283   Thumb Code     0  startup.o(RESET)
    USB0_Handler                             0x00000283   Thumb Code     0  startup.o(RESET)
    WDT_Handler                              0x00000283   Thumb Code     0  startup.o(RESET)
    WideTimer0A_Handler                      0x00000283   Thumb Code     0  startup.o(RESET)
    WideTimer0B_Handler                      0x00000283   Thumb Code     0  startup.o(RESET)
    WideTimer1A_Handler                      0x00000283   Thumb Code     0  startup.o(RESET)
    WideTimer1B_Handler                      0x00000283   Thumb Code     0  startup.o(RESET)
    WideTimer2A_Handler                      0x00000283   Thumb Code     0  startup.o(RESET)
    WideTimer2B_Handler                      0x00000283   Thumb Code     0  startup.o(RESET)
    WideTimer3A_Handler                      0x00000283   Thumb Code     0  startup.o(RESET)
    WideTimer3B_Handler                      0x00000283   Thumb Code     0  startup.o(RESET)
    WideTimer4A_Handler                      0x00000283   Thumb Code     0  startup.o(RESET)
    WideTimer4B_Handler                      0x00000283   Thumb Code     0  startup.o(RESET)
    WideTimer5A_Handler                      0x00000283   Thumb Code     0  startup.o(RESET)
    WideTimer5B_Handler                      0x00000283   Thumb Code     0  startup.o(RESET)
    uDMA_Error                               0x00000283   Thumb Code     0  startup.o(RESET)
    uDMA_Handler                             0x00000283   Thumb Code     0  startup.o(RESET)
    __rt_lib_init_lc_ctype_2                 0x00000285   Thumb Code     0  libinit2.o(.ARM.Collect$$libinit$$00000011)
    __rt_lib_init_lc_numeric_2               0x00000285   Thumb Code     0  libinit2.o(.ARM.Collect$$libinit$$00000015)
    is_distance_greater_or_equal_to_100      0x00000285   Thumb Code    16  main.o(.text)
    __main                                   0x00000295   Thumb Code   114  main.o(.text)
    sysTickInit                              0x00000311   Thumb Code    16  systick.o(.text)
    sysTickWait                              0x00000321   Thumb Code    24  systick.o(.text)
    sysTickWait1Ms                           0x00000339   Thumb Code    24  systick.o(.text)
    UART_Init                                0x00000351   Thumb Code   124  uart1.o(.text)
    ReadData                                 0x000003cd   Thumb Code    32  uart1.o(.text)
    UART0_Init                               0x000003ed   Thumb Code   124  uart1.o(.text)
    SendData_UART0                           0x00000469   Thumb Code    18  uart1.o(.text)
    ReadData_UART0                           0x0000047b   Thumb Code    40  uart1.o(.text)
    sendString_Uart0                         0x000004a3   Thumb Code    22  uart1.o(.text)
    Portf_Init_input_Output                  0x000004d5   Thumb Code    88  dio_driver.o(.text)
    Portf_input                              0x0000052d   Thumb Code    10  dio_driver.o(.text)
    Portf_output                             0x00000537   Thumb Code     6  dio_driver.o(.text)
    Portb_Init_output                        0x0000053d   Thumb Code    90  dio_driver.o(.text)
    porta_init_output                        0x00000597   Thumb Code    98  dio_driver.o(.text)
    Portb_output                             0x000005f9   Thumb Code     6  dio_driver.o(.text)
    Porta_output                             0x000005ff   Thumb Code     6  dio_driver.o(.text)
    LCD_WriteCommand                         0x00000635   Thumb Code    74  lcd_driver.o(.text)
    LCD_WriteData                            0x0000067f   Thumb Code    88  lcd_driver.o(.text)
    Lcd_init                                 0x000006d7   Thumb Code    52  lcd_driver.o(.text)
    LCD_DisplayString                        0x0000070b   Thumb Code    26  lcd_driver.o(.text)
    __use_two_region_memory                  0x0000072d   Thumb Code     2  heapauxi.o(.text)
    __rt_heap_escrow$2region                 0x0000072f   Thumb Code     2  heapauxi.o(.text)
    __rt_heap_expand$2region                 0x00000731   Thumb Code     2  heapauxi.o(.text)
    __strtod_int                             0x00000771   Thumb Code    88  strtod.o(.text)
    isspace                                  0x000007d5   Thumb Code    18  isspace.o(.text)
    _sgetc                                   0x000007e7   Thumb Code    30  _sgetc.o(.text)
    _sbackspace                              0x00000805   Thumb Code    34  _sgetc.o(.text)
    __rt_ctype_table                         0x00000829   Thumb Code    16  rt_ctype_table.o(.text)
    _scanf_really_real                       0x00000a31   Thumb Code   672  scanf_fp.o(.text)
    strcmp                                   0x00000cdd   Thumb Code   128  strcmpv7m.o(.text)
    __rt_locale                              0x00000d5d   Thumb Code     8  rt_locale.o(.text)
    __aeabi_errno_addr                       0x00000d65   Thumb Code     8  rt_errno_addr.o(.text)
    __errno                                  0x00000d65   Thumb Code     0  rt_errno_addr.o(.text)
    __rt_errno_addr                          0x00000d65   Thumb Code     0  rt_errno_addr.o(.text)
    _btod_etento                             0x00000d6d   Thumb Code   222  bigflt0.o(.text)
    __read_errno                             0x00000e51   Thumb Code    10  _rserrno.o(.text)
    __set_errno                              0x00000e5b   Thumb Code    12  _rserrno.o(.text)
    _scanf_really_hex_real                   0x00000e69   Thumb Code   776  scanf_hexfp.o(.text)
    _scanf_really_infnan                     0x0000117d   Thumb Code   298  scanf_infnan.o(.text)
    __aeabi_llsl                             0x000012b9   Thumb Code     0  llshl.o(.text)
    _ll_shift_l                              0x000012b9   Thumb Code    38  llshl.o(.text)
    _chval                                   0x000012df   Thumb Code    28  _chval.o(.text)
    __btod_div_common                        0x000012fb   Thumb Code   696  btod.o(CL$$btod_div_common)
    _e2d                                     0x00001635   Thumb Code    80  btod.o(CL$$btod_e2d)
    _e2e                                     0x00001689   Thumb Code   198  btod.o(CL$$btod_e2e)
    _btod_ediv                               0x0000174f   Thumb Code    40  btod.o(CL$$btod_ediv)
    _btod_edivd                              0x00001777   Thumb Code    40  btod.o(CL$$btod_edivd)
    _btod_emul                               0x0000179f   Thumb Code    40  btod.o(CL$$btod_emul)
    _btod_emuld                              0x000017c7   Thumb Code    40  btod.o(CL$$btod_emuld)
    __btod_mult_common                       0x000017ef   Thumb Code   580  btod.o(CL$$btod_mult_common)
    __hardfp_ldexp                           0x00001a39   Thumb Code   216  ldexp.o(i.__hardfp_ldexp)
    __hardfp_strtold                         0x00001b21   Thumb Code    30  strtold.o(i.__hardfp_strtold)
    __mathlib_dbl_underflow                  0x00001b49   Thumb Code    24  dunder.o(i.__mathlib_dbl_underflow)
    __mathlib_narrow                         0x00001b69   Thumb Code   166  narrow.o(i.__mathlib_narrow)
    __support_ldexp                          0x00001c21   Thumb Code    20  ldexp.o(i.__support_ldexp)
    _is_digit                                0x00001c35   Thumb Code    14  scanf_fp.o(i._is_digit)
    frexp                                    0x00001c49   Thumb Code   134  frexp.o(i.frexp)
    _get_lc_numeric                          0x00001ce5   Thumb Code    44  lc_numeric_c.o(locale$$code)
    _get_lc_ctype                            0x00001d11   Thumb Code    44  lc_ctype_c.o(locale$$code)
    __aeabi_d2f                              0x00001d3d   Thumb Code     0  d2f.o(x$fpl$d2f)
    _d2f                                     0x00001d3d   Thumb Code    98  d2f.o(x$fpl$d2f)
    __fpl_dcheck_NaN1                        0x00001da1   Thumb Code    10  dcheck1.o(x$fpl$dcheck1)
    __fpl_dcmp_Inf                           0x00001db1   Thumb Code    24  dcmpi.o(x$fpl$dcmpinf)
    __aeabi_cdcmpeq                          0x00001dc9   Thumb Code     0  deqf.o(x$fpl$deqf)
    _dcmpeq                                  0x00001dc9   Thumb Code   120  deqf.o(x$fpl$deqf)
    __aeabi_cdcmple                          0x00001e41   Thumb Code     0  dleqf.o(x$fpl$dleqf)
    _dcmple                                  0x00001e41   Thumb Code   120  dleqf.o(x$fpl$dleqf)
    __fpl_dcmple_InfNaN                      0x00001ea3   Thumb Code     0  dleqf.o(x$fpl$dleqf)
    __aeabi_dmul                             0x00001eb9   Thumb Code     0  dmul.o(x$fpl$dmul)
    _dmul                                    0x00001eb9   Thumb Code   332  dmul.o(x$fpl$dmul)
    __fpl_dnaninf                            0x0000200d   Thumb Code   156  dnaninf.o(x$fpl$dnaninf)
    __fpl_dretinf                            0x000020a9   Thumb Code    12  dretinf.o(x$fpl$dretinf)
    __aeabi_cdrcmple                         0x000020b5   Thumb Code     0  drleqf.o(x$fpl$drleqf)
    _drcmple                                 0x000020b5   Thumb Code   108  drleqf.o(x$fpl$drleqf)
    __fpl_fretinf                            0x00002121   Thumb Code    10  fretinf.o(x$fpl$fretinf)
    __fpl_return_NaN                         0x0000212b   Thumb Code   100  retnan.o(x$fpl$retnan)
    __ARM_scalbn                             0x0000218f   Thumb Code    92  scalbn.o(x$fpl$scalbn)
    _scanf_real                              0x000021eb   Thumb Code     4  scanf1.o(x$fpl$scanf1)
    _scanf_hex_real                          0x000021ef   Thumb Code     4  scanf2.o(x$fpl$scanf2)
    _scanf_infnan                            0x000021f3   Thumb Code     4  scanf2.o(x$fpl$scanf2)
    __fpl_cmpreturn                          0x000021f7   Thumb Code    48  trapv.o(x$fpl$trapveneer)
    __I$use$fp                               0x00002226   Number         0  usenofp.o(x$fpl$usenofp)
    __aeabi_HUGE_VAL                         0x000022bc   Data           0  fpconst.o(c$$dinf)
    __aeabi_HUGE_VALL                        0x000022bc   Data           0  fpconst.o(c$$dinf)
    __aeabi_INFINITY                         0x000022bc   Data           0  fpconst.o(c$$dinf)
    __dInf                                   0x000022bc   Data           0  fpconst.o(c$$dinf)
    __huge_val                               0x000022bc   Data           0  fpconst.o(c$$dinf)
    __ctype                                  0x000022ed   Data           0  lc_ctype_c.o(locale$$data)
    first_read                               0x20000000   Data           1  main.o(.data)
    total_distance_as_string                 0x20000001   Data           6  main.o(.data)
    NS                                       0x20000007   Data           1  main.o(.data)
    EW                                       0x20000008   Data           1  main.o(.data)
    ptr                                      0x2000000c   Data           4  main.o(.data)
    a                                        0x20000010   Data           8  main.o(.data)



==============================================================================

Memory Map of the image

  Image Entry point : 0x0000026d

  Load Region LR_1 (Base: 0x00000000, Size: 0x00002408, Max: 0xffffffff, ABSOLUTE)

    Execution Region ER_RO (Base: 0x00000000, Size: 0x000023f0, Max: 0xffffffff, ABSOLUTE)

    Base Addr    Size         Type   Attr      Idx    E Section Name        Object

    0x00000000   0x00000284   Code   RO           93  * RESET               startup.o
    0x00000284   0x00000000   Code   RO          144    .ARM.Collect$$libinit$$00000011  c_w.l(libinit2.o)
    0x00000284   0x00000000   Code   RO          148    .ARM.Collect$$libinit$$00000015  c_w.l(libinit2.o)
    0x00000284   0x0000008c   Code   RO            1    .text               main.o
    0x00000310   0x00000040   Code   RO           43    .text               systick.o
    0x00000350   0x00000184   Code   RO           55    .text               uart1.o
    0x000004d4   0x00000160   Code   RO           67    .text               dio_driver.o
    0x00000634   0x000000f8   Code   RO           79    .text               lcd_driver.o
    0x0000072c   0x00000006   Code   RO          103    .text               c_w.l(heapauxi.o)
    0x00000732   0x00000002   PAD
    0x00000734   0x000000a0   Code   RO          111    .text               c_w.l(strtod.o)
    0x000007d4   0x00000012   Code   RO          114    .text               c_w.l(isspace.o)
    0x000007e6   0x00000040   Code   RO          116    .text               c_w.l(_sgetc.o)
    0x00000826   0x00000002   PAD
    0x00000828   0x00000010   Code   RO          123    .text               c_w.l(rt_ctype_table.o)
    0x00000838   0x000004a4   Code   RO          125    .text               c_w.l(scanf_fp.o)
    0x00000cdc   0x00000080   Code   RO          129    .text               c_w.l(strcmpv7m.o)
    0x00000d5c   0x00000008   Code   RO          174    .text               c_w.l(rt_locale.o)
    0x00000d64   0x00000008   Code   RO          179    .text               c_w.l(rt_errno_addr.o)
    0x00000d6c   0x000000e4   Code   RO          184    .text               c_w.l(bigflt0.o)
    0x00000e50   0x00000016   Code   RO          238    .text               c_w.l(_rserrno.o)
    0x00000e66   0x00000002   PAD
    0x00000e68   0x00000314   Code   RO          240    .text               c_w.l(scanf_hexfp.o)
    0x0000117c   0x0000013c   Code   RO          242    .text               c_w.l(scanf_infnan.o)
    0x000012b8   0x00000026   Code   RO          264    .text               c_w.l(llshl.o)
    0x000012de   0x0000001c   Code   RO          266    .text               c_w.l(_chval.o)
    0x000012fa   0x00000338   Code   RO          197    CL$$btod_div_common  c_w.l(btod.o)
    0x00001632   0x00000002   PAD
    0x00001634   0x00000054   Code   RO          195    CL$$btod_e2d        c_w.l(btod.o)
    0x00001688   0x000000c6   Code   RO          194    CL$$btod_e2e        c_w.l(btod.o)
    0x0000174e   0x00000028   Code   RO          191    CL$$btod_ediv       c_w.l(btod.o)
    0x00001776   0x00000028   Code   RO          193    CL$$btod_edivd      c_w.l(btod.o)
    0x0000179e   0x00000028   Code   RO          190    CL$$btod_emul       c_w.l(btod.o)
    0x000017c6   0x00000028   Code   RO          192    CL$$btod_emuld      c_w.l(btod.o)
    0x000017ee   0x00000244   Code   RO          196    CL$$btod_mult_common  c_w.l(btod.o)
    0x00001a32   0x00000006   PAD
    0x00001a38   0x000000e8   Code   RO          282    i.__hardfp_ldexp    m_wm.l(ldexp.o)
    0x00001b20   0x00000028   Code   RO          105    i.__hardfp_strtold  m_wm.l(strtold.o)
    0x00001b48   0x00000020   Code   RO          311    i.__mathlib_dbl_underflow  m_wm.l(dunder.o)
    0x00001b68   0x000000b8   Code   RO          228    i.__mathlib_narrow  m_wm.l(narrow.o)
    0x00001c20   0x00000014   Code   RO          284    i.__support_ldexp   m_wm.l(ldexp.o)
    0x00001c34   0x0000000e   Code   RO          127    i._is_digit         c_w.l(scanf_fp.o)
    0x00001c42   0x00000006   PAD
    0x00001c48   0x0000009c   Code   RO          256    i.frexp             m_wm.l(frexp.o)
    0x00001ce4   0x0000002c   Code   RO          119    locale$$code        c_w.l(lc_numeric_c.o)
    0x00001d10   0x0000002c   Code   RO          210    locale$$code        c_w.l(lc_ctype_c.o)
    0x00001d3c   0x00000062   Code   RO          248    x$fpl$d2f           fz_wm.l(d2f.o)
    0x00001d9e   0x00000002   PAD
    0x00001da0   0x00000010   Code   RO          320    x$fpl$dcheck1       fz_wm.l(dcheck1.o)
    0x00001db0   0x00000018   Code   RO          272    x$fpl$dcmpinf       fz_wm.l(dcmpi.o)
    0x00001dc8   0x00000078   Code   RO          250    x$fpl$deqf          fz_wm.l(deqf.o)
    0x00001e40   0x00000078   Code   RO          274    x$fpl$dleqf         fz_wm.l(dleqf.o)
    0x00001eb8   0x00000154   Code   RO          276    x$fpl$dmul          fz_wm.l(dmul.o)
    0x0000200c   0x0000009c   Code   RO          278    x$fpl$dnaninf       fz_wm.l(dnaninf.o)
    0x000020a8   0x0000000c   Code   RO          307    x$fpl$dretinf       fz_wm.l(dretinf.o)
    0x000020b4   0x0000006c   Code   RO          252    x$fpl$drleqf        fz_wm.l(drleqf.o)
    0x00002120   0x0000000a   Code   RO          280    x$fpl$fretinf       fz_wm.l(fretinf.o)
    0x0000212a   0x00000064   Code   RO          326    x$fpl$retnan        fz_wm.l(retnan.o)
    0x0000218e   0x0000005c   Code   RO          309    x$fpl$scalbn        fz_wm.l(scalbn.o)
    0x000021ea   0x00000004   Code   RO          121    x$fpl$scanf1        fz_wm.l(scanf1.o)
    0x000021ee   0x00000008   Code   RO          221    x$fpl$scanf2        fz_wm.l(scanf2.o)
    0x000021f6   0x00000030   Code   RO          344    x$fpl$trapveneer    fz_wm.l(trapv.o)
    0x00002226   0x00000000   Code   RO          113    x$fpl$usenofp       fz_wm.l(usenofp.o)
    0x00002226   0x00000002   PAD
    0x00002228   0x00000094   Data   RO          185    .constdata          c_w.l(bigflt0.o)
    0x000022bc   0x00000008   Data   RO          214    c$$dinf             fz_wm.l(fpconst.o)
    0x000022c4   0x0000001c   Data   RO          118    locale$$data        c_w.l(lc_numeric_c.o)
    0x000022e0   0x00000110   Data   RO          209    locale$$data        c_w.l(lc_ctype_c.o)


    Execution Region ER_RW (Base: 0x20000000, Size: 0x00000018, Max: 0xffffffff, ABSOLUTE)

    Base Addr    Size         Type   Attr      Idx    E Section Name        Object

    0x20000000   0x00000018   Data   RW            2    .data               main.o


    Execution Region ER_ZI (Base: 0x20000018, Size: 0x00000418, Max: 0xffffffff, ABSOLUTE)

    Base Addr    Size         Type   Attr      Idx    E Section Name        Object

    0x20000018   0x00000014   Zero   RW          175    .bss                c_w.l(rt_locale.o)
    0x2000002c   0x00000004   Zero   RW          180    .bss                c_w.l(rt_errno_addr.o)
    0x20000030   0x00000400   Zero   RW           91    STACK               startup.o


==============================================================================

Image component sizes


      Code (inc. data)   RO Data    RW Data    ZI Data      Debug   Object Name

       352         48          0          0          0       1333   dio_driver.o
       248          8          0          0          0       1020   lcd_driver.o
       140         10          0         24          0     257095   main.o
       644        620          0          0       1024        744   startup.o
        64          0          0          0          0        941   systick.o
       388         28          0          0          0       1403   uart1.o

    ----------------------------------------------------------------------
      1836        714          0         24       1024     262536   Object Totals
         0          0          0          0          0          0   (incl. Generated)
         0          0          0          0          0          0   (incl. Padding)

    ----------------------------------------------------------------------

      Code (inc. data)   RO Data    RW Data    ZI Data      Debug   Library Member Name

        28          0          0          0          0         68   _chval.o
        22          0          0          0          0        100   _rserrno.o
        64          0          0          0          0         84   _sgetc.o
       228          6        148          0          0         96   bigflt0.o
      1846        132          0          0          0        736   btod.o
         6          0          0          0          0        152   heapauxi.o
        18          0          0          0          0         76   isspace.o
        44         10        272          0          0         76   lc_ctype_c.o
        44         10         28          0          0         76   lc_numeric_c.o
         0          0          0          0          0          0   libinit2.o
        38          0          0          0          0         68   llshl.o
        16          4          0          0          0         76   rt_ctype_table.o
         8          4          0          0          4         68   rt_errno_addr.o
         8          4          0          0         20         68   rt_locale.o
      1202         12          0          0          0        216   scanf_fp.o
       788         12          0          0          0        100   scanf_hexfp.o
       316         18          0          0          0        100   scanf_infnan.o
       128          0          0          0          0         68   strcmpv7m.o
       160         12          0          0          0        120   strtod.o
        98          4          0          0          0        140   d2f.o
        16          4          0          0          0        116   dcheck1.o
        24          0          0          0          0        116   dcmpi.o
       120          4          0          0          0        140   deqf.o
       120          4          0          0          0        140   dleqf.o
       340         12          0          0          0        152   dmul.o
       156          4          0          0          0        140   dnaninf.o
        12          0          0          0          0        116   dretinf.o
       108          0          0          0          0        128   drleqf.o
         0          0          8          0          0          0   fpconst.o
        10          0          0          0          0        116   fretinf.o
       100          0          0          0          0        116   retnan.o
        92          0          0          0          0        116   scalbn.o
         4          0          0          0          0        116   scanf1.o
         8          0          0          0          0        132   scanf2.o
        48          0          0          0          0        116   trapv.o
         0          0          0          0          0          0   usenofp.o
        32          8          0          0          0        124   dunder.o
       156         22          0          0          0        132   frexp.o
       252         16          0          0          0        308   ldexp.o
       184         18          0          0          0        152   narrow.o
        40         10          0          0          0        128   strtold.o

    ----------------------------------------------------------------------
      6908        332        456          0         24       5092   Library Totals
        24          2          0          0          0          0   (incl. Padding)

    ----------------------------------------------------------------------

      Code (inc. data)   RO Data    RW Data    ZI Data      Debug   Library Name

      4964        224        448          0         24       2348   c_w.l
      1256         32          8          0          0       1900   fz_wm.l
       664         74          0          0          0        844   m_wm.l

    ----------------------------------------------------------------------
      6908        332        456          0         24       5092   Library Totals

    ----------------------------------------------------------------------

==============================================================================


      Code (inc. data)   RO Data    RW Data    ZI Data      Debug   

      8744       1046        456         24       1048     263780   Grand Totals
      8744       1046        456         24       1048     263780   ELF Image Totals
      8744       1046        456         24          0          0   ROM Totals

==============================================================================

    Total RO  Size (Code + RO Data)                 9200 (   8.98kB)
    Total RW  Size (RW Data + ZI Data)              1072 (   1.05kB)
    Total ROM Size (Code + RO Data + RW Data)       9224 (   9.01kB)

==============================================================================

