ARM Linker, 5.03 [Build 76] [MDK-ARM Lite]

==============================================================================

Section Cross References

    startup_tm4c123.o(STACK) refers (Special) to heapauxi.o(.text) for __use_two_region_memory
    startup_tm4c123.o(HEAP) refers (Special) to heapauxi.o(.text) for __use_two_region_memory
    startup_tm4c123.o(RESET) refers (Special) to heapauxi.o(.text) for __use_two_region_memory
    startup_tm4c123.o(RESET) refers to startup_tm4c123.o(STACK) for __initial_sp
    startup_tm4c123.o(RESET) refers to startup_tm4c123.o(.text) for Reset_Handler
    startup_tm4c123.o(.text) refers (Special) to heapauxi.o(.text) for __use_two_region_memory
    startup_tm4c123.o(.text) refers to main.o(.text) for SystemInit
    startup_tm4c123.o(.text) refers to startup_tm4c123.o(HEAP) for Heap_Mem
    startup_tm4c123.o(.text) refers to startup_tm4c123.o(STACK) for Stack_Mem
    main.o(.text) refers to dio_driver.o(.text) for Portf_output
    main.o(.text) refers to systick.o(.text) for sysTickInit
    main.o(.text) refers to lcd_driver.o(.text) for Lcd_init
    main.o(.text) refers to uart1.o(.text) for UART_Init
    main.o(.text) refers to gps.o(.text) for read_gps_data
    main.o(.text) refers to dmul.o(x$fpl$dmul) for __aeabi_dmul
    main.o(.text) refers to d2f.o(x$fpl$d2f) for __aeabi_d2f
    main.o(.text) refers to main.o(.data) for total_distance
    main.o(.text) refers to main.o(.bss) for data_start
    gps.o(.text) refers to uart1.o(.text) for ReadData_UART0
    gps.o(.text) refers to atof.o(i.__hardfp_atof) for __hardfp_atof
    gps.o(.text) refers to dmul.o(x$fpl$dmul) for __aeabi_dmul
    gps.o(.text) refers to ddiv.o(x$fpl$ddiv) for __aeabi_ddiv
    gps.o(.text) refers to gps.o(.data) for CommaCounter
    gps.o(.text) refers to gps.o(.bss) for buffer
    uart1.o(.text) refers to lcd_driver.o(.text) for LCD_WriteData
    lcd_driver.o(.text) refers to systick.o(.text) for sysTickWait1Ms
    d2f.o(x$fpl$d2f) refers (Special) to usenofp.o(x$fpl$usenofp) for __I$use$fp
    d2f.o(x$fpl$d2f) refers to fretinf.o(x$fpl$fretinf) for __fpl_fretinf
    d2f.o(x$fpl$d2f) refers to dnaninf.o(x$fpl$dnaninf) for __fpl_dnaninf
    ddiv.o(x$fpl$drdiv) refers (Special) to usenofp.o(x$fpl$usenofp) for __I$use$fp
    ddiv.o(x$fpl$drdiv) refers to ddiv.o(x$fpl$ddiv) for ddiv_entry
    ddiv.o(x$fpl$ddiv) refers (Special) to usenofp.o(x$fpl$usenofp) for __I$use$fp
    ddiv.o(x$fpl$ddiv) refers to dretinf.o(x$fpl$dretinf) for __fpl_dretinf
    ddiv.o(x$fpl$ddiv) refers to dnaninf.o(x$fpl$dnaninf) for __fpl_dnaninf
    dmul.o(x$fpl$dmul) refers (Special) to usenofp.o(x$fpl$usenofp) for __I$use$fp
    dmul.o(x$fpl$dmul) refers to dretinf.o(x$fpl$dretinf) for __fpl_dretinf
    dmul.o(x$fpl$dmul) refers to dnaninf.o(x$fpl$dnaninf) for __fpl_dnaninf
    atof.o(i.__hardfp_atof) refers (Special) to usenofp.o(x$fpl$usenofp) for __I$use$fp
    atof.o(i.__hardfp_atof) refers to _rserrno.o(.text) for __read_errno
    atof.o(i.__hardfp_atof) refers to strtod.o(.text) for __strtod_int
    atof.o(i.__softfp_atof) refers (Special) to usenofp.o(x$fpl$usenofp) for __I$use$fp
    atof.o(i.__softfp_atof) refers to _rserrno.o(.text) for __read_errno
    atof.o(i.__softfp_atof) refers to strtod.o(.text) for __strtod_int
    atof.o(i.atof) refers (Special) to usenofp.o(x$fpl$usenofp) for __I$use$fp
    atof.o(i.atof) refers to _rserrno.o(.text) for __read_errno
    atof.o(i.atof) refers to strtod.o(.text) for __strtod_int
    _rserrno.o(.text) refers to rt_errno_addr.o(.text) for __aeabi_errno_addr
    strtod.o(.text) refers (Special) to lc_numeric_c.o(locale$$code) for _get_lc_numeric
    strtod.o(.text) refers to scanf1.o(x$fpl$scanf1) for _scanf_real
    strtod.o(.text) refers to _sgetc.o(.text) for _sgetc
    strtod.o(.text) refers to isspace.o(.text) for isspace
    dnaninf.o(x$fpl$dnaninf) refers (Special) to usenofp.o(x$fpl$usenofp) for __I$use$fp
    dretinf.o(x$fpl$dretinf) refers (Special) to usenofp.o(x$fpl$usenofp) for __I$use$fp
    fretinf.o(x$fpl$fretinf) refers (Special) to usenofp.o(x$fpl$usenofp) for __I$use$fp
    rt_errno_addr.o(.text) refers to rt_errno_addr.o(.bss) for __aeabi_errno_addr_data
    rt_errno_addr_intlibspace.o(.text) refers to libspace.o(.bss) for __libspace_start
    isspace.o(.text) refers to rt_ctype_table.o(.text) for __rt_ctype_table
    lc_numeric_c.o(locale$$data) refers (Special) to libinit2.o(.ARM.Collect$$libinit$$00000015) for __rt_lib_init_lc_numeric_2
    lc_numeric_c.o(locale$$code) refers (Special) to libinit2.o(.ARM.Collect$$libinit$$00000015) for __rt_lib_init_lc_numeric_2
    lc_numeric_c.o(locale$$code) refers to strcmpv7m.o(.text) for strcmp
    lc_numeric_c.o(locale$$code) refers to lc_numeric_c.o(locale$$data) for __lcnum_c_name
    scanf1.o(x$fpl$scanf1) refers to scanf_fp.o(.text) for _scanf_really_real
    libspace.o(.text) refers to libspace.o(.bss) for __libspace_start
    rt_ctype_table.o(.text) refers to rt_locale.o(.text) for __rt_locale
    rt_ctype_table.o(.text) refers to lc_ctype_c.o(locale$$code) for _get_lc_ctype
    scanf_fp.o(.text) refers (Special) to usenofp.o(x$fpl$usenofp) for __I$use$fp
    scanf_fp.o(.text) refers (Special) to lc_numeric_c.o(locale$$code) for _get_lc_numeric
    scanf_fp.o(.text) refers to rt_errno_addr.o(.text) for __aeabi_errno_addr
    scanf_fp.o(.text) refers to bigflt0.o(.text) for _btod_etento
    scanf_fp.o(.text) refers to btod.o(CL$$btod_emuld) for _btod_emuld
    scanf_fp.o(.text) refers to btod.o(CL$$btod_edivd) for _btod_edivd
    scanf_fp.o(.text) refers to rt_locale.o(.text) for __rt_locale
    scanf_fp.o(.text) refers to scanf2.o(x$fpl$scanf2) for _scanf_infnan
    scanf_fp.o(.text) refers to scanf_fp.o(i._is_digit) for _is_digit
    scanf_fp.o(.text) refers to narrow.o(i.__mathlib_narrow) for __mathlib_narrow
    scanf_fp.o(.text) refers to fpconst.o(c$$dinf) for __huge_val
    libinit2.o(.ARM.Collect$$libinit$$00000001) refers to fpinit.o(x$fpl$fpinit) for _fp_init
    libinit2.o(.ARM.Collect$$libinit$$0000000D) refers (Weak) to rt_locale.o(.text) for __rt_locale
    libinit2.o(.ARM.Collect$$libinit$$0000000E) refers to libinit2.o(.ARM.Collect$$libinit$$0000000D) for .ARM.Collect$$libinit$$0000000D
    libinit2.o(.ARM.Collect$$libinit$$00000010) refers to libinit2.o(.ARM.Collect$$libinit$$0000000D) for .ARM.Collect$$libinit$$0000000D
    libinit2.o(.ARM.Collect$$libinit$$00000010) refers (Weak) to lc_ctype_c.o(locale$$code) for _get_lc_ctype
    libinit2.o(.ARM.Collect$$libinit$$00000012) refers to libinit2.o(.ARM.Collect$$libinit$$0000000D) for .ARM.Collect$$libinit$$0000000D
    libinit2.o(.ARM.Collect$$libinit$$00000014) refers to libinit2.o(.ARM.Collect$$libinit$$0000000D) for .ARM.Collect$$libinit$$0000000D
    libinit2.o(.ARM.Collect$$libinit$$00000014) refers (Weak) to lc_numeric_c.o(locale$$code) for _get_lc_numeric
    libinit2.o(.ARM.Collect$$libinit$$00000016) refers to libinit2.o(.ARM.Collect$$libinit$$0000000D) for .ARM.Collect$$libinit$$0000000D
    libinit2.o(.ARM.Collect$$libinit$$00000024) refers to argv_veneer.o(.emb_text) for __ARM_argv_veneer
    libinit2.o(.ARM.Collect$$libinit$$00000025) refers to argv_veneer.o(.emb_text) for __ARM_argv_veneer
    rt_locale.o(.text) refers to rt_locale.o(.bss) for __rt_locale_data
    rt_locale_intlibspace.o(.text) refers to libspace.o(.bss) for __libspace_start
    bigflt0.o(.text) refers (Special) to usenofp.o(x$fpl$usenofp) for __I$use$fp
    bigflt0.o(.text) refers to btod.o(CL$$btod_emul) for _btod_emul
    bigflt0.o(.text) refers to btod.o(CL$$btod_ediv) for _btod_ediv
    bigflt0.o(.text) refers to bigflt0.o(.constdata) for .constdata
    bigflt0.o(.constdata) refers (Special) to usenofp.o(x$fpl$usenofp) for __I$use$fp
    btod.o(CL$$btod_d2e) refers (Special) to usenofp.o(x$fpl$usenofp) for __I$use$fp
    btod.o(CL$$btod_d2e) refers to btod.o(CL$$btod_d2e_norm_op1) for _d2e_norm_op1
    btod.o(CL$$btod_d2e_norm_op1) refers (Special) to usenofp.o(x$fpl$usenofp) for __I$use$fp
    btod.o(CL$$btod_d2e_norm_op1) refers to btod.o(CL$$btod_d2e_denorm_low) for _d2e_denorm_low
    btod.o(CL$$btod_d2e_denorm_low) refers (Special) to usenofp.o(x$fpl$usenofp) for __I$use$fp
    btod.o(CL$$btod_emul) refers (Special) to usenofp.o(x$fpl$usenofp) for __I$use$fp
    btod.o(CL$$btod_emul) refers to btod.o(CL$$btod_mult_common) for __btod_mult_common
    btod.o(CL$$btod_emul) refers to btod.o(CL$$btod_e2e) for _e2e
    btod.o(CL$$btod_ediv) refers (Special) to usenofp.o(x$fpl$usenofp) for __I$use$fp
    btod.o(CL$$btod_ediv) refers to btod.o(CL$$btod_div_common) for __btod_div_common
    btod.o(CL$$btod_ediv) refers to btod.o(CL$$btod_e2e) for _e2e
    btod.o(CL$$btod_emuld) refers (Special) to usenofp.o(x$fpl$usenofp) for __I$use$fp
    btod.o(CL$$btod_emuld) refers to btod.o(CL$$btod_mult_common) for __btod_mult_common
    btod.o(CL$$btod_emuld) refers to btod.o(CL$$btod_e2d) for _e2d
    btod.o(CL$$btod_edivd) refers (Special) to usenofp.o(x$fpl$usenofp) for __I$use$fp
    btod.o(CL$$btod_edivd) refers to btod.o(CL$$btod_div_common) for __btod_div_common
    btod.o(CL$$btod_edivd) refers to btod.o(CL$$btod_e2d) for _e2d
    btod.o(CL$$btod_e2e) refers (Special) to usenofp.o(x$fpl$usenofp) for __I$use$fp
    btod.o(CL$$btod_e2d) refers (Special) to usenofp.o(x$fpl$usenofp) for __I$use$fp
    btod.o(CL$$btod_e2d) refers to btod.o(CL$$btod_e2e) for _e2e
    btod.o(CL$$btod_mult_common) refers (Special) to usenofp.o(x$fpl$usenofp) for __I$use$fp
    btod.o(CL$$btod_div_common) refers (Special) to usenofp.o(x$fpl$usenofp) for __I$use$fp
    lc_ctype_c.o(locale$$data) refers (Special) to libinit2.o(.ARM.Collect$$libinit$$00000011) for __rt_lib_init_lc_ctype_2
    lc_ctype_c.o(locale$$code) refers (Special) to libinit2.o(.ARM.Collect$$libinit$$00000011) for __rt_lib_init_lc_ctype_2
    lc_ctype_c.o(locale$$code) refers to strcmpv7m.o(.text) for strcmp
    lc_ctype_c.o(locale$$code) refers to lc_ctype_c.o(locale$$data) for __lcctype_c_name
    argv_veneer.o(.emb_text) refers to _get_argv_nomalloc.o(.text) for __ARM_get_argv
    fpconst.o(c$$dinf) refers (Special) to usenofp.o(x$fpl$usenofp) for __I$use$fp
    fpconst.o(c$$dnan) refers (Special) to usenofp.o(x$fpl$usenofp) for __I$use$fp
    fpconst.o(c$$finf) refers (Special) to usenofp.o(x$fpl$usenofp) for __I$use$fp
    istatus.o(x$fpl$ieeestatus) refers (Special) to usenofp.o(x$fpl$usenofp) for __I$use$fp
    scanf2.o(x$fpl$scanf2) refers to scanf_hexfp.o(.text) for _scanf_really_hex_real
    scanf2.o(x$fpl$scanf2) refers to scanf_infnan.o(.text) for _scanf_really_infnan
    scanf2b.o(x$fpl$scanf2) refers to scanf_hexfp.o(.text) for _scanf_really_hex_real
    scanf2b.o(x$fpl$scanf2) refers to scanf_infnan.o(.text) for _scanf_really_infnan
    narrow.o(i.__hardfp___mathlib_tofloat) refers (Special) to usenofp.o(x$fpl$usenofp) for __I$use$fp
    narrow.o(i.__hardfp___mathlib_tofloat) refers to frexp.o(i.frexp) for frexp
    narrow.o(i.__hardfp___mathlib_tofloat) refers to deqf.o(x$fpl$deqf) for __aeabi_cdcmpeq
    narrow.o(i.__hardfp___mathlib_tofloat) refers to d2f.o(x$fpl$d2f) for __aeabi_d2f
    narrow.o(i.__hardfp___mathlib_tofloat) refers to _rserrno.o(.text) for __set_errno
    narrow.o(i.__hardfp___mathlib_tofloat) refers to drleqf.o(x$fpl$drleqf) for __aeabi_cdrcmple
    narrow.o(i.__mathlib_narrow) refers (Special) to usenofp.o(x$fpl$usenofp) for __I$use$fp
    narrow.o(i.__mathlib_narrow) refers to frexp.o(i.frexp) for frexp
    narrow.o(i.__mathlib_narrow) refers to deqf.o(x$fpl$deqf) for __aeabi_cdcmpeq
    narrow.o(i.__mathlib_narrow) refers to d2f.o(x$fpl$d2f) for __aeabi_d2f
    narrow.o(i.__mathlib_narrow) refers to _rserrno.o(.text) for __set_errno
    narrow.o(i.__mathlib_narrow) refers to drleqf.o(x$fpl$drleqf) for __aeabi_cdrcmple
    narrow.o(i.__mathlib_tofloat) refers (Special) to usenofp.o(x$fpl$usenofp) for __I$use$fp
    narrow.o(i.__mathlib_tofloat) refers to frexp.o(i.frexp) for frexp
    narrow.o(i.__mathlib_tofloat) refers to deqf.o(x$fpl$deqf) for __aeabi_cdcmpeq
    narrow.o(i.__mathlib_tofloat) refers to d2f.o(x$fpl$d2f) for __aeabi_d2f
    narrow.o(i.__mathlib_tofloat) refers to _rserrno.o(.text) for __set_errno
    narrow.o(i.__mathlib_tofloat) refers to drleqf.o(x$fpl$drleqf) for __aeabi_cdrcmple
    narrow.o(i.__softfp___mathlib_tofloat) refers (Special) to usenofp.o(x$fpl$usenofp) for __I$use$fp
    narrow.o(i.__softfp___mathlib_tofloat) refers to frexp.o(i.frexp) for frexp
    narrow.o(i.__softfp___mathlib_tofloat) refers to deqf.o(x$fpl$deqf) for __aeabi_cdcmpeq
    narrow.o(i.__softfp___mathlib_tofloat) refers to d2f.o(x$fpl$d2f) for __aeabi_d2f
    narrow.o(i.__softfp___mathlib_tofloat) refers to _rserrno.o(.text) for __set_errno
    narrow.o(i.__softfp___mathlib_tofloat) refers to drleqf.o(x$fpl$drleqf) for __aeabi_cdrcmple
    scanf_hexfp.o(.text) refers to _chval.o(.text) for _chval
    scanf_hexfp.o(.text) refers to llshl.o(.text) for __aeabi_llsl
    scanf_hexfp.o(.text) refers to ldexp.o(i.__support_ldexp) for __support_ldexp
    scanf_hexfp.o(.text) refers to narrow.o(i.__mathlib_narrow) for __mathlib_narrow
    _get_argv_nomalloc.o(.text) refers (Special) to hrguard.o(.text) for __heap_region$guard
    _get_argv_nomalloc.o(.text) refers to defsig_rtmem_outer.o(.text) for __rt_SIGRTMEM
    _get_argv_nomalloc.o(.text) refers to sys_command.o(.text) for _sys_command_string
    deqf.o(x$fpl$deqf) refers (Special) to usenofp.o(x$fpl$usenofp) for __I$use$fp
    deqf.o(x$fpl$deqf) refers to dnaninf.o(x$fpl$dnaninf) for __fpl_dnaninf
    deqf.o(x$fpl$deqf) refers to dcmpi.o(x$fpl$dcmpinf) for __fpl_dcmp_Inf
    drleqf.o(x$fpl$drleqf) refers (Special) to usenofp.o(x$fpl$usenofp) for __I$use$fp
    drleqf.o(x$fpl$drleqf) refers to dleqf.o(x$fpl$dleqf) for __fpl_dcmple_InfNaN
    frexp.o(i.__hardfp_frexp) refers (Special) to usenofp.o(x$fpl$usenofp) for __I$use$fp
    frexp.o(i.__hardfp_frexp) refers to dmul.o(x$fpl$dmul) for __aeabi_dmul
    frexp.o(i.__softfp_frexp) refers (Special) to usenofp.o(x$fpl$usenofp) for __I$use$fp
    frexp.o(i.__softfp_frexp) refers to dmul.o(x$fpl$dmul) for __aeabi_dmul
    frexp.o(i.frexp) refers (Special) to usenofp.o(x$fpl$usenofp) for __I$use$fp
    frexp.o(i.frexp) refers to dmul.o(x$fpl$dmul) for __aeabi_dmul
    sys_command.o(.text) refers (Special) to use_no_semi.o(.text) for __I$use$semihosting
    sys_command.o(.text) refers (Special) to indicate_semi.o(.text) for __semihosting_library_function
    defsig_rtmem_outer.o(.text) refers to defsig_rtmem_inner.o(.text) for __rt_SIGRTMEM_inner
    defsig_rtmem_outer.o(.text) refers to defsig_exit.o(.text) for __sig_exit
    defsig_rtmem_formal.o(.text) refers to rt_raise.o(.text) for __rt_raise
    dcmpi.o(x$fpl$dcmpinf) refers (Special) to usenofp.o(x$fpl$usenofp) for __I$use$fp
    dleqf.o(x$fpl$dleqf) refers (Special) to usenofp.o(x$fpl$usenofp) for __I$use$fp
    dleqf.o(x$fpl$dleqf) refers to dnaninf.o(x$fpl$dnaninf) for __fpl_dnaninf
    dleqf.o(x$fpl$dleqf) refers to dcmpi.o(x$fpl$dcmpinf) for __fpl_dcmp_Inf
    ldexp.o(i.__hardfp_ldexp) refers (Special) to usenofp.o(x$fpl$usenofp) for __I$use$fp
    ldexp.o(i.__hardfp_ldexp) refers to deqf.o(x$fpl$deqf) for __aeabi_cdcmpeq
    ldexp.o(i.__hardfp_ldexp) refers to scalbn.o(x$fpl$scalbn) for __ARM_scalbn
    ldexp.o(i.__hardfp_ldexp) refers to _rserrno.o(.text) for __set_errno
    ldexp.o(i.__hardfp_ldexp) refers to dunder.o(i.__mathlib_dbl_underflow) for __mathlib_dbl_underflow
    ldexp.o(i.__hardfp_ldexp) refers to dmul.o(x$fpl$dmul) for __aeabi_dmul
    ldexp.o(i.__softfp_ldexp) refers (Special) to usenofp.o(x$fpl$usenofp) for __I$use$fp
    ldexp.o(i.__softfp_ldexp) refers to ldexp.o(i.__hardfp_ldexp) for __hardfp_ldexp
    ldexp.o(i.__support_ldexp) refers (Special) to usenofp.o(x$fpl$usenofp) for __I$use$fp
    ldexp.o(i.__support_ldexp) refers to ldexp.o(i.__hardfp_ldexp) for __hardfp_ldexp
    ldexp.o(i.ldexp) refers (Special) to usenofp.o(x$fpl$usenofp) for __I$use$fp
    ldexp.o(i.ldexp) refers to ldexp.o(i.__hardfp_ldexp) for __hardfp_ldexp
    ldexp_x.o(i.____hardfp_ldexp$lsc) refers (Special) to usenofp.o(x$fpl$usenofp) for __I$use$fp
    ldexp_x.o(i.____hardfp_ldexp$lsc) refers to deqf.o(x$fpl$deqf) for __aeabi_cdcmpeq
    ldexp_x.o(i.____hardfp_ldexp$lsc) refers to scalbn.o(x$fpl$scalbn) for __ARM_scalbn
    ldexp_x.o(i.____hardfp_ldexp$lsc) refers to _rserrno.o(.text) for __set_errno
    ldexp_x.o(i.____hardfp_ldexp$lsc) refers to qnan.o(.constdata) for __mathlib_zero
    ldexp_x.o(i.____softfp_ldexp$lsc) refers (Special) to usenofp.o(x$fpl$usenofp) for __I$use$fp
    ldexp_x.o(i.____softfp_ldexp$lsc) refers to ldexp_x.o(i.____hardfp_ldexp$lsc) for ____hardfp_ldexp$lsc
    ldexp_x.o(i.____support_ldexp$lsc) refers (Special) to usenofp.o(x$fpl$usenofp) for __I$use$fp
    ldexp_x.o(i.____support_ldexp$lsc) refers to ldexp_x.o(i.____hardfp_ldexp$lsc) for ____hardfp_ldexp$lsc
    ldexp_x.o(i.__ldexp$lsc) refers (Special) to usenofp.o(x$fpl$usenofp) for __I$use$fp
    ldexp_x.o(i.__ldexp$lsc) refers to ldexp_x.o(i.____hardfp_ldexp$lsc) for ____hardfp_ldexp$lsc
    rt_raise.o(.text) refers to __raise.o(.text) for __raise
    rt_raise.o(.text) refers to sys_exit.o(.text) for _sys_exit
    defsig_exit.o(.text) refers to sys_exit.o(.text) for _sys_exit
    defsig_rtmem_inner.o(.text) refers to defsig_general.o(.text) for __default_signal_display
    scalbn.o(x$fpl$scalbn) refers (Special) to usenofp.o(x$fpl$usenofp) for __I$use$fp
    scalbn.o(x$fpl$scalbn) refers to dcheck1.o(x$fpl$dcheck1) for __fpl_dcheck_NaN1
    dunder.o(i.__mathlib_dbl_underflow) refers to dmul.o(x$fpl$dmul) for __aeabi_dmul
    qnan.o(.constdata) refers (Special) to usenofp.o(x$fpl$usenofp) for __I$use$fp
    sys_exit.o(.text) refers (Special) to use_no_semi.o(.text) for __I$use$semihosting
    sys_exit.o(.text) refers (Special) to indicate_semi.o(.text) for __semihosting_library_function
    __raise.o(.text) refers to defsig.o(CL$$defsig) for __default_signal_handler
    defsig_general.o(.text) refers to sys_wrch.o(.text) for _ttywrch
    dcheck1.o(x$fpl$dcheck1) refers (Special) to usenofp.o(x$fpl$usenofp) for __I$use$fp
    dcheck1.o(x$fpl$dcheck1) refers to retnan.o(x$fpl$retnan) for __fpl_return_NaN
    sys_wrch.o(.text) refers (Special) to use_no_semi.o(.text) for __I$use$semihosting
    sys_wrch.o(.text) refers (Special) to indicate_semi.o(.text) for __semihosting_library_function
    defsig.o(CL$$defsig) refers to defsig_rtmem_inner.o(.text) for __rt_SIGRTMEM_inner
    retnan.o(x$fpl$retnan) refers (Special) to usenofp.o(x$fpl$usenofp) for __I$use$fp
    retnan.o(x$fpl$retnan) refers to trapv.o(x$fpl$trapveneer) for __fpl_cmpreturn
    defsig_abrt_inner.o(.text) refers to defsig_general.o(.text) for __default_signal_display
    defsig_fpe_inner.o(.text) refers to defsig_general.o(.text) for __default_signal_display
    defsig_rtred_inner.o(.text) refers to defsig_general.o(.text) for __default_signal_display
    defsig_stak_inner.o(.text) refers to defsig_general.o(.text) for __default_signal_display
    defsig_pvfn_inner.o(.text) refers to defsig_general.o(.text) for __default_signal_display
    defsig_cppl_inner.o(.text) refers to defsig_general.o(.text) for __default_signal_display
    defsig_segv_inner.o(.text) refers to defsig_general.o(.text) for __default_signal_display
    defsig_other.o(.text) refers to defsig_general.o(.text) for __default_signal_display
    trapv.o(x$fpl$trapveneer) refers (Special) to usenofp.o(x$fpl$usenofp) for __I$use$fp
    scanf_fp.o(i._is_digit) refers (Special) to usenofp.o(x$fpl$usenofp) for __I$use$fp
    scanf_fp.o(i._is_digit) refers (Special) to lc_numeric_c.o(locale$$code) for _get_lc_numeric


==============================================================================

Image Symbol Table

    Local Symbols

    Symbol Name                              Value     Ov Type        Size  Object(Section)

    RESET                                    0x00000000   Section      620  startup_tm4c123.o(RESET)
    ../clib/angel/rt.s                       0x00000000   Number         0  rt_locale.o ABSOLUTE
    ../clib/angel/rt.s                       0x00000000   Number         0  rt_locale_intlibspace.o ABSOLUTE
    ../clib/angel/rt.s                       0x00000000   Number         0  rt_errno_addr_intlibspace.o ABSOLUTE
    ../clib/angel/rt.s                       0x00000000   Number         0  rt_errno_addr.o ABSOLUTE
    ../clib/angel/rt.s                       0x00000000   Number         0  rt_raise.o ABSOLUTE
    ../clib/angel/rt.s                       0x00000000   Number         0  rt_ctype_table.o ABSOLUTE
    ../clib/angel/sys.s                      0x00000000   Number         0  use_no_semi.o ABSOLUTE
    ../clib/angel/sys.s                      0x00000000   Number         0  indicate_semi.o ABSOLUTE
    ../clib/angel/sys.s                      0x00000000   Number         0  libspace.o ABSOLUTE
    ../clib/angel/sysapp.c                   0x00000000   Number         0  sys_command.o ABSOLUTE
    ../clib/angel/sysapp.c                   0x00000000   Number         0  sys_wrch.o ABSOLUTE
    ../clib/angel/sysapp.c                   0x00000000   Number         0  sys_exit.o ABSOLUTE
    ../clib/armsys.c                         0x00000000   Number         0  argv_veneer.o ABSOLUTE
    ../clib/armsys.c                         0x00000000   Number         0  argv_veneer.o ABSOLUTE
    ../clib/armsys.c                         0x00000000   Number         0  no_argv.o ABSOLUTE
    ../clib/armsys.c                         0x00000000   Number         0  _get_argv_nomalloc.o ABSOLUTE
    ../clib/bigflt.c                         0x00000000   Number         0  bigflt0.o ABSOLUTE
    ../clib/btod.s                           0x00000000   Number         0  btod.o ABSOLUTE
    ../clib/ctype.c                          0x00000000   Number         0  isspace.o ABSOLUTE
    ../clib/fenv.c                           0x00000000   Number         0  _rserrno.o ABSOLUTE
    ../clib/heapalloc.c                      0x00000000   Number         0  hrguard.o ABSOLUTE
    ../clib/heapaux.c                        0x00000000   Number         0  heapauxi.o ABSOLUTE
    ../clib/libinit.s                        0x00000000   Number         0  libinit2.o ABSOLUTE
    ../clib/locale.s                         0x00000000   Number         0  lc_numeric_c.o ABSOLUTE
    ../clib/locale.s                         0x00000000   Number         0  lc_ctype_c.o ABSOLUTE
    ../clib/longlong.s                       0x00000000   Number         0  llshl.o ABSOLUTE
    ../clib/memcpset.s                       0x00000000   Number         0  strcmpv7m.o ABSOLUTE
    ../clib/scanf.c                          0x00000000   Number         0  scanf_infnan.o ABSOLUTE
    ../clib/scanf.c                          0x00000000   Number         0  scanf_hexfp.o ABSOLUTE
    ../clib/scanf.c                          0x00000000   Number         0  scanf_fp.o ABSOLUTE
    ../clib/scanf.c                          0x00000000   Number         0  _sgetc.o ABSOLUTE
    ../clib/scanf.c                          0x00000000   Number         0  strtod.o ABSOLUTE
    ../clib/scanf.c                          0x00000000   Number         0  _chval.o ABSOLUTE
    ../clib/signal.c                         0x00000000   Number         0  defsig_other.o ABSOLUTE
    ../clib/signal.c                         0x00000000   Number         0  defsig_segv_inner.o ABSOLUTE
    ../clib/signal.c                         0x00000000   Number         0  defsig_rtred_inner.o ABSOLUTE
    ../clib/signal.c                         0x00000000   Number         0  defsig_fpe_inner.o ABSOLUTE
    ../clib/signal.c                         0x00000000   Number         0  defsig_pvfn_inner.o ABSOLUTE
    ../clib/signal.c                         0x00000000   Number         0  __raise.o ABSOLUTE
    ../clib/signal.c                         0x00000000   Number         0  defsig_rtmem_inner.o ABSOLUTE
    ../clib/signal.c                         0x00000000   Number         0  defsig_exit.o ABSOLUTE
    ../clib/signal.c                         0x00000000   Number         0  defsig_general.o ABSOLUTE
    ../clib/signal.c                         0x00000000   Number         0  defsig_rtmem_outer.o ABSOLUTE
    ../clib/signal.c                         0x00000000   Number         0  defsig_abrt_inner.o ABSOLUTE
    ../clib/signal.c                         0x00000000   Number         0  defsig_rtmem_formal.o ABSOLUTE
    ../clib/signal.c                         0x00000000   Number         0  defsig_cppl_inner.o ABSOLUTE
    ../clib/signal.c                         0x00000000   Number         0  defsig_stak_inner.o ABSOLUTE
    ../clib/signal.s                         0x00000000   Number         0  defsig.o ABSOLUTE
    ../fplib/d2f.s                           0x00000000   Number         0  d2f.o ABSOLUTE
    ../fplib/dcheck1.s                       0x00000000   Number         0  dcheck1.o ABSOLUTE
    ../fplib/dcmpi.s                         0x00000000   Number         0  dcmpi.o ABSOLUTE
    ../fplib/ddiv.s                          0x00000000   Number         0  ddiv.o ABSOLUTE
    ../fplib/deqf.s                          0x00000000   Number         0  deqf.o ABSOLUTE
    ../fplib/dleqf.s                         0x00000000   Number         0  dleqf.o ABSOLUTE
    ../fplib/dmul.s                          0x00000000   Number         0  dmul.o ABSOLUTE
    ../fplib/dnaninf.s                       0x00000000   Number         0  dnaninf.o ABSOLUTE
    ../fplib/dretinf.s                       0x00000000   Number         0  dretinf.o ABSOLUTE
    ../fplib/drleqf.s                        0x00000000   Number         0  drleqf.o ABSOLUTE
    ../fplib/fpconst.s                       0x00000000   Number         0  fpconst.o ABSOLUTE
    ../fplib/fpinit.s                        0x00000000   Number         0  fpinit.o ABSOLUTE
    ../fplib/fretinf.s                       0x00000000   Number         0  fretinf.o ABSOLUTE
    ../fplib/istatus.s                       0x00000000   Number         0  istatus.o ABSOLUTE
    ../fplib/retnan.s                        0x00000000   Number         0  retnan.o ABSOLUTE
    ../fplib/scalbn.s                        0x00000000   Number         0  scalbn.o ABSOLUTE
    ../fplib/scanf1.s                        0x00000000   Number         0  scanf1.o ABSOLUTE
    ../fplib/scanf2.s                        0x00000000   Number         0  scanf2.o ABSOLUTE
    ../fplib/scanf2a.s                       0x00000000   Number         0  scanf2a.o ABSOLUTE
    ../fplib/scanf2b.s                       0x00000000   Number         0  scanf2b.o ABSOLUTE
    ../fplib/trapv.s                         0x00000000   Number         0  trapv.o ABSOLUTE
    ../fplib/usenofp.s                       0x00000000   Number         0  usenofp.o ABSOLUTE
    ../mathlib/atof.c                        0x00000000   Number         0  atof.o ABSOLUTE
    ../mathlib/dunder.c                      0x00000000   Number         0  dunder.o ABSOLUTE
    ../mathlib/frexp.c                       0x00000000   Number         0  frexp.o ABSOLUTE
    ../mathlib/ldexp.c                       0x00000000   Number         0  ldexp_x.o ABSOLUTE
    ../mathlib/ldexp.c                       0x00000000   Number         0  ldexp.o ABSOLUTE
    ../mathlib/narrow.c                      0x00000000   Number         0  narrow.o ABSOLUTE
    ../mathlib/qnan.c                        0x00000000   Number         0  qnan.o ABSOLUTE
    DIO_DRIVER.c                             0x00000000   Number         0  dio_driver.o ABSOLUTE
    LCD_DRIVER.c                             0x00000000   Number         0  lcd_driver.o ABSOLUTE
    UART1.c                                  0x00000000   Number         0  uart1.o ABSOLUTE
    dc.s                                     0x00000000   Number         0  dc.o ABSOLUTE
    gps.c                                    0x00000000   Number         0  gps.o ABSOLUTE
    main.c                                   0x00000000   Number         0  main.o ABSOLUTE
    startup_TM4C123.s                        0x00000000   Number         0  startup_tm4c123.o ABSOLUTE
    sysTick.c                                0x00000000   Number         0  systick.o ABSOLUTE
    .ARM.Collect$$libinit$$00000011          0x0000026c   Section        0  libinit2.o(.ARM.Collect$$libinit$$00000011)
    .ARM.Collect$$libinit$$00000015          0x0000026c   Section        0  libinit2.o(.ARM.Collect$$libinit$$00000015)
    .text                                    0x0000026c   Section      276  startup_tm4c123.o(.text)
    $v0                                      0x0000026c   Number         0  startup_tm4c123.o(.text)
    .text                                    0x00000380   Section        0  main.o(.text)
    .text                                    0x000004b0   Section        0  gps.o(.text)
    .text                                    0x000006a4   Section        0  systick.o(.text)
    .text                                    0x000006e4   Section        0  uart1.o(.text)
    .text                                    0x00000868   Section        0  dio_driver.o(.text)
    .text                                    0x000009c8   Section        0  lcd_driver.o(.text)
    .text                                    0x00000ac0   Section        0  heapauxi.o(.text)
    .text                                    0x00000ac6   Section        0  _rserrno.o(.text)
    .text                                    0x00000adc   Section        0  strtod.o(.text)
    _local_sscanf                            0x00000add   Thumb Code    60  strtod.o(.text)
    .text                                    0x00000b7c   Section        8  rt_errno_addr.o(.text)
    .text                                    0x00000b84   Section        0  isspace.o(.text)
    .text                                    0x00000b96   Section        0  _sgetc.o(.text)
    .text                                    0x00000bd8   Section       16  rt_ctype_table.o(.text)
    .text                                    0x00000be8   Section        0  scanf_fp.o(.text)
    _fp_value                                0x00000be9   Thumb Code   504  scanf_fp.o(.text)
    .text                                    0x0000108c   Section      128  strcmpv7m.o(.text)
    .text                                    0x0000110c   Section        8  rt_locale.o(.text)
    .text                                    0x00001114   Section        0  bigflt0.o(.text)
    .text                                    0x000011f8   Section        0  scanf_hexfp.o(.text)
    .text                                    0x0000150c   Section        0  scanf_infnan.o(.text)
    .text                                    0x00001648   Section       38  llshl.o(.text)
    .text                                    0x0000166e   Section        0  _chval.o(.text)
    CL$$btod_div_common                      0x0000168a   Section      824  btod.o(CL$$btod_div_common)
    CL$$btod_e2d                             0x000019c4   Section       84  btod.o(CL$$btod_e2d)
    CL$$btod_e2e                             0x00001a18   Section      198  btod.o(CL$$btod_e2e)
    CL$$btod_ediv                            0x00001ade   Section       40  btod.o(CL$$btod_ediv)
    CL$$btod_edivd                           0x00001b06   Section       40  btod.o(CL$$btod_edivd)
    CL$$btod_emul                            0x00001b2e   Section       40  btod.o(CL$$btod_emul)
    CL$$btod_emuld                           0x00001b56   Section       40  btod.o(CL$$btod_emuld)
    CL$$btod_mult_common                     0x00001b7e   Section      580  btod.o(CL$$btod_mult_common)
    i.__hardfp_atof                          0x00001dc8   Section        0  atof.o(i.__hardfp_atof)
    i.__hardfp_ldexp                         0x00001e00   Section        0  ldexp.o(i.__hardfp_ldexp)
    i.__mathlib_dbl_underflow                0x00001ee8   Section        0  dunder.o(i.__mathlib_dbl_underflow)
    i.__mathlib_narrow                       0x00001f08   Section        0  narrow.o(i.__mathlib_narrow)
    i.__support_ldexp                        0x00001fc0   Section        0  ldexp.o(i.__support_ldexp)
    i._is_digit                              0x00001fd4   Section        0  scanf_fp.o(i._is_digit)
    i.frexp                                  0x00001fe8   Section        0  frexp.o(i.frexp)
    locale$$code                             0x00002084   Section       44  lc_numeric_c.o(locale$$code)
    locale$$code                             0x000020b0   Section       44  lc_ctype_c.o(locale$$code)
    x$fpl$d2f                                0x000020dc   Section       98  d2f.o(x$fpl$d2f)
    $v0                                      0x000020dc   Number         0  d2f.o(x$fpl$d2f)
    x$fpl$dcheck1                            0x00002140   Section       16  dcheck1.o(x$fpl$dcheck1)
    $v0                                      0x00002140   Number         0  dcheck1.o(x$fpl$dcheck1)
    x$fpl$dcmpinf                            0x00002150   Section       24  dcmpi.o(x$fpl$dcmpinf)
    $v0                                      0x00002150   Number         0  dcmpi.o(x$fpl$dcmpinf)
    x$fpl$ddiv                               0x00002168   Section      688  ddiv.o(x$fpl$ddiv)
    $v0                                      0x00002168   Number         0  ddiv.o(x$fpl$ddiv)
    ddiv_entry                               0x0000216f   Thumb Code     0  ddiv.o(x$fpl$ddiv)
    x$fpl$deqf                               0x00002418   Section      120  deqf.o(x$fpl$deqf)
    $v0                                      0x00002418   Number         0  deqf.o(x$fpl$deqf)
    x$fpl$dleqf                              0x00002490   Section      120  dleqf.o(x$fpl$dleqf)
    $v0                                      0x00002490   Number         0  dleqf.o(x$fpl$dleqf)
    x$fpl$dmul                               0x00002508   Section      340  dmul.o(x$fpl$dmul)
    $v0                                      0x00002508   Number         0  dmul.o(x$fpl$dmul)
    x$fpl$dnaninf                            0x0000265c   Section      156  dnaninf.o(x$fpl$dnaninf)
    $v0                                      0x0000265c   Number         0  dnaninf.o(x$fpl$dnaninf)
    x$fpl$dretinf                            0x000026f8   Section       12  dretinf.o(x$fpl$dretinf)
    $v0                                      0x000026f8   Number         0  dretinf.o(x$fpl$dretinf)
    x$fpl$drleqf                             0x00002704   Section      108  drleqf.o(x$fpl$drleqf)
    $v0                                      0x00002704   Number         0  drleqf.o(x$fpl$drleqf)
    x$fpl$fretinf                            0x00002770   Section       10  fretinf.o(x$fpl$fretinf)
    $v0                                      0x00002770   Number         0  fretinf.o(x$fpl$fretinf)
    x$fpl$retnan                             0x0000277a   Section      100  retnan.o(x$fpl$retnan)
    $v0                                      0x0000277a   Number         0  retnan.o(x$fpl$retnan)
    x$fpl$scalbn                             0x000027de   Section       92  scalbn.o(x$fpl$scalbn)
    $v0                                      0x000027de   Number         0  scalbn.o(x$fpl$scalbn)
    x$fpl$scanf1                             0x0000283a   Section        4  scanf1.o(x$fpl$scanf1)
    $v0                                      0x0000283a   Number         0  scanf1.o(x$fpl$scanf1)
    x$fpl$scanf2                             0x0000283e   Section        8  scanf2.o(x$fpl$scanf2)
    $v0                                      0x0000283e   Number         0  scanf2.o(x$fpl$scanf2)
    x$fpl$trapveneer                         0x00002846   Section       48  trapv.o(x$fpl$trapveneer)
    $v0                                      0x00002846   Number         0  trapv.o(x$fpl$trapveneer)
    x$fpl$usenofp                            0x00002876   Section        0  usenofp.o(x$fpl$usenofp)
    .constdata                               0x00002878   Section      148  bigflt0.o(.constdata)
    tenpwrs_x                                0x00002878   Data          60  bigflt0.o(.constdata)
    tenpwrs_i                                0x000028b4   Data          64  bigflt0.o(.constdata)
    c$$dinf                                  0x0000290c   Section        8  fpconst.o(c$$dinf)
    locale$$data                             0x00002914   Section       28  lc_numeric_c.o(locale$$data)
    __lcnum_c_name                           0x00002918   Data           2  lc_numeric_c.o(locale$$data)
    __lcnum_c_start                          0x00002920   Data           0  lc_numeric_c.o(locale$$data)
    __lcnum_c_point                          0x0000292c   Data           0  lc_numeric_c.o(locale$$data)
    __lcnum_c_thousands                      0x0000292e   Data           0  lc_numeric_c.o(locale$$data)
    __lcnum_c_grouping                       0x0000292f   Data           0  lc_numeric_c.o(locale$$data)
    locale$$data                             0x00002930   Section      272  lc_ctype_c.o(locale$$data)
    __lcnum_c_end                            0x00002930   Data           0  lc_numeric_c.o(locale$$data)
    __lcctype_c_name                         0x00002934   Data           2  lc_ctype_c.o(locale$$data)
    __lcctype_c_start                        0x0000293c   Data           0  lc_ctype_c.o(locale$$data)
    __lcctype_c_end                          0x00002a40   Data           0  lc_ctype_c.o(locale$$data)
    .data                                    0x20000000   Section       49  main.o(.data)
    .data                                    0x20000034   Section       19  gps.o(.data)
    .bss                                     0x20000048   Section       80  main.o(.bss)
    .bss                                     0x20000098   Section       80  gps.o(.bss)
    .bss                                     0x200000e8   Section        4  rt_errno_addr.o(.bss)
    __aeabi_errno_addr_data                  0x200000e8   Data           4  rt_errno_addr.o(.bss)
    .bss                                     0x200000ec   Section       20  rt_locale.o(.bss)
    __rt_locale_data                         0x200000ec   Data          20  rt_locale.o(.bss)
    HEAP                                     0x20000100   Section        0  startup_tm4c123.o(HEAP)
    STACK                                    0x20000100   Section      512  startup_tm4c123.o(STACK)
    Heap_Mem                                 0x20000100   Data           0  startup_tm4c123.o(HEAP)
    Stack_Mem                                0x20000100   Data         512  startup_tm4c123.o(STACK)
    __initial_sp                             0x20000300   Data           0  startup_tm4c123.o(STACK)

    Global Symbols

    Symbol Name                              Value     Ov Type        Size  Object(Section)

    BuildAttributes$$THM_ISAv4$E$P$D$K$B$S$7EM$VFPi3$EXTD16$VFPS$VFMA$PE$A:L22UL41UL21$X:L11$S22US41US21$IEEE1$IW$USESV6$~STKCKD$USESV7$~SHL$OTIME$ROPI$IEEEX$EBA8$STANDARDLIB$REQ8$PRES8$EABIv2 0x00000000   Number         0  anon$$obj.o ABSOLUTE
    __Vectors                                0x00000000   Data           4  startup_tm4c123.o(RESET)
    __ARM_exceptions_init                     - Undefined Weak Reference
    __alloca_initialize                       - Undefined Weak Reference
    __cpp_initialize__aeabi_                  - Undefined Weak Reference
    __sigvec_lookup                           - Undefined Weak Reference
    _atexit_init                              - Undefined Weak Reference
    _clock_init                               - Undefined Weak Reference
    _fp_trap_init                             - Undefined Weak Reference
    _get_lc_collate                           - Undefined Weak Reference
    _get_lc_monetary                          - Undefined Weak Reference
    _get_lc_time                              - Undefined Weak Reference
    _getenv_init                              - Undefined Weak Reference
    _handle_redirection                       - Undefined Weak Reference
    _init_alloc                               - Undefined Weak Reference
    _init_user_alloc                          - Undefined Weak Reference
    _initio                                   - Undefined Weak Reference
    _rand_init                                - Undefined Weak Reference
    _signal_init                              - Undefined Weak Reference
    Reset_Handler                            0x0000026d   Thumb Code     8  startup_tm4c123.o(.text)
    __Vectors_End                            0x0000026c   Data           0  startup_tm4c123.o(RESET)
    __Vectors_Size                           0x0000026c   Number         0  startup_tm4c123.o ABSOLUTE
    __rt_lib_init_lc_ctype_2                 0x0000026d   Thumb Code     0  libinit2.o(.ARM.Collect$$libinit$$00000011)
    __rt_lib_init_lc_numeric_2               0x0000026d   Thumb Code     0  libinit2.o(.ARM.Collect$$libinit$$00000015)
    NMI_Handler                              0x00000275   Thumb Code     2  startup_tm4c123.o(.text)
    HardFault_Handler                        0x00000277   Thumb Code     2  startup_tm4c123.o(.text)
    MemManage_Handler                        0x00000279   Thumb Code     2  startup_tm4c123.o(.text)
    BusFault_Handler                         0x0000027b   Thumb Code     2  startup_tm4c123.o(.text)
    UsageFault_Handler                       0x0000027d   Thumb Code     2  startup_tm4c123.o(.text)
    SVC_Handler                              0x0000027f   Thumb Code     2  startup_tm4c123.o(.text)
    DebugMon_Handler                         0x00000281   Thumb Code     2  startup_tm4c123.o(.text)
    PendSV_Handler                           0x00000283   Thumb Code     2  startup_tm4c123.o(.text)
    SysTick_Handler                          0x00000285   Thumb Code     2  startup_tm4c123.o(.text)
    GPIOA_Handler                            0x00000287   Thumb Code     2  startup_tm4c123.o(.text)
    GPIOB_Handler                            0x00000289   Thumb Code     2  startup_tm4c123.o(.text)
    GPIOC_Handler                            0x0000028b   Thumb Code     2  startup_tm4c123.o(.text)
    GPIOD_Handler                            0x0000028d   Thumb Code     2  startup_tm4c123.o(.text)
    GPIOE_Handler                            0x0000028f   Thumb Code     2  startup_tm4c123.o(.text)
    UART0_Handler                            0x00000291   Thumb Code     2  startup_tm4c123.o(.text)
    UART1_Handler                            0x00000293   Thumb Code     2  startup_tm4c123.o(.text)
    SSI0_Handler                             0x00000295   Thumb Code     2  startup_tm4c123.o(.text)
    I2C0_Handler                             0x00000297   Thumb Code     2  startup_tm4c123.o(.text)
    PMW0_FAULT_Handler                       0x00000299   Thumb Code     2  startup_tm4c123.o(.text)
    PWM0_0_Handler                           0x0000029b   Thumb Code     2  startup_tm4c123.o(.text)
    PWM0_1_Handler                           0x0000029d   Thumb Code     2  startup_tm4c123.o(.text)
    PWM0_2_Handler                           0x0000029f   Thumb Code     2  startup_tm4c123.o(.text)
    QEI0_Handler                             0x000002a1   Thumb Code     2  startup_tm4c123.o(.text)
    ADC0SS0_Handler                          0x000002a3   Thumb Code     2  startup_tm4c123.o(.text)
    ADC0SS1_Handler                          0x000002a5   Thumb Code     2  startup_tm4c123.o(.text)
    ADC0SS2_Handler                          0x000002a7   Thumb Code     2  startup_tm4c123.o(.text)
    ADC0SS3_Handler                          0x000002a9   Thumb Code     2  startup_tm4c123.o(.text)
    WDT0_Handler                             0x000002ab   Thumb Code     2  startup_tm4c123.o(.text)
    TIMER0A_Handler                          0x000002ad   Thumb Code     2  startup_tm4c123.o(.text)
    TIMER0B_Handler                          0x000002af   Thumb Code     2  startup_tm4c123.o(.text)
    TIMER1A_Handler                          0x000002b1   Thumb Code     2  startup_tm4c123.o(.text)
    TIMER1B_Handler                          0x000002b3   Thumb Code     2  startup_tm4c123.o(.text)
    TIMER2A_Handler                          0x000002b5   Thumb Code     2  startup_tm4c123.o(.text)
    TIMER2B_Handler                          0x000002b7   Thumb Code     2  startup_tm4c123.o(.text)
    COMP0_Handler                            0x000002b9   Thumb Code     2  startup_tm4c123.o(.text)
    COMP1_Handler                            0x000002bb   Thumb Code     2  startup_tm4c123.o(.text)
    COMP2_Handler                            0x000002bd   Thumb Code     2  startup_tm4c123.o(.text)
    SYSCTL_Handler                           0x000002bf   Thumb Code     2  startup_tm4c123.o(.text)
    FLASH_Handler                            0x000002c1   Thumb Code     2  startup_tm4c123.o(.text)
    GPIOF_Handler                            0x000002c3   Thumb Code     2  startup_tm4c123.o(.text)
    GPIOG_Handler                            0x000002c5   Thumb Code     2  startup_tm4c123.o(.text)
    GPIOH_Handler                            0x000002c7   Thumb Code     2  startup_tm4c123.o(.text)
    UART2_Handler                            0x000002c9   Thumb Code     2  startup_tm4c123.o(.text)
    SSI1_Handler                             0x000002cb   Thumb Code     2  startup_tm4c123.o(.text)
    TIMER3A_Handler                          0x000002cd   Thumb Code     2  startup_tm4c123.o(.text)
    TIMER3B_Handler                          0x000002cf   Thumb Code     2  startup_tm4c123.o(.text)
    I2C1_Handler                             0x000002d1   Thumb Code     2  startup_tm4c123.o(.text)
    QEI1_Handler                             0x000002d3   Thumb Code     2  startup_tm4c123.o(.text)
    CAN0_Handler                             0x000002d5   Thumb Code     2  startup_tm4c123.o(.text)
    CAN1_Handler                             0x000002d7   Thumb Code     2  startup_tm4c123.o(.text)
    CAN2_Handler                             0x000002d9   Thumb Code     2  startup_tm4c123.o(.text)
    HIB_Handler                              0x000002db   Thumb Code     2  startup_tm4c123.o(.text)
    USB0_Handler                             0x000002dd   Thumb Code     2  startup_tm4c123.o(.text)
    PWM0_3_Handler                           0x000002df   Thumb Code     2  startup_tm4c123.o(.text)
    UDMA_Handler                             0x000002e1   Thumb Code     2  startup_tm4c123.o(.text)
    UDMAERR_Handler                          0x000002e3   Thumb Code     2  startup_tm4c123.o(.text)
    ADC1SS0_Handler                          0x000002e5   Thumb Code     2  startup_tm4c123.o(.text)
    ADC1SS1_Handler                          0x000002e7   Thumb Code     2  startup_tm4c123.o(.text)
    ADC1SS2_Handler                          0x000002e9   Thumb Code     2  startup_tm4c123.o(.text)
    ADC1SS3_Handler                          0x000002eb   Thumb Code     2  startup_tm4c123.o(.text)
    GPIOJ_Handler                            0x000002ed   Thumb Code     2  startup_tm4c123.o(.text)
    GPIOK_Handler                            0x000002ef   Thumb Code     2  startup_tm4c123.o(.text)
    GPIOL_Handler                            0x000002f1   Thumb Code     2  startup_tm4c123.o(.text)
    SSI2_Handler                             0x000002f3   Thumb Code     2  startup_tm4c123.o(.text)
    SSI3_Handler                             0x000002f5   Thumb Code     2  startup_tm4c123.o(.text)
    UART3_Handler                            0x000002f7   Thumb Code     2  startup_tm4c123.o(.text)
    UART4_Handler                            0x000002f9   Thumb Code     2  startup_tm4c123.o(.text)
    UART5_Handler                            0x000002fb   Thumb Code     2  startup_tm4c123.o(.text)
    UART6_Handler                            0x000002fd   Thumb Code     2  startup_tm4c123.o(.text)
    UART7_Handler                            0x000002ff   Thumb Code     2  startup_tm4c123.o(.text)
    I2C2_Handler                             0x00000301   Thumb Code     2  startup_tm4c123.o(.text)
    I2C3_Handler                             0x00000303   Thumb Code     2  startup_tm4c123.o(.text)
    TIMER4A_Handler                          0x00000305   Thumb Code     2  startup_tm4c123.o(.text)
    TIMER4B_Handler                          0x00000307   Thumb Code     2  startup_tm4c123.o(.text)
    TIMER5A_Handler                          0x00000309   Thumb Code     2  startup_tm4c123.o(.text)
    TIMER5B_Handler                          0x0000030b   Thumb Code     2  startup_tm4c123.o(.text)
    WTIMER0A_Handler                         0x0000030d   Thumb Code     2  startup_tm4c123.o(.text)
    WTIMER0B_Handler                         0x0000030f   Thumb Code     2  startup_tm4c123.o(.text)
    WTIMER1A_Handler                         0x00000311   Thumb Code     2  startup_tm4c123.o(.text)
    WTIMER1B_Handler                         0x00000313   Thumb Code     2  startup_tm4c123.o(.text)
    WTIMER2A_Handler                         0x00000315   Thumb Code     2  startup_tm4c123.o(.text)
    WTIMER2B_Handler                         0x00000317   Thumb Code     2  startup_tm4c123.o(.text)
    WTIMER3A_Handler                         0x00000319   Thumb Code     2  startup_tm4c123.o(.text)
    WTIMER3B_Handler                         0x0000031b   Thumb Code     2  startup_tm4c123.o(.text)
    WTIMER4A_Handler                         0x0000031d   Thumb Code     2  startup_tm4c123.o(.text)
    WTIMER4B_Handler                         0x0000031f   Thumb Code     2  startup_tm4c123.o(.text)
    WTIMER5A_Handler                         0x00000321   Thumb Code     2  startup_tm4c123.o(.text)
    WTIMER5B_Handler                         0x00000323   Thumb Code     2  startup_tm4c123.o(.text)
    FPU_Handler                              0x00000325   Thumb Code     2  startup_tm4c123.o(.text)
    I2C4_Handler                             0x00000327   Thumb Code     2  startup_tm4c123.o(.text)
    I2C5_Handler                             0x00000329   Thumb Code     2  startup_tm4c123.o(.text)
    GPIOM_Handler                            0x0000032b   Thumb Code     2  startup_tm4c123.o(.text)
    GPION_Handler                            0x0000032d   Thumb Code     2  startup_tm4c123.o(.text)
    QEI2_Handler                             0x0000032f   Thumb Code     2  startup_tm4c123.o(.text)
    GPIOP0_Handler                           0x00000331   Thumb Code     2  startup_tm4c123.o(.text)
    GPIOP1_Handler                           0x00000333   Thumb Code     2  startup_tm4c123.o(.text)
    GPIOP2_Handler                           0x00000335   Thumb Code     2  startup_tm4c123.o(.text)
    GPIOP3_Handler                           0x00000337   Thumb Code     2  startup_tm4c123.o(.text)
    GPIOP4_Handler                           0x00000339   Thumb Code     2  startup_tm4c123.o(.text)
    GPIOP5_Handler                           0x0000033b   Thumb Code     2  startup_tm4c123.o(.text)
    GPIOP6_Handler                           0x0000033d   Thumb Code     2  startup_tm4c123.o(.text)
    GPIOP7_Handler                           0x0000033f   Thumb Code     2  startup_tm4c123.o(.text)
    GPIOQ0_Handler                           0x00000341   Thumb Code     2  startup_tm4c123.o(.text)
    GPIOQ1_Handler                           0x00000343   Thumb Code     2  startup_tm4c123.o(.text)
    GPIOQ2_Handler                           0x00000345   Thumb Code     2  startup_tm4c123.o(.text)
    GPIOQ3_Handler                           0x00000347   Thumb Code     2  startup_tm4c123.o(.text)
    GPIOQ4_Handler                           0x00000349   Thumb Code     2  startup_tm4c123.o(.text)
    GPIOQ5_Handler                           0x0000034b   Thumb Code     2  startup_tm4c123.o(.text)
    GPIOQ6_Handler                           0x0000034d   Thumb Code     2  startup_tm4c123.o(.text)
    GPIOQ7_Handler                           0x0000034f   Thumb Code     2  startup_tm4c123.o(.text)
    GPIOR_Handler                            0x00000351   Thumb Code     2  startup_tm4c123.o(.text)
    GPIOS_Handler                            0x00000353   Thumb Code     2  startup_tm4c123.o(.text)
    PMW1_0_Handler                           0x00000355   Thumb Code     2  startup_tm4c123.o(.text)
    PWM1_1_Handler                           0x00000357   Thumb Code     2  startup_tm4c123.o(.text)
    PWM1_2_Handler                           0x00000359   Thumb Code     2  startup_tm4c123.o(.text)
    PWM1_3_Handler                           0x0000035b   Thumb Code     2  startup_tm4c123.o(.text)
    PWM1_FAULT_Handler                       0x0000035d   Thumb Code     2  startup_tm4c123.o(.text)
    __user_initial_stackheap                 0x00000361   Thumb Code     0  startup_tm4c123.o(.text)
    is_distance_greater_or_equal_to_100      0x00000381   Thumb Code    16  main.o(.text)
    totalDistance                            0x00000391   Thumb Code    12  main.o(.text)
    SystemInit                               0x0000039d   Thumb Code    44  main.o(.text)
    __main                                   0x000003c9   Thumb Code   186  main.o(.text)
    read_gps_data                            0x000004b1   Thumb Code   166  gps.o(.text)
    get_latitude                             0x00000557   Thumb Code    70  gps.o(.text)
    get_longitude                            0x0000059d   Thumb Code    70  gps.o(.text)
    degree_to_rad                            0x000005e3   Thumb Code    78  gps.o(.text)
    rad_to_degree                            0x00000631   Thumb Code    78  gps.o(.text)
    get_distance                             0x0000067f   Thumb Code     2  gps.o(.text)
    sysTickInit                              0x000006a5   Thumb Code    16  systick.o(.text)
    sysTickWait                              0x000006b5   Thumb Code    24  systick.o(.text)
    sysTickWait1Ms                           0x000006cd   Thumb Code    24  systick.o(.text)
    UART_Init                                0x000006e5   Thumb Code   124  uart1.o(.text)
    ReadData                                 0x00000761   Thumb Code    32  uart1.o(.text)
    UART0_Init                               0x00000781   Thumb Code   124  uart1.o(.text)
    SendData_UART0                           0x000007fd   Thumb Code    18  uart1.o(.text)
    ReadData_UART0                           0x0000080f   Thumb Code    40  uart1.o(.text)
    sendString_Uart0                         0x00000837   Thumb Code    22  uart1.o(.text)
    Portf_Init_input_Output                  0x00000869   Thumb Code    88  dio_driver.o(.text)
    Portf_input                              0x000008c1   Thumb Code    10  dio_driver.o(.text)
    Portf_output                             0x000008cb   Thumb Code     6  dio_driver.o(.text)
    Portb_Init_output                        0x000008d1   Thumb Code    90  dio_driver.o(.text)
    porta_init_output                        0x0000092b   Thumb Code    98  dio_driver.o(.text)
    Portb_output                             0x0000098d   Thumb Code     6  dio_driver.o(.text)
    Porta_output                             0x00000993   Thumb Code     6  dio_driver.o(.text)
    LCD_WriteCommand                         0x000009c9   Thumb Code    74  lcd_driver.o(.text)
    LCD_WriteData                            0x00000a13   Thumb Code    88  lcd_driver.o(.text)
    Lcd_init                                 0x00000a6b   Thumb Code    52  lcd_driver.o(.text)
    LCD_DisplayString                        0x00000a9f   Thumb Code    26  lcd_driver.o(.text)
    __use_two_region_memory                  0x00000ac1   Thumb Code     2  heapauxi.o(.text)
    __rt_heap_escrow$2region                 0x00000ac3   Thumb Code     2  heapauxi.o(.text)
    __rt_heap_expand$2region                 0x00000ac5   Thumb Code     2  heapauxi.o(.text)
    __read_errno                             0x00000ac7   Thumb Code    10  _rserrno.o(.text)
    __set_errno                              0x00000ad1   Thumb Code    12  _rserrno.o(.text)
    __strtod_int                             0x00000b19   Thumb Code    88  strtod.o(.text)
    __aeabi_errno_addr                       0x00000b7d   Thumb Code     8  rt_errno_addr.o(.text)
    __errno                                  0x00000b7d   Thumb Code     0  rt_errno_addr.o(.text)
    __rt_errno_addr                          0x00000b7d   Thumb Code     0  rt_errno_addr.o(.text)
    isspace                                  0x00000b85   Thumb Code    18  isspace.o(.text)
    _sgetc                                   0x00000b97   Thumb Code    30  _sgetc.o(.text)
    _sbackspace                              0x00000bb5   Thumb Code    34  _sgetc.o(.text)
    __rt_ctype_table                         0x00000bd9   Thumb Code    16  rt_ctype_table.o(.text)
    _scanf_really_real                       0x00000de1   Thumb Code   672  scanf_fp.o(.text)
    strcmp                                   0x0000108d   Thumb Code   128  strcmpv7m.o(.text)
    __rt_locale                              0x0000110d   Thumb Code     8  rt_locale.o(.text)
    _btod_etento                             0x00001115   Thumb Code   222  bigflt0.o(.text)
    _scanf_really_hex_real                   0x000011f9   Thumb Code   776  scanf_hexfp.o(.text)
    _scanf_really_infnan                     0x0000150d   Thumb Code   298  scanf_infnan.o(.text)
    __aeabi_llsl                             0x00001649   Thumb Code     0  llshl.o(.text)
    _ll_shift_l                              0x00001649   Thumb Code    38  llshl.o(.text)
    _chval                                   0x0000166f   Thumb Code    28  _chval.o(.text)
    __btod_div_common                        0x0000168b   Thumb Code   696  btod.o(CL$$btod_div_common)
    _e2d                                     0x000019c5   Thumb Code    80  btod.o(CL$$btod_e2d)
    _e2e                                     0x00001a19   Thumb Code   198  btod.o(CL$$btod_e2e)
    _btod_ediv                               0x00001adf   Thumb Code    40  btod.o(CL$$btod_ediv)
    _btod_edivd                              0x00001b07   Thumb Code    40  btod.o(CL$$btod_edivd)
    _btod_emul                               0x00001b2f   Thumb Code    40  btod.o(CL$$btod_emul)
    _btod_emuld                              0x00001b57   Thumb Code    40  btod.o(CL$$btod_emuld)
    __btod_mult_common                       0x00001b7f   Thumb Code   580  btod.o(CL$$btod_mult_common)
    __hardfp_atof                            0x00001dc9   Thumb Code    44  atof.o(i.__hardfp_atof)
    __hardfp_ldexp                           0x00001e01   Thumb Code   216  ldexp.o(i.__hardfp_ldexp)
    __mathlib_dbl_underflow                  0x00001ee9   Thumb Code    24  dunder.o(i.__mathlib_dbl_underflow)
    __mathlib_narrow                         0x00001f09   Thumb Code   166  narrow.o(i.__mathlib_narrow)
    __support_ldexp                          0x00001fc1   Thumb Code    20  ldexp.o(i.__support_ldexp)
    _is_digit                                0x00001fd5   Thumb Code    14  scanf_fp.o(i._is_digit)
    frexp                                    0x00001fe9   Thumb Code   134  frexp.o(i.frexp)
    _get_lc_numeric                          0x00002085   Thumb Code    44  lc_numeric_c.o(locale$$code)
    _get_lc_ctype                            0x000020b1   Thumb Code    44  lc_ctype_c.o(locale$$code)
    __aeabi_d2f                              0x000020dd   Thumb Code     0  d2f.o(x$fpl$d2f)
    _d2f                                     0x000020dd   Thumb Code    98  d2f.o(x$fpl$d2f)
    __fpl_dcheck_NaN1                        0x00002141   Thumb Code    10  dcheck1.o(x$fpl$dcheck1)
    __fpl_dcmp_Inf                           0x00002151   Thumb Code    24  dcmpi.o(x$fpl$dcmpinf)
    __aeabi_ddiv                             0x00002169   Thumb Code     0  ddiv.o(x$fpl$ddiv)
    _ddiv                                    0x00002169   Thumb Code   552  ddiv.o(x$fpl$ddiv)
    __aeabi_cdcmpeq                          0x00002419   Thumb Code     0  deqf.o(x$fpl$deqf)
    _dcmpeq                                  0x00002419   Thumb Code   120  deqf.o(x$fpl$deqf)
    __aeabi_cdcmple                          0x00002491   Thumb Code     0  dleqf.o(x$fpl$dleqf)
    _dcmple                                  0x00002491   Thumb Code   120  dleqf.o(x$fpl$dleqf)
    __fpl_dcmple_InfNaN                      0x000024f3   Thumb Code     0  dleqf.o(x$fpl$dleqf)
    __aeabi_dmul                             0x00002509   Thumb Code     0  dmul.o(x$fpl$dmul)
    _dmul                                    0x00002509   Thumb Code   332  dmul.o(x$fpl$dmul)
    __fpl_dnaninf                            0x0000265d   Thumb Code   156  dnaninf.o(x$fpl$dnaninf)
    __fpl_dretinf                            0x000026f9   Thumb Code    12  dretinf.o(x$fpl$dretinf)
    __aeabi_cdrcmple                         0x00002705   Thumb Code     0  drleqf.o(x$fpl$drleqf)
    _drcmple                                 0x00002705   Thumb Code   108  drleqf.o(x$fpl$drleqf)
    __fpl_fretinf                            0x00002771   Thumb Code    10  fretinf.o(x$fpl$fretinf)
    __fpl_return_NaN                         0x0000277b   Thumb Code   100  retnan.o(x$fpl$retnan)
    __ARM_scalbn                             0x000027df   Thumb Code    92  scalbn.o(x$fpl$scalbn)
    _scanf_real                              0x0000283b   Thumb Code     4  scanf1.o(x$fpl$scanf1)
    _scanf_hex_real                          0x0000283f   Thumb Code     4  scanf2.o(x$fpl$scanf2)
    _scanf_infnan                            0x00002843   Thumb Code     4  scanf2.o(x$fpl$scanf2)
    __fpl_cmpreturn                          0x00002847   Thumb Code    48  trapv.o(x$fpl$trapveneer)
    __I$use$fp                               0x00002876   Number         0  usenofp.o(x$fpl$usenofp)
    __aeabi_HUGE_VAL                         0x0000290c   Data           0  fpconst.o(c$$dinf)
    __aeabi_HUGE_VALL                        0x0000290c   Data           0  fpconst.o(c$$dinf)
    __aeabi_INFINITY                         0x0000290c   Data           0  fpconst.o(c$$dinf)
    __dInf                                   0x0000290c   Data           0  fpconst.o(c$$dinf)
    __huge_val                               0x0000290c   Data           0  fpconst.o(c$$dinf)
    __ctype                                  0x0000293d   Data           0  lc_ctype_c.o(locale$$data)
    total_distance                           0x20000000   Data           4  main.o(.data)
    prev_lat                                 0x20000004   Data           4  main.o(.data)
    prev_lon                                 0x20000008   Data           4  main.o(.data)
    current_lat                              0x20000010   Data           8  main.o(.data)
    current_lon                              0x20000018   Data           8  main.o(.data)
    distance                                 0x20000020   Data           8  main.o(.data)
    first_read                               0x20000028   Data           1  main.o(.data)
    total_distance_as_string                 0x20000029   Data           6  main.o(.data)
    NS                                       0x2000002f   Data           1  main.o(.data)
    EW                                       0x20000030   Data           1  main.o(.data)
    is_GGA                                   0x20000034   Data           1  gps.o(.data)
    i                                        0x20000038   Data           4  gps.o(.data)
    CommaCounter                             0x2000003c   Data           1  gps.o(.data)
    buffer_index                             0x20000040   Data           4  gps.o(.data)
    GGA                                      0x20000044   Data           3  gps.o(.data)
    data_start                               0x20000048   Data          80  main.o(.bss)
    buffer                                   0x20000098   Data          80  gps.o(.bss)



==============================================================================

Memory Map of the image

  Image Entry point : 0x0000026d

  Load Region LR_1 (Base: 0x00000000, Size: 0x00002a88, Max: 0xffffffff, ABSOLUTE)

    Execution Region ER_RO (Base: 0x00000000, Size: 0x00002a40, Max: 0xffffffff, ABSOLUTE)

    Base Addr    Size         Type   Attr      Idx    E Section Name        Object

    0x00000000   0x0000026c   Data   RO            3    RESET               startup_tm4c123.o
    0x0000026c   0x00000000   Code   RO          196    .ARM.Collect$$libinit$$00000011  c_w.l(libinit2.o)
    0x0000026c   0x00000000   Code   RO          200    .ARM.Collect$$libinit$$00000015  c_w.l(libinit2.o)
    0x0000026c   0x00000114   Code   RO            4  * .text               startup_tm4c123.o
    0x00000380   0x00000130   Code   RO           10    .text               main.o
    0x000004b0   0x000001f4   Code   RO           55    .text               gps.o
    0x000006a4   0x00000040   Code   RO           81    .text               systick.o
    0x000006e4   0x00000184   Code   RO           93    .text               uart1.o
    0x00000868   0x00000160   Code   RO          105    .text               dio_driver.o
    0x000009c8   0x000000f8   Code   RO          117    .text               lcd_driver.o
    0x00000ac0   0x00000006   Code   RO          131    .text               c_w.l(heapauxi.o)
    0x00000ac6   0x00000016   Code   RO          147    .text               c_w.l(_rserrno.o)
    0x00000adc   0x000000a0   Code   RO          149    .text               c_w.l(strtod.o)
    0x00000b7c   0x00000008   Code   RO          158    .text               c_w.l(rt_errno_addr.o)
    0x00000b84   0x00000012   Code   RO          163    .text               c_w.l(isspace.o)
    0x00000b96   0x00000040   Code   RO          165    .text               c_w.l(_sgetc.o)
    0x00000bd6   0x00000002   PAD
    0x00000bd8   0x00000010   Code   RO          175    .text               c_w.l(rt_ctype_table.o)
    0x00000be8   0x000004a4   Code   RO          177    .text               c_w.l(scanf_fp.o)
    0x0000108c   0x00000080   Code   RO          181    .text               c_w.l(strcmpv7m.o)
    0x0000110c   0x00000008   Code   RO          226    .text               c_w.l(rt_locale.o)
    0x00001114   0x000000e4   Code   RO          231    .text               c_w.l(bigflt0.o)
    0x000011f8   0x00000314   Code   RO          282    .text               c_w.l(scanf_hexfp.o)
    0x0000150c   0x0000013c   Code   RO          284    .text               c_w.l(scanf_infnan.o)
    0x00001648   0x00000026   Code   RO          304    .text               c_w.l(llshl.o)
    0x0000166e   0x0000001c   Code   RO          306    .text               c_w.l(_chval.o)
    0x0000168a   0x00000338   Code   RO          244    CL$$btod_div_common  c_w.l(btod.o)
    0x000019c2   0x00000002   PAD
    0x000019c4   0x00000054   Code   RO          242    CL$$btod_e2d        c_w.l(btod.o)
    0x00001a18   0x000000c6   Code   RO          241    CL$$btod_e2e        c_w.l(btod.o)
    0x00001ade   0x00000028   Code   RO          238    CL$$btod_ediv       c_w.l(btod.o)
    0x00001b06   0x00000028   Code   RO          240    CL$$btod_edivd      c_w.l(btod.o)
    0x00001b2e   0x00000028   Code   RO          237    CL$$btod_emul       c_w.l(btod.o)
    0x00001b56   0x00000028   Code   RO          239    CL$$btod_emuld      c_w.l(btod.o)
    0x00001b7e   0x00000244   Code   RO          243    CL$$btod_mult_common  c_w.l(btod.o)
    0x00001dc2   0x00000006   PAD
    0x00001dc8   0x00000038   Code   RO          141    i.__hardfp_atof     m_wm.l(atof.o)
    0x00001e00   0x000000e8   Code   RO          316    i.__hardfp_ldexp    m_wm.l(ldexp.o)
    0x00001ee8   0x00000020   Code   RO          343    i.__mathlib_dbl_underflow  m_wm.l(dunder.o)
    0x00001f08   0x000000b8   Code   RO          275    i.__mathlib_narrow  m_wm.l(narrow.o)
    0x00001fc0   0x00000014   Code   RO          318    i.__support_ldexp   m_wm.l(ldexp.o)
    0x00001fd4   0x0000000e   Code   RO          179    i._is_digit         c_w.l(scanf_fp.o)
    0x00001fe2   0x00000006   PAD
    0x00001fe8   0x0000009c   Code   RO          296    i.frexp             m_wm.l(frexp.o)
    0x00002084   0x0000002c   Code   RO          168    locale$$code        c_w.l(lc_numeric_c.o)
    0x000020b0   0x0000002c   Code   RO          257    locale$$code        c_w.l(lc_ctype_c.o)
    0x000020dc   0x00000062   Code   RO          133    x$fpl$d2f           fz_wm.l(d2f.o)
    0x0000213e   0x00000002   PAD
    0x00002140   0x00000010   Code   RO          352    x$fpl$dcheck1       fz_wm.l(dcheck1.o)
    0x00002150   0x00000018   Code   RO          312    x$fpl$dcmpinf       fz_wm.l(dcmpi.o)
    0x00002168   0x000002b0   Code   RO          136    x$fpl$ddiv          fz_wm.l(ddiv.o)
    0x00002418   0x00000078   Code   RO          290    x$fpl$deqf          fz_wm.l(deqf.o)
    0x00002490   0x00000078   Code   RO          314    x$fpl$dleqf         fz_wm.l(dleqf.o)
    0x00002508   0x00000154   Code   RO          139    x$fpl$dmul          fz_wm.l(dmul.o)
    0x0000265c   0x0000009c   Code   RO          151    x$fpl$dnaninf       fz_wm.l(dnaninf.o)
    0x000026f8   0x0000000c   Code   RO          153    x$fpl$dretinf       fz_wm.l(dretinf.o)
    0x00002704   0x0000006c   Code   RO          292    x$fpl$drleqf        fz_wm.l(drleqf.o)
    0x00002770   0x0000000a   Code   RO          155    x$fpl$fretinf       fz_wm.l(fretinf.o)
    0x0000277a   0x00000064   Code   RO          358    x$fpl$retnan        fz_wm.l(retnan.o)
    0x000027de   0x0000005c   Code   RO          341    x$fpl$scalbn        fz_wm.l(scalbn.o)
    0x0000283a   0x00000004   Code   RO          170    x$fpl$scanf1        fz_wm.l(scanf1.o)
    0x0000283e   0x00000008   Code   RO          268    x$fpl$scanf2        fz_wm.l(scanf2.o)
    0x00002846   0x00000030   Code   RO          376    x$fpl$trapveneer    fz_wm.l(trapv.o)
    0x00002876   0x00000000   Code   RO          157    x$fpl$usenofp       fz_wm.l(usenofp.o)
    0x00002876   0x00000002   PAD
    0x00002878   0x00000094   Data   RO          232    .constdata          c_w.l(bigflt0.o)
    0x0000290c   0x00000008   Data   RO          261    c$$dinf             fz_wm.l(fpconst.o)
    0x00002914   0x0000001c   Data   RO          167    locale$$data        c_w.l(lc_numeric_c.o)
    0x00002930   0x00000110   Data   RO          256    locale$$data        c_w.l(lc_ctype_c.o)


    Execution Region ER_RW (Base: 0x20000000, Size: 0x00000048, Max: 0xffffffff, ABSOLUTE)

    Base Addr    Size         Type   Attr      Idx    E Section Name        Object

    0x20000000   0x00000031   Data   RW           12    .data               main.o
    0x20000031   0x00000003   PAD
    0x20000034   0x00000013   Data   RW           57    .data               gps.o


    Execution Region ER_ZI (Base: 0x20000048, Size: 0x000002b8, Max: 0xffffffff, ABSOLUTE)

    Base Addr    Size         Type   Attr      Idx    E Section Name        Object

    0x20000048   0x00000050   Zero   RW           11    .bss                main.o
    0x20000098   0x00000050   Zero   RW           56    .bss                gps.o
    0x200000e8   0x00000004   Zero   RW          159    .bss                c_w.l(rt_errno_addr.o)
    0x200000ec   0x00000014   Zero   RW          227    .bss                c_w.l(rt_locale.o)
    0x20000100   0x00000000   Zero   RW            2    HEAP                startup_tm4c123.o
    0x20000100   0x00000200   Zero   RW            1    STACK               startup_tm4c123.o


==============================================================================

Image component sizes


      Code (inc. data)   RO Data    RW Data    ZI Data      Debug   Object Name

       352         48          0          0          0       1313   dio_driver.o
       500         36          0         19         80       5624   gps.o
       248          8          0          0          0       1004   lcd_driver.o
       304         46          0         49         80       3479   main.o
       276         24        620          0        512       5376   startup_tm4c123.o
        64          0          0          0          0        925   systick.o
       388         28          0          0          0       1379   uart1.o

    ----------------------------------------------------------------------
      2132        190        620         72        672      19100   Object Totals
         0          0          0          0          0          0   (incl. Generated)
         0          0          0          4          0          0   (incl. Padding)

    ----------------------------------------------------------------------

      Code (inc. data)   RO Data    RW Data    ZI Data      Debug   Library Member Name

        28          0          0          0          0         68   _chval.o
        22          0          0          0          0        100   _rserrno.o
        64          0          0          0          0         84   _sgetc.o
       228          6        148          0          0         96   bigflt0.o
      1846        132          0          0          0        736   btod.o
         6          0          0          0          0        152   heapauxi.o
        18          0          0          0          0         76   isspace.o
        44         10        272          0          0         76   lc_ctype_c.o
        44         10         28          0          0         76   lc_numeric_c.o
         0          0          0          0          0          0   libinit2.o
        38          0          0          0          0         68   llshl.o
        16          4          0          0          0         76   rt_ctype_table.o
         8          4          0          0          4         68   rt_errno_addr.o
         8          4          0          0         20         68   rt_locale.o
      1202         12          0          0          0        216   scanf_fp.o
       788         12          0          0          0        100   scanf_hexfp.o
       316         18          0          0          0        100   scanf_infnan.o
       128          0          0          0          0         68   strcmpv7m.o
       160         12          0          0          0        120   strtod.o
        98          4          0          0          0        140   d2f.o
        16          4          0          0          0        116   dcheck1.o
        24          0          0          0          0        116   dcmpi.o
       688        140          0          0          0        256   ddiv.o
       120          4          0          0          0        140   deqf.o
       120          4          0          0          0        140   dleqf.o
       340         12          0          0          0        152   dmul.o
       156          4          0          0          0        140   dnaninf.o
        12          0          0          0          0        116   dretinf.o
       108          0          0          0          0        128   drleqf.o
         0          0          8          0          0          0   fpconst.o
        10          0          0          0          0        116   fretinf.o
       100          0          0          0          0        116   retnan.o
        92          0          0          0          0        116   scalbn.o
         4          0          0          0          0        116   scanf1.o
         8          0          0          0          0        132   scanf2.o
        48          0          0          0          0        116   trapv.o
         0          0          0          0          0          0   usenofp.o
        56         12          0          0          0        132   atof.o
        32          8          0          0          0        124   dunder.o
       156         22          0          0          0        132   frexp.o
       252         16          0          0          0        308   ldexp.o
       184         18          0          0          0        152   narrow.o

    ----------------------------------------------------------------------
      7608        474        456          0         24       5352   Library Totals
        20          2          0          0          0          0   (incl. Padding)

    ----------------------------------------------------------------------

      Code (inc. data)   RO Data    RW Data    ZI Data      Debug   Library Name

      4964        224        448          0         24       2348   c_w.l
      1944        172          8          0          0       2156   fz_wm.l
       680         76          0          0          0        848   m_wm.l

    ----------------------------------------------------------------------
      7608        474        456          0         24       5352   Library Totals

    ----------------------------------------------------------------------

==============================================================================


      Code (inc. data)   RO Data    RW Data    ZI Data      Debug   

      9740        664       1076         72        696      20304   Grand Totals
      9740        664       1076         72        696      20304   ELF Image Totals
      9740        664       1076         72          0          0   ROM Totals

==============================================================================

    Total RO  Size (Code + RO Data)                10816 (  10.56kB)
    Total RW  Size (RW Data + ZI Data)               768 (   0.75kB)
    Total ROM Size (Code + RO Data + RW Data)      10888 (  10.63kB)

==============================================================================

