ARM Linker, 5.03 [Build 76] [MDK-ARM Lite]

==============================================================================

Section Cross References

    startup.o(STACK) refers (Special) to heapauxi.o(.text) for __use_two_region_memory
    startup.o(HEAP) refers (Special) to heapauxi.o(.text) for __use_two_region_memory
    startup.o(RESET) refers (Special) to heapauxi.o(.text) for __use_two_region_memory
    startup.o(RESET) refers to startup.o(STACK) for StackMem
    startup.o(RESET) refers to __main.o(!!!main) for __main
    startup.o(.text) refers (Special) to heapauxi.o(.text) for __use_two_region_memory
    startup.o(.text) refers to startup.o(HEAP) for HeapMem
    startup.o(.text) refers to startup.o(STACK) for StackMem
    lcd_driver.o(i.LCD_DisplayString) refers to lcd_driver.o(i.LCD_WriteData) for LCD_WriteData
    lcd_driver.o(i.LCD_WriteCommand) refers to systick.o(i.sysTickWait1Ms) for sysTickWait1Ms
    lcd_driver.o(i.LCD_WriteData) refers to systick.o(i.sysTickWait1Ms) for sysTickWait1Ms
    lcd_driver.o(i.Lcd_init) refers to lcd_driver.o(i.LCD_WriteCommand) for LCD_WriteCommand
    lcd_driver.o(i.Lcd_init) refers to systick.o(i.sysTickWait1Ms) for sysTickWait1Ms
    main.o(i.is_distance_greater_or_equal_to_100) refers to dio_driver.o(i.Portf_output) for Portf_output
    main.o(i.main) refers to dio_driver.o(i.Portf_Init_input_Output) for Portf_Init_input_Output
    main.o(i.main) refers to dio_driver.o(i.Portb_Init_output) for Portb_Init_output
    main.o(i.main) refers to dio_driver.o(i.porta_init_output) for porta_init_output
    main.o(i.main) refers to systick.o(i.sysTickInit) for sysTickInit
    main.o(i.main) refers to lcd_driver.o(i.Lcd_init) for Lcd_init
    main.o(i.main) refers to uart1.o(i.UART_Init) for UART_Init
    main.o(i.main) refers to uart1.o(i.UART0_Init) for UART0_Init
    main.o(i.main) refers to eeprom.o(i.EEPROM_Init) for EEPROM_Init
    main.o(i.main) refers to gps.o(i.read_gps_data) for read_gps_data
    systick.o(i.sysTickWait1Ms) refers to systick.o(i.sysTickWait) for sysTickWait
    uart1.o(i.ReadData_UART0) refers to lcd_driver.o(i.LCD_WriteData) for LCD_WriteData
    uart1.o(i.ReadData_UART0) refers to uart1.o(i.SendData_UART0) for SendData_UART0
    uart1.o(i.sendString_Uart0) refers to uart1.o(i.SendData_UART0) for SendData_UART0
    gps.o(i.compute_lat_lon) refers to gps.o(i.get_latitude) for get_latitude
    gps.o(i.compute_lat_lon) refers to gps.o(i.get_longitude) for get_longitude
    gps.o(i.compute_lat_lon) refers to gps.o(i.get_distance) for get_distance
    gps.o(i.compute_lat_lon) refers to dmul.o(x$fpl$dmul) for __aeabi_dmul
    gps.o(i.compute_lat_lon) refers to f2d.o(x$fpl$f2d) for __aeabi_f2d
    gps.o(i.compute_lat_lon) refers to daddsub_clz.o(x$fpl$dadd) for __aeabi_dadd
    gps.o(i.compute_lat_lon) refers to d2f.o(x$fpl$d2f) for __aeabi_d2f
    gps.o(i.compute_lat_lon) refers to gps.o(.bss) for data
    gps.o(i.compute_lat_lon) refers to gps.o(.data) for first
    gps.o(i.degree_to_rad) refers to dmul.o(x$fpl$dmul) for __aeabi_dmul
    gps.o(i.degree_to_rad) refers to ddiv.o(x$fpl$ddiv) for __aeabi_ddiv
    gps.o(i.get_distance) refers to deqf.o(x$fpl$deqf) for __aeabi_cdcmpeq
    gps.o(i.get_distance) refers to daddsub_clz.o(x$fpl$dsub) for __aeabi_dsub
    gps.o(i.get_distance) refers to gps.o(i.degree_to_rad) for degree_to_rad
    gps.o(i.get_distance) refers to cos.o(i.cos) for cos
    gps.o(i.get_distance) refers to dmul.o(x$fpl$dmul) for __aeabi_dmul
    gps.o(i.get_distance) refers to sin.o(i.sin) for sin
    gps.o(i.get_distance) refers to daddsub_clz.o(x$fpl$dadd) for __aeabi_dadd
    gps.o(i.get_distance) refers to acos.o(i.acos) for acos
    gps.o(i.get_distance) refers to gps.o(i.rad_to_degree) for rad_to_degree
    gps.o(i.get_distance) refers to gps.o(.bss) for data
    gps.o(i.get_latitude) refers to strtold.o(i.strtold) for strtold
    gps.o(i.get_latitude) refers to dmul.o(x$fpl$dmul) for __aeabi_dmul
    gps.o(i.get_latitude) refers to gps.o(.bss) for data
    gps.o(i.get_longitude) refers to strtold.o(i.strtold) for strtold
    gps.o(i.get_longitude) refers to d2f.o(x$fpl$d2f) for __aeabi_d2f
    gps.o(i.get_longitude) refers to fmul.o(x$fpl$fmul) for __aeabi_fmul
    gps.o(i.get_longitude) refers to f2d.o(x$fpl$f2d) for __aeabi_f2d
    gps.o(i.get_longitude) refers to gps.o(.bss) for data
    gps.o(i.rad_to_degree) refers to dmul.o(x$fpl$dmul) for __aeabi_dmul
    gps.o(i.rad_to_degree) refers to ddiv.o(x$fpl$ddiv) for __aeabi_ddiv
    gps.o(i.read_gps_data) refers to _printf_percent.o(.ARM.Collect$$_printf_percent$$00000000) for _printf_percent
    gps.o(i.read_gps_data) refers to _printf_f.o(.ARM.Collect$$_printf_percent$$00000003) for _printf_f
    gps.o(i.read_gps_data) refers to printf1.o(x$fpl$printf1) for _printf_fp_dec
    gps.o(i.read_gps_data) refers to uart1.o(i.ReadData) for ReadData
    gps.o(i.read_gps_data) refers to uart1.o(i.SendData_UART0) for SendData_UART0
[...]
    ../clib/libinit.s                        0x00000000   Number         0  libinit2.o ABSOLUTE
    ../clib/libinit.s                        0x00000000   Number         0  libshutdown2.o ABSOLUTE
    ../clib/libinit.s                        0x00000000   Number         0  libinit.o ABSOLUTE
    ../clib/libinit.s                        0x00000000   Number         0  libshutdown.o ABSOLUTE
    ../clib/locale.s                         0x00000000   Number         0  lc_numeric_c.o ABSOLUTE
    ../clib/locale.s                         0x00000000   Number         0  lc_ctype_c.o ABSOLUTE
    ../clib/longlong.s                       0x00000000   Number         0  lludiv10.o ABSOLUTE
    ../clib/longlong.s                       0x00000000   Number         0  llshl.o ABSOLUTE
    ../clib/memcpset.s                       0x00000000   Number         0  strcmpv7m.o ABSOLUTE
    ../clib/misc.s                           0x00000000   Number         0  printf_stubs.o ABSOLUTE
    ../clib/printf.c                         0x00000000   Number         0  __printf.o ABSOLUTE
    ../clib/printf.c                         0x00000000   Number         0  _printf_fp_infnan.o ABSOLUTE
    ../clib/printf.c                         0x00000000   Number         0  _sputc.o ABSOLUTE
    ../clib/printf.c                         0x00000000   Number         0  _printf_fp_dec.o ABSOLUTE
    ../clib/printf.c                         0x00000000   Number         0  __printf_wp.o ABSOLUTE
    ../clib/printf.c                         0x00000000   Number         0  __printf_flags_wp.o ABSOLUTE
    ../clib/printf.c                         0x00000000   Number         0  __printf_ss_wp.o ABSOLUTE
    ../clib/printf.c                         0x00000000   Number         0  __printf_flags_ss_wp.o ABSOLUTE
    ../clib/printf.c                         0x00000000   Number         0  __printf_ss.o ABSOLUTE
    ../clib/printf.c                         0x00000000   Number         0  __printf_flags.o ABSOLUTE
    ../clib/printf.c                         0x00000000   Number         0  _printf_char_common.o ABSOLUTE
    ../clib/printf.c                         0x00000000   Number         0  noretval__2sprintf.o ABSOLUTE
    ../clib/printf.c                         0x00000000   Number         0  __2sprintf.o ABSOLUTE
    ../clib/printf.c                         0x00000000   Number         0  __printf_flags_ss.o ABSOLUTE
    ../clib/printf.c                         0x00000000   Number         0  __printf_nopercent.o ABSOLUTE
    ../clib/printf_percent.s                 0x00000000   Number         0  _printf_percent_end.o ABSOLUTE
    ../clib/printf_percent.s                 0x00000000   Number         0  _printf_percent.o ABSOLUTE
    ../clib/printf_percent.s                 0x00000000   Number         0  _printf_f.o ABSOLUTE
    ../clib/scanf.c                          0x00000000   Number         0  _chval.o ABSOLUTE
    ../clib/scanf.c                          0x00000000   Number         0  strtod.o ABSOLUTE
    ../clib/scanf.c                          0x00000000   Number         0  scanf_infnan.o ABSOLUTE
    ../clib/scanf.c                          0x00000000   Number         0  scanf_hexfp.o ABSOLUTE
    ../clib/scanf.c                          0x00000000   Number         0  scanf_fp.o ABSOLUTE
    ../clib/scanf.c                          0x00000000   Number         0  _sgetc.o ABSOLUTE
    ../clib/signal.c                         0x00000000   Number         0  defsig_general.o ABSOLUTE
    ../clib/signal.c                         0x00000000   Number         0  __raise.o ABSOLUTE
    ../clib/signal.c                         0x00000000   Number         0  defsig_rtmem_inner.o ABSOLUTE
    ../clib/signal.c                         0x00000000   Number         0  defsig_exit.o ABSOLUTE
    ../clib/signal.c                         0x00000000   Number         0  defsig_segv_inner.o ABSOLUTE
    ../clib/signal.c                         0x00000000   Number         0  defsig_rtmem_formal.o ABSOLUTE
    ../clib/signal.c                         0x00000000   Number         0  defsig_rtmem_outer.o ABSOLUTE
    ../clib/signal.c                         0x00000000   Number         0  defsig_other.o ABSOLUTE
    ../clib/signal.c                         0x00000000   Number         0  defsig_cppl_inner.o ABSOLUTE
    ../clib/signal.c                         0x00000000   Number         0  defsig_pvfn_inner.o ABSOLUTE
    ../clib/signal.c                         0x00000000   Number         0  defsig_stak_inner.o ABSOLUTE
    ../clib/signal.c                         0x00000000   Number         0  defsig_rtred_inner.o ABSOLUTE
    ../clib/signal.c                         0x00000000   Number         0  defsig_fpe_inner.o ABSOLUTE
    ../clib/signal.c                         0x00000000   Number         0  defsig_abrt_inner.o ABSOLUTE
    ../clib/signal.s                         0x00000000   Number         0  defsig.o ABSOLUTE
    ../clib/stdlib.c                         0x00000000   Number         0  exit.o ABSOLUTE
    ../fplib/d2f.s                           0x00000000   Number         0  d2f.o ABSOLUTE
    ../fplib/daddsub.s                       0x00000000   Number         0  daddsub_clz.o ABSOLUTE
    ../fplib/dcheck1.s                       0x00000000   Number         0  dcheck1.o ABSOLUTE
    ../fplib/dcmpi.s                         0x00000000   Number         0  dcmpi.o ABSOLUTE
    ../fplib/ddiv.s                          0x00000000   Number         0  ddiv.o ABSOLUTE
    ../fplib/deqf.s                          0x00000000   Number         0  deqf.o ABSOLUTE
    ../fplib/dfix.s                          0x00000000   Number         0  dfix.o ABSOLUTE
    ../fplib/dflt.s                          0x00000000   Number         0  dflt_clz.o ABSOLUTE
    ../fplib/dleqf.s                         0x00000000   Number         0  dleqf.o ABSOLUTE
    ../fplib/dmul.s                          0x00000000   Number         0  dmul.o ABSOLUTE
    ../fplib/dnaninf.s                       0x00000000   Number         0  dnaninf.o ABSOLUTE
    ../fplib/dretinf.s                       0x00000000   Number         0  dretinf.o ABSOLUTE
    ../fplib/drleqf.s                        0x00000000   Number         0  drleqf.o ABSOLUTE
    ../fplib/dsqrt.s                         0x00000000   Number         0  dsqrt_umaal.o ABSOLUTE
    ../fplib/f2d.s                           0x00000000   Number         0  f2d.o ABSOLUTE
    ../fplib/fmul.s                          0x00000000   Number         0  fmul.o ABSOLUTE
    ../fplib/fnaninf.s                       0x00000000   Number         0  fnaninf.o ABSOLUTE
    ../fplib/fpconst.s                       0x00000000   Number         0  fpconst.o ABSOLUTE
    ../fplib/fpinit.s                        0x00000000   Number         0  fpinit.o ABSOLUTE
    ../fplib/fretinf.s                       0x00000000   Number         0  fretinf.o ABSOLUTE
    ../fplib/istatus.s                       0x00000000   Number         0  istatus.o ABSOLUTE
    ../fplib/printf1.s                       0x00000000   Number         0  printf1.o ABSOLUTE
    ../fplib/retnan.s                        0x00000000   Number         0  retnan.o ABSOLUTE
    ../fplib/scalbn.s                        0x00000000   Number         0  scalbn.o ABSOLUTE
    ../fplib/scanf1.s                        0x00000000   Number         0  scanf1.o ABSOLUTE
    ../fplib/scanf2.s                        0x00000000   Number         0  scanf2.o ABSOLUTE
    ../fplib/scanf2a.s                       0x00000000   Number         0  scanf2a.o ABSOLUTE
    ../fplib/scanf2b.s                       0x00000000   Number         0  scanf2b.o ABSOLUTE
    ../fplib/trapv.s                         0x00000000   Number         0  trapv.o ABSOLUTE
    ../fplib/usenofp.s                       0x00000000   Number         0  usenofp.o ABSOLUTE
    ../mathlib/acos.c                        0x00000000   Number         0  acos_x.o ABSOLUTE
    ../mathlib/acos.c                        0x00000000   Number         0  acos.o ABSOLUTE
    ../mathlib/cos.c                         0x00000000   Number         0  cos.o ABSOLUTE
    ../mathlib/cos.c                         0x00000000   Number         0  cos_x.o ABSOLUTE
    ../mathlib/cos_i.c                       0x00000000   Number         0  cos_i.o ABSOLUTE
    ../mathlib/dunder.c                      0x00000000   Number         0  dunder.o ABSOLUTE
    ../mathlib/fpclassify.c                  0x00000000   Number         0  fpclassify.o ABSOLUTE
    ../mathlib/frexp.c                       0x00000000   Number         0  frexp.o ABSOLUTE
    ../mathlib/ldexp.c                       0x00000000   Number         0  ldexp_x.o ABSOLUTE
    ../mathlib/ldexp.c                       0x00000000   Number         0  ldexp.o ABSOLUTE
    ../mathlib/narrow.c                      0x00000000   Number         0  narrow.o ABSOLUTE
    ../mathlib/poly.c                        0x00000000   Number         0  poly.o ABSOLUTE
    ../mathlib/qnan.c                        0x00000000   Number         0  qnan.o ABSOLUTE
    ../mathlib/rred.c                        0x00000000   Number         0  rred.o ABSOLUTE
    ../mathlib/sin.c                         0x00000000   Number         0  sin.o ABSOLUTE
    ../mathlib/sin.c                         0x00000000   Number         0  sin_x.o ABSOLUTE
    ../mathlib/sin_i.c                       0x00000000   Number         0  sin_i.o ABSOLUTE
    ../mathlib/sin_i.c                       0x00000000   Number         0  sin_i_x.o ABSOLUTE
    ../mathlib/sqrt.c                        0x00000000   Number         0  sqrt.o ABSOLUTE
    ../mathlib/sqrt.c                        0x00000000   Number         0  sqrt_x.o ABSOLUTE
    ../mathlib/strtold.c                     0x00000000   Number         0  strtold.o ABSOLUTE
    DIO_DRIVER.c                             0x00000000   Number         0  dio_driver.o ABSOLUTE
    EEPROM.c                                 0x00000000   Number         0  eeprom.o ABSOLUTE
    LCD_DRIVER.c                             0x00000000   Number         0  lcd_driver.o ABSOLUTE
    UART1.c                                  0x00000000   Number         0  uart1.o ABSOLUTE
    dc.s                                     0x00000000   Number         0  dc.o ABSOLUTE
    gps.c                                    0x00000000   Number         0  gps.o ABSOLUTE
    main.c                                   0x00000000   Number         0  main.o ABSOLUTE
    startup.s                                0x00000000   Number         0  startup.o ABSOLUTE
    sysTick.c                                0x00000000   Number         0  systick.o ABSOLUTE
    !!!main                                  0x00000284   Section        8  __main.o(!!!main)
    !!!scatter                               0x0000028c   Section       52  __scatter.o(!!!scatter)
    !!handler_copy                           0x000002c0   Section       26  __scatter_copy.o(!!handler_copy)
    !!handler_zi                             0x000002dc   Section       28  __scatter_zi.o(!!handler_zi)
    .ARM.Collect$$_printf_percent$$00000000  0x000002f8   Section        0  _printf_percent.o(.ARM.Collect$$_printf_percent$$00000000)
    .ARM.Collect$$_printf_percent$$00000003  0x000002f8   Section        6  _printf_f.o(.ARM.Collect$$_printf_percent$$00000003)
    .ARM.Collect$$_printf_percent$$00000017  0x000002fe   Section        4  _printf_percent_end.o(.ARM.Collect$$_printf_percent$$00000017)
    .ARM.Collect$$libinit$$00000000          0x00000302   Section        2  libinit.o(.ARM.Collect$$libinit$$00000000)
    .ARM.Collect$$libinit$$00000002          0x00000304   Section        0  libinit2.o(.ARM.Collect$$libinit$$00000002)
    .ARM.Collect$$libinit$$00000008          0x00000304   Section        0  libinit2.o(.ARM.Collect$$libinit$$00000008)
    .ARM.Collect$$libinit$$0000000A          0x00000304   Section        0  libinit2.o(.ARM.Collect$$libinit$$0000000A)
    .ARM.Collect$$libinit$$0000000C          0x00000304   Section        0  libinit2.o(.ARM.Collect$$libinit$$0000000C)
    .ARM.Collect$$libinit$$0000000D          0x00000304   Section        6  libinit2.o(.ARM.Collect$$libinit$$0000000D)
    .ARM.Collect$$libinit$$0000000F          0x0000030a   Section        0  libinit2.o(.ARM.Collect$$libinit$$0000000F)
    .ARM.Collect$$libinit$$00000010          0x0000030a   Section       12  libinit2.o(.ARM.Collect$$libinit$$00000010)
    .ARM.Collect$$libinit$$00000011          0x00000316   Section        0  libinit2.o(.ARM.Collect$$libinit$$00000011)
    .ARM.Collect$$libinit$$00000013          0x00000316   Section        0  libinit2.o(.ARM.Collect$$libinit$$00000013)
    .ARM.Collect$$libinit$$00000014          0x00000316   Section       10  libinit2.o(.ARM.Collect$$libinit$$00000014)
    .ARM.Collect$$libinit$$00000015          0x00000320   Section        0  libinit2.o(.ARM.Collect$$libinit$$00000015)
    .ARM.Collect$$libinit$$00000017          0x00000320   Section        0  libinit2.o(.ARM.Collect$$libinit$$00000017)
    .ARM.Collect$$libinit$$00000019          0x00000320   Section        0  libinit2.o(.ARM.Collect$$libinit$$00000019)
    .ARM.Collect$$libinit$$0000001B          0x00000320   Section        0  libinit2.o(.ARM.Collect$$libinit$$0000001B)
    .ARM.Collect$$libinit$$0000001D          0x00000320   Section        0  libinit2.o(.ARM.Collect$$libinit$$0000001D)
    .ARM.Collect$$libinit$$0000001F          0x00000320   Section        0  libinit2.o(.ARM.Collect$$libinit$$0000001F)
    .ARM.Collect$$libinit$$00000021          0x00000320   Section        0  libinit2.o(.ARM.Collect$$libinit$$00000021)
    .ARM.Collect$$libinit$$00000023          0x00000320   Section        0  libinit2.o(.ARM.Collect$$libinit$$00000023)
    .ARM.Collect$$libinit$$0000002A          0x00000320   Section        0  libinit2.o(.ARM.Collect$$libinit$$0000002A)
    .ARM.Collect$$libinit$$0000002C          0x00000320   Section        0  libinit2.o(.ARM.Collect$$libinit$$0000002C)
    .ARM.Collect$$libinit$$0000002E          0x00000320   Section        0  libinit2.o(.ARM.Collect$$libinit$$0000002E)
    .ARM.Collect$$libinit$$00000030          0x00000320   Section        0  libinit2.o(.ARM.Collect$$libinit$$00000030)
    .ARM.Collect$$libinit$$00000031          0x00000320   Section        2  libinit2.o(.ARM.Collect$$libinit$$00000031)
    .ARM.Collect$$libshutdown$$00000000      0x00000322   Section        2  libshutdown.o(.ARM.Collect$$libshutdown$$00000000)
    .ARM.Collect$$libshutdown$$00000003      0x00000324   Section        0  libshutdown2.o(.ARM.Collect$$libshutdown$$00000003)
    .ARM.Collect$$libshutdown$$00000006      0x00000324   Section        0  libshutdown2.o(.ARM.Collect$$libshutdown$$00000006)
    .ARM.Collect$$libshutdown$$00000009      0x00000324   Section        0  libshutdown2.o(.ARM.Collect$$libshutdown$$00000009)
    .ARM.Collect$$libshutdown$$0000000B      0x00000324   Section        0  libshutdown2.o(.ARM.Collect$$libshutdown$$0000000B)
    .ARM.Collect$$libshutdown$$0000000E      0x00000324   Section        0  libshutdown2.o(.ARM.Collect$$libshutdown$$0000000E)
    .ARM.Collect$$libshutdown$$0000000F      0x00000324   Section        2  libshutdown2.o(.ARM.Collect$$libshutdown$$0000000F)
    .ARM.Collect$$rtentry$$00000000          0x00000326   Section        0  rtentry.o(.ARM.Collect$$rtentry$$00000000)
    .ARM.Collect$$rtentry$$00000002          0x00000326   Section        0  rtentry2.o(.ARM.Collect$$rtentry$$00000002)
    .ARM.Collect$$rtentry$$00000004          0x00000326   Section        6  rtentry4.o(.ARM.Collect$$rtentry$$00000004)
    .ARM.Collect$$rtentry$$00000009          0x0000032c   Section        0  rtentry2.o(.ARM.Collect$$rtentry$$00000009)
    .ARM.Collect$$rtentry$$0000000A          0x0000032c   Section        4  rtentry2.o(.ARM.Collect$$rtentry$$0000000A)
    .ARM.Collect$$rtentry$$0000000C          0x00000330   Section        0  rtentry2.o(.ARM.Collect$$rtentry$$0000000C)
    .ARM.Collect$$rtentry$$0000000D          0x00000330   Section        8  rtentry2.o(.ARM.Collect$$rtentry$$0000000D)
    .ARM.Collect$$rtexit$$00000000           0x00000338   Section        2  rtexit.o(.ARM.Collect$$rtexit$$00000000)
    .ARM.Collect$$rtexit$$00000002           0x0000033a   Section        0  rtexit2.o(.ARM.Collect$$rtexit$$00000002)
    .ARM.Collect$$rtexit$$00000003           0x0000033a   Section        4  rtexit2.o(.ARM.Collect$$rtexit$$00000003)
    .ARM.Collect$$rtexit$$00000004           0x0000033e   Section        6  rtexit2.o(.ARM.Collect$$rtexit$$00000004)
    .text                                    0x00000344   Section       48  startup.o(.text)
    .text                                    0x00000374   Section        0  noretval__2sprintf.o(.text)
    .text                                    0x0000039c   Section        0  __printf_ss.o(.text)
    .text                                    0x00000454   Section        0  heapauxi.o(.text)
    .text                                    0x0000045a   Section        0  _rserrno.o(.text)
    .text                                    0x00000470   Section        0  _printf_fp_dec.o(.text)
    _fp_digits                               0x00000473   Thumb Code   426  _printf_fp_dec.o(.text)
    .text                                    0x00000890   Section        0  _printf_char_common.o(.text)
    _printf_input_char                       0x00000891   Thumb Code    10  _printf_char_common.o(.text)
    .text                                    0x000008c0   Section        0  _sputc.o(.text)
    .text                                    0x000008cc   Section        0  strtod.o(.text)
    _local_sscanf                            0x000008cd   Thumb Code    60  strtod.o(.text)
    .text                                    0x0000096c   Section        8  rt_locale_intlibspace.o(.text)
    .text                                    0x00000974   Section        8  rt_errno_addr_intlibspace.o(.text)
    .text                                    0x0000097c   Section      138  lludiv10.o(.text)
    .text                                    0x00000a06   Section        0  isspace.o(.text)
    .text                                    0x00000a18   Section        0  _printf_fp_infnan.o(.text)
    .text                                    0x00000a98   Section        0  _sgetc.o(.text)
    .text                                    0x00000ad8   Section        0  bigflt0.o(.text)
    .text                                    0x00000bbc   Section        8  libspace.o(.text)
    .text                                    0x00000bc4   Section       74  sys_stackheap_outer.o(.text)
    .text                                    0x00000c10   Section       16  rt_ctype_table.o(.text)
    .text                                    0x00000c20   Section        0  scanf_fp.o(.text)
    _fp_value                                0x00000c21   Thumb Code   504  scanf_fp.o(.text)
    .text                                    0x000010c4   Section        0  exit.o(.text)
    .text                                    0x000010d0   Section      128  strcmpv7m.o(.text)
    .text                                    0x00001150   Section        0  scanf_hexfp.o(.text)
    .text                                    0x00001464   Section        0  scanf_infnan.o(.text)
    .text                                    0x000015a0   Section        0  sys_exit.o(.text)
    .text                                    0x000015ac   Section       38  llshl.o(.text)
    .text                                    0x000015d2   Section        0  _chval.o(.text)
    .text                                    0x000015ee   Section        2  use_no_semi.o(.text)
    .text                                    0x000015f0   Section        0  indicate_semi.o(.text)
    CL$$btod_d2e                             0x000015f0   Section       62  btod.o(CL$$btod_d2e)
    CL$$btod_d2e_denorm_low                  0x0000162e   Section       70  btod.o(CL$$btod_d2e_denorm_low)
    CL$$btod_d2e_norm_op1                    0x00001674   Section       96  btod.o(CL$$btod_d2e_norm_op1)
    CL$$btod_div_common                      0x000016d4   Section      824  btod.o(CL$$btod_div_common)
    CL$$btod_e2d                             0x00001a0c   Section       84  btod.o(CL$$btod_e2d)
    CL$$btod_e2e                             0x00001a60   Section      198  btod.o(CL$$btod_e2e)
    CL$$btod_ediv                            0x00001b26   Section       40  btod.o(CL$$btod_ediv)
    CL$$btod_edivd                           0x00001b4e   Section       40  btod.o(CL$$btod_edivd)
    CL$$btod_emul                            0x00001b76   Section       40  btod.o(CL$$btod_emul)
    CL$$btod_emuld                           0x00001b9e   Section       40  btod.o(CL$$btod_emuld)
    CL$$btod_mult_common                     0x00001bc6   Section      580  btod.o(CL$$btod_mult_common)
    i.EEPROM_Init                            0x00001e0c   Section        0  eeprom.o(i.EEPROM_Init)
    i.LCD_DisplayString                      0x00001e2c   Section        0  lcd_driver.o(i.LCD_DisplayString)
    i.LCD_WriteCommand                       0x00001e48   Section        0  lcd_driver.o(i.LCD_WriteCommand)
    i.LCD_WriteData                          0x00001e9c   Section        0  lcd_driver.o(i.LCD_WriteData)
    i.Lcd_init                               0x00001efc   Section        0  lcd_driver.o(i.Lcd_init)
    i.Portb_Init_output                      0x00001f30   Section        0  dio_driver.o(i.Portb_Init_output)
    i.Portf_Init_input_Output                0x00001f9c   Section        0  dio_driver.o(i.Portf_Init_input_Output)
    i.ReadData                               0x00002008   Section        0  uart1.o(i.ReadData)
    i.SendData_UART0                         0x00002020   Section        0  uart1.o(i.SendData_UART0)
    i.UART0_Init                             0x00002038   Section        0  uart1.o(i.UART0_Init)
    i.UART_Init                              0x000020c8   Section        0  uart1.o(i.UART_Init)
    i.__ARM_fpclassify                       0x00002154   Section        0  fpclassify.o(i.__ARM_fpclassify)
    i.__ieee754_rem_pio2                     0x0000217c   Section        0  rred.o(i.__ieee754_rem_pio2)
    i.__kernel_cos                           0x00002504   Section        0  cos_i.o(i.__kernel_cos)
    i.__kernel_poly                          0x00002600   Section        0  poly.o(i.__kernel_poly)
    i.__kernel_sin                           0x000026ac   Section        0  sin_i.o(i.__kernel_sin)
    i.__mathlib_dbl_underflow                0x00002798   Section        0  dunder.o(i.__mathlib_dbl_underflow)
    i.__mathlib_narrow                       0x000027a8   Section        0  narrow.o(i.__mathlib_narrow)
    i.__mathlib_tofloat                      0x000027b8   Section        0  narrow.o(i.__mathlib_tofloat)
    i.__support_ldexp                        0x00002840   Section        0  ldexp.o(i.__support_ldexp)
    i._is_digit                              0x00002856   Section        0  __printf_wp.o(i._is_digit)
    i.acos                                   0x00002864   Section        0  acos.o(i.acos)
    i.compute_lat_lon                        0x00002aec   Section        0  gps.o(i.compute_lat_lon)
    i.cos                                    0x00002bac   Section        0  cos.o(i.cos)
    i.degree_to_rad                          0x00002c58   Section        0  gps.o(i.degree_to_rad)
    i.frexp                                  0x00002c8c   Section        0  frexp.o(i.frexp)
    i.get_distance                           0x00002ce4   Section        0  gps.o(i.get_distance)
    i.get_latitude                           0x00002e1c   Section        0  gps.o(i.get_latitude)
    i.get_longitude                          0x00002e88   Section        0  gps.o(i.get_longitude)
    i.ldexp                                  0x00002ef4   Section        0  ldexp.o(i.ldexp)
    i.main                                   0x00002f72   Section        0  main.o(i.main)
    i.porta_init_output                      0x00002f9c   Section        0  dio_driver.o(i.porta_init_output)
    i.rad_to_degree                          0x00003010   Section        0  gps.o(i.rad_to_degree)
    i.read_gps_data                          0x00003044   Section        0  gps.o(i.read_gps_data)
    i.sin                                    0x00003108   Section        0  sin.o(i.sin)
    i.sqrt                                   0x000031b8   Section        0  sqrt.o(i.sqrt)
    i.strtold                                0x00003204   Section        0  strtold.o(i.strtold)
    i.sysTickInit                            0x00003220   Section        0  systick.o(i.sysTickInit)
    i.sysTickWait                            0x00003230   Section        0  systick.o(i.sysTickWait)
    i.sysTickWait1Ms                         0x00003248   Section        0  systick.o(i.sysTickWait1Ms)
    locale$$code                             0x00003260   Section       44  lc_numeric_c.o(locale$$code)
    locale$$code                             0x0000328c   Section       44  lc_ctype_c.o(locale$$code)
    x$fpl$d2f                                0x000032b8   Section       98  d2f.o(x$fpl$d2f)
    x$fpl$dadd                               0x0000331c   Section      336  daddsub_clz.o(x$fpl$dadd)
    _dadd1                                   0x0000332d   Thumb Code     0  daddsub_clz.o(x$fpl$dadd)
    x$fpl$dcheck1                            0x0000346c   Section       16  dcheck1.o(x$fpl$dcheck1)
    x$fpl$dcmpinf                            0x0000347c   Section       24  dcmpi.o(x$fpl$dcmpinf)
    x$fpl$ddiv                               0x00003494   Section      688  ddiv.o(x$fpl$ddiv)
    ddiv_entry                               0x0000349b   Thumb Code     0  ddiv.o(x$fpl$ddiv)
    x$fpl$deqf                               0x00003744   Section      120  deqf.o(x$fpl$deqf)
    x$fpl$dfix                               0x000037bc   Section       94  dfix.o(x$fpl$dfix)
    x$fpl$dflt                               0x0000381a   Section       46  dflt_clz.o(x$fpl$dflt)
    x$fpl$dfltu                              0x00003848   Section       38  dflt_clz.o(x$fpl$dfltu)
    x$fpl$dleqf                              0x00003870   Section      120  dleqf.o(x$fpl$dleqf)
    x$fpl$dmul                               0x000038e8   Section      340  dmul.o(x$fpl$dmul)
    x$fpl$dnaninf                            0x00003a3c   Section      156  dnaninf.o(x$fpl$dnaninf)
    x$fpl$dretinf                            0x00003ad8   Section       12  dretinf.o(x$fpl$dretinf)
    x$fpl$drleqf                             0x00003ae4   Section      108  drleqf.o(x$fpl$drleqf)
    x$fpl$drsb                               0x00003b50   Section       22  daddsub_clz.o(x$fpl$drsb)
    x$fpl$dsqrt                              0x00003b68   Section      408  dsqrt_umaal.o(x$fpl$dsqrt)
    x$fpl$dsub                               0x00003d00   Section      468  daddsub_clz.o(x$fpl$dsub)
    _dsub1                                   0x00003d11   Thumb Code     0  daddsub_clz.o(x$fpl$dsub)
    x$fpl$f2d                                0x00003ed4   Section       86  f2d.o(x$fpl$f2d)
    x$fpl$fmul                               0x00003f2c   Section      258  fmul.o(x$fpl$fmul)
    x$fpl$fnaninf                            0x0000402e   Section      140  fnaninf.o(x$fpl$fnaninf)
    x$fpl$fretinf                            0x000040ba   Section       10  fretinf.o(x$fpl$fretinf)
    x$fpl$printf1                            0x000040c4   Section        4  printf1.o(x$fpl$printf1)
    x$fpl$retnan                             0x000040c8   Section      100  retnan.o(x$fpl$retnan)
    x$fpl$scalbn                             0x0000412c   Section       92  scalbn.o(x$fpl$scalbn)
    x$fpl$scanf1                             0x00004188   Section        4  scanf1.o(x$fpl$scanf1)
    x$fpl$scanf2                             0x0000418c   Section        8  scanf2.o(x$fpl$scanf2)
    x$fpl$trapveneer                         0x00004194   Section       48  trapv.o(x$fpl$trapveneer)
    x$fpl$usenofp                            0x000041c4   Section        0  usenofp.o(x$fpl$usenofp)
    .constdata                               0x000041c8   Section       80  acos.o(.constdata)
    pS                                       0x000041c8   Data          48  acos.o(.constdata)
    qS                                       0x000041f8   Data          32  acos.o(.constdata)
    .constdata                               0x00004218   Section       48  cos_i.o(.constdata)
    C                                        0x00004218   Data          48  cos_i.o(.constdata)
    .constdata                               0x00004248   Section      200  rred.o(.constdata)
    pio2s                                    0x00004248   Data          48  rred.o(.constdata)
    twooverpi                                0x00004278   Data         152  rred.o(.constdata)
    .constdata                               0x00004310   Section       40  sin_i.o(.constdata)
    S                                        0x00004310   Data          40  sin_i.o(.constdata)
    .constdata                               0x00004338   Section      148  bigflt0.o(.constdata)
    tenpwrs_x                                0x00004338   Data          60  bigflt0.o(.constdata)
    tenpwrs_i                                0x00004374   Data          64  bigflt0.o(.constdata)
    c$$dinf                                  0x000043ec   Section        8  fpconst.o(c$$dinf)
    locale$$data                             0x000043f4   Section       28  lc_numeric_c.o(locale$$data)
    __lcnum_c_name                           0x000043f8   Data           2  lc_numeric_c.o(locale$$data)
    __lcnum_c_start                          0x00004400   Data           0  lc_numeric_c.o(locale$$data)
    __lcnum_c_point                          0x0000440c   Data           0  lc_numeric_c.o(locale$$data)
    __lcnum_c_thousands                      0x0000440e   Data           0  lc_numeric_c.o(locale$$data)
    __lcnum_c_grouping                       0x0000440f   Data           0  lc_numeric_c.o(locale$$data)
    locale$$data                             0x00004410   Section      272  lc_ctype_c.o(locale$$data)
    __lcnum_c_end                            0x00004410   Data           0  lc_numeric_c.o(locale$$data)
    __lcctype_c_name                         0x00004414   Data           2  lc_ctype_c.o(locale$$data)
    __lcctype_c_start                        0x0000441c   Data           0  lc_ctype_c.o(locale$$data)
    __lcctype_c_end                          0x00004520   Data           0  lc_ctype_c.o(locale$$data)
    .data                                    0x20000000   Section        1  gps.o(.data)
    .bss                                     0x20000008   Section      144  gps.o(.bss)
    .bss                                     0x20000098   Section       96  libspace.o(.bss)
    HEAP                                     0x200000f8   Section        0  startup.o(HEAP)
    STACK                                    0x200000f8   Section     1024  startup.o(STACK)
    HeapMem                                  0x200000f8   Data           0  startup.o(HEAP)
    StackMem                                 0x200000f8   Data           0  startup.o(STACK)

    Global Symbols

    Symbol Name                              Value     Ov Type        Size  Object(Section)

    BuildAttributes$$THM_ISAv4$E$P$D$K$B$S$7EM$PE$A:L22UL41UL21$X:L11$S22US41US21$IEEE1$IW$USESV6$~STKCKD$USESV7$~SHL$OTIME$ROPI$IEEEX$EBA8$UX$STANDARDLIB$REQ8$PRES8$EABIv2 0x00000000   Number         0  anon$$obj.o ABSOLUTE
    __ARM_use_no_argv                        0x00000000   Number         0  main.o ABSOLUTE
    __Vectors                                0x00000000   Data           0  startup.o(RESET)
    _printf_flags                            0x00000000   Number         0  printf_stubs.o ABSOLUTE
    _printf_return_value                     0x00000000   Number         0  printf_stubs.o ABSOLUTE
    _printf_sizespec                         0x00000000   Number         0  printf_stubs.o ABSOLUTE
    _printf_widthprec                        0x00000000   Number         0  printf_stubs.o ABSOLUTE
    __ARM_exceptions_init                     - Undefined Weak Reference
    __alloca_initialize                       - Undefined Weak Reference
    __cpp_initialize__aeabi_                  - Undefined Weak Reference
    __cxa_finalize                            - Undefined Weak Reference
    __sigvec_lookup                           - Undefined Weak Reference
    _atexit_init                              - Undefined Weak Reference
    _call_atexit_fns                          - Undefined Weak Reference
    _clock_init                               - Undefined Weak Reference
    _fp_trap_init                             - Undefined Weak Reference
    _fp_trap_shutdown                         - Undefined Weak Reference
    _get_lc_collate                           - Undefined Weak Reference
    _get_lc_monetary                          - Undefined Weak Reference
    _get_lc_time                              - Undefined Weak Reference
    _getenv_init                              - Undefined Weak Reference
    _handle_redirection                       - Undefined Weak Reference
    _init_alloc                               - Undefined Weak Reference
    _init_user_alloc                          - Undefined Weak Reference
    _initio                                   - Undefined Weak Reference
    _printf_post_padding                      - Undefined Weak Reference
    _printf_pre_padding                       - Undefined Weak Reference
    _rand_init                                - Undefined Weak Reference
    _signal_finish                            - Undefined Weak Reference
    _signal_init                              - Undefined Weak Reference
    _terminate_alloc                          - Undefined Weak Reference
    _terminate_user_alloc                     - Undefined Weak Reference
    _terminateio                              - Undefined Weak Reference
    Reset_Handler                            0x0000026d   Thumb Code     0  startup.o(RESET)
    NMI_Handler                              0x00000271   Thumb Code     2  startup.o(RESET)
    HardFault_Handler                        0x00000273   Thumb Code     2  startup.o(RESET)
    MemManage_Handler                        0x00000275   Thumb Code     2  startup.o(RESET)
    BusFault_Handler                         0x00000277   Thumb Code     2  startup.o(RESET)
    UsageFault_Handler                       0x00000279   Thumb Code     2  startup.o(RESET)
    SVC_Handler                              0x0000027b   Thumb Code     2  startup.o(RESET)
    DebugMon_Handler                         0x0000027d   Thumb Code     2  startup.o(RESET)
    PendSV_Handler                           0x0000027f   Thumb Code     2  startup.o(RESET)
    SysTick_Handler                          0x00000281   Thumb Code     2  startup.o(RESET)
    ADC0Seq0_Handler                         0x00000283   Thumb Code     0  startup.o(RESET)
    ADC0Seq1_Handler                         0x00000283   Thumb Code     0  startup.o(RESET)
    ADC0Seq2_Handler                         0x00000283   Thumb Code     0  startup.o(RESET)
    ADC0Seq3_Handler                         0x00000283   Thumb Code     0  startup.o(RESET)
    ADC1Seq0_Handler                         0x00000283   Thumb Code     0  startup.o(RESET)
    ADC1Seq1_Handler                         0x00000283   Thumb Code     0  startup.o(RESET)
    ADC1Seq2_Handler                         0x00000283   Thumb Code     0  startup.o(RESET)
    ADC1Seq3_Handler                         0x00000283   Thumb Code     0  startup.o(RESET)
    CAN0_Handler                             0x00000283   Thumb Code     0  startup.o(RESET)
    CAN1_Handler                             0x00000283   Thumb Code     0  startup.o(RESET)
    CAN2_Handler                             0x00000283   Thumb Code     0  startup.o(RESET)
    Comp0_Handler                            0x00000283   Thumb Code     0  startup.o(RESET)
    Comp1_Handler                            0x00000283   Thumb Code     0  startup.o(RESET)
    Comp2_Handler                            0x00000283   Thumb Code     0  startup.o(RESET)
    Ethernet_Handler                         0x00000283   Thumb Code     0  startup.o(RESET)
    ExtBus_Handler                           0x00000283   Thumb Code     0  startup.o(RESET)
    FPU_Handler                              0x00000283   Thumb Code     0  startup.o(RESET)
    Fan0_Handler                             0x00000283   Thumb Code     0  startup.o(RESET)
    FlashCtl_Handler                         0x00000283   Thumb Code     0  startup.o(RESET)
    GPIOPortA_Handler                        0x00000283   Thumb Code     0  startup.o(RESET)
    GPIOPortB_Handler                        0x00000283   Thumb Code     0  startup.o(RESET)
    GPIOPortC_Handler                        0x00000283   Thumb Code     0  startup.o(RESET)
    GPIOPortD_Handler                        0x00000283   Thumb Code     0  startup.o(RESET)
    GPIOPortE_Handler                        0x00000283   Thumb Code     0  startup.o(RESET)
    GPIOPortF_Handler                        0x00000283   Thumb Code     0  startup.o(RESET)
    GPIOPortG_Handler                        0x00000283   Thumb Code     0  startup.o(RESET)
    GPIOPortH_Handler                        0x00000283   Thumb Code     0  startup.o(RESET)
    GPIOPortJ_Handler                        0x00000283   Thumb Code     0  startup.o(RESET)
    GPIOPortK_Handler                        0x00000283   Thumb Code     0  startup.o(RESET)
    GPIOPortL_Handler                        0x00000283   Thumb Code     0  startup.o(RESET)
    GPIOPortM_Handler                        0x00000283   Thumb Code     0  startup.o(RESET)
    GPIOPortN_Handler                        0x00000283   Thumb Code     0  startup.o(RESET)
    GPIOPortP1_Handler                       0x00000283   Thumb Code     0  startup.o(RESET)
    GPIOPortP2_Handler                       0x00000283   Thumb Code     0  startup.o(RESET)
    GPIOPortP3_Handler                       0x00000283   Thumb Code     0  startup.o(RESET)
    GPIOPortP4_Handler                       0x00000283   Thumb Code     0  startup.o(RESET)
    GPIOPortP5_Handler                       0x00000283   Thumb Code     0  startup.o(RESET)
    GPIOPortP6_Handler                       0x00000283   Thumb Code     0  startup.o(RESET)
    GPIOPortP7_Handler                       0x00000283   Thumb Code     0  startup.o(RESET)
    GPIOPortP_Handler                        0x00000283   Thumb Code     0  startup.o(RESET)
    GPIOPortQ1_Handler                       0x00000283   Thumb Code     0  startup.o(RESET)
    GPIOPortQ2_Handler                       0x00000283   Thumb Code     0  startup.o(RESET)
    GPIOPortQ3_Handler                       0x00000283   Thumb Code     0  startup.o(RESET)
    GPIOPortQ4_Handler                       0x00000283   Thumb Code     0  startup.o(RESET)
    GPIOPortQ5_Handler                       0x00000283   Thumb Code     0  startup.o(RESET)
    GPIOPortQ6_Handler                       0x00000283   Thumb Code     0  startup.o(RESET)
    GPIOPortQ7_Handler                       0x00000283   Thumb Code     0  startup.o(RESET)
    GPIOPortQ_Handler                        0x00000283   Thumb Code     0  startup.o(RESET)
    GPIOPortR_Handler                        0x00000283   Thumb Code     0  startup.o(RESET)
    GPIOPortS_Handler                        0x00000283   Thumb Code     0  startup.o(RESET)
    Hibernate_Handler                        0x00000283   Thumb Code     0  startup.o(RESET)
    I2C0_Handler                             0x00000283   Thumb Code     0  startup.o(RESET)
    I2C1_Handler                             0x00000283   Thumb Code     0  startup.o(RESET)
    I2C2_Handler                             0x00000283   Thumb Code     0  startup.o(RESET)
    I2C3_Handler                             0x00000283   Thumb Code     0  startup.o(RESET)
    I2C4_Handler                             0x00000283   Thumb Code     0  startup.o(RESET)
    I2C5_Handler                             0x00000283   Thumb Code     0  startup.o(RESET)
    I2S0_Handler                             0x00000283   Thumb Code     0  startup.o(RESET)
    LPC0_Handler                             0x00000283   Thumb Code     0  startup.o(RESET)
    PECI0_Handler                            0x00000283   Thumb Code     0  startup.o(RESET)
    PWM0Fault_Handler                        0x00000283   Thumb Code     0  startup.o(RESET)
    PWM0Generator0_Handler                   0x00000283   Thumb Code     0  startup.o(RESET)
    PWM0Generator1_Handler                   0x00000283   Thumb Code     0  startup.o(RESET)
    PWM0Generator2_Handler                   0x00000283   Thumb Code     0  startup.o(RESET)
    PWM0Generator3_Handler                   0x00000283   Thumb Code     0  startup.o(RESET)
    PWM1Fault_Handler                        0x00000283   Thumb Code     0  startup.o(RESET)
    PWM1Generator0_Handler                   0x00000283   Thumb Code     0  startup.o(RESET)
    PWM1Generator1_Handler                   0x00000283   Thumb Code     0  startup.o(RESET)
    PWM1Generator2_Handler                   0x00000283   Thumb Code     0  startup.o(RESET)
    PWM1Generator3_Handler                   0x00000283   Thumb Code     0  startup.o(RESET)
    Quadrature0_Handler                      0x00000283   Thumb Code     0  startup.o(RESET)
    Quadrature1_Handler                      0x00000283   Thumb Code     0  startup.o(RESET)
    Quadrature2_Handler                      0x00000283   Thumb Code     0  startup.o(RESET)
    SSI0_Handler                             0x00000283   Thumb Code     0  startup.o(RESET)
    SSI1_Handler                             0x00000283   Thumb Code     0  startup.o(RESET)
    SSI2_Handler                             0x00000283   Thumb Code     0  startup.o(RESET)
    SSI3_Handler                             0x00000283   Thumb Code     0  startup.o(RESET)
    SysCtl_Handler                           0x00000283   Thumb Code     0  startup.o(RESET)
    Timer0A_Handler                          0x00000283   Thumb Code     0  startup.o(RESET)
    Timer0B_Handler                          0x00000283   Thumb Code     0  startup.o(RESET)
    Timer1A_Handler                          0x00000283   Thumb Code     0  startup.o(RESET)
    Timer1B_Handler                          0x00000283   Thumb Code     0  startup.o(RESET)
    Timer2A_Handler                          0x00000283   Thumb Code     0  startup.o(RESET)
    Timer2B_Handler                          0x00000283   Thumb Code     0  startup.o(RESET)
    Timer3A_Handler                          0x00000283   Thumb Code     0  startup.o(RESET)
    Timer3B_Handler                          0x00000283   Thumb Code     0  startup.o(RESET)
    Timer4A_Handler                          0x00000283   Thumb Code     0  startup.o(RESET)
    Timer4B_Handler                          0x00000283   Thumb Code     0  startup.o(RESET)
    Timer5A_Handler                          0x00000283   Thumb Code     0  startup.o(RESET)
    Timer5B_Handler                          0x00000283   Thumb Code     0  startup.o(RESET)
    UART0_Handler                            0x00000283   Thumb Code     0  startup.o(RESET)
    UART1_Handler                            0x00000283   Thumb Code     0  startup.o(RESET)
    UART2_Handler                            0x00000283   Thumb Code     0  startup.o(RESET)
    UART3_Handler                            0x00000283   Thumb Code     0  startup.o(RESET)
    UART4_Handler                            0x00000283   Thumb Code     0  startup.o(RESET)
    UART5_Handler                            0x00000283   Thumb Code     0  startup.o(RESET)
    UART6_Handler                            0x00000283   Thumb Code     0  startup.o(RESET)
    UART7_Handler                            0x00000283   Thumb Code     0  startup.o(RESET)
    USB0_Handler                             0x00000283   Thumb Code     0  startup.o(RESET)
    WDT_Handler                              0x00000283   Thumb Code     0  startup.o(RESET)
    WideTimer0A_Handler                      0x00000283   Thumb Code     0  startup.o(RESET)
    WideTimer0B_Handler                      0x00000283   Thumb Code     0  startup.o(RESET)
    WideTimer1A_Handler                      0x00000283   Thumb Code     0  startup.o(RESET)
    WideTimer1B_Handler                      0x00000283   Thumb Code     0  startup.o(RESET)
    WideTimer2A_Handler                      0x00000283   Thumb Code     0  startup.o(RESET)
    WideTimer2B_Handler                      0x00000283   Thumb Code     0  startup.o(RESET)
    WideTimer3A_Handler                      0x00000283   Thumb Code     0  startup.o(RESET)
    WideTimer3B_Handler                      0x00000283   Thumb Code     0  startup.o(RESET)
    WideTimer4A_Handler                      0x00000283   Thumb Code     0  startup.o(RESET)
    WideTimer4B_Handler                      0x00000283   Thumb Code     0  startup.o(RESET)
    WideTimer5A_Handler                      0x00000283   Thumb Code     0  startup.o(RESET)
    WideTimer5B_Handler                      0x00000283   Thumb Code     0  startup.o(RESET)
    uDMA_Error                               0x00000283   Thumb Code     0  startup.o(RESET)
    uDMA_Handler                             0x00000283   Thumb Code     0  startup.o(RESET)
    __main                                   0x00000285   Thumb Code     8  __main.o(!!!main)
    __scatterload                            0x0000028d   Thumb Code     0  __scatter.o(!!!scatter)
    __scatterload_rt2                        0x0000028d   Thumb Code    44  __scatter.o(!!!scatter)
    __scatterload_rt2_thumb_only             0x0000028d   Thumb Code     0  __scatter.o(!!!scatter)
    __scatterload_null                       0x0000029b   Thumb Code     0  __scatter.o(!!!scatter)
    __scatterload_copy                       0x000002c1   Thumb Code    26  __scatter_copy.o(!!handler_copy)
    __scatterload_zeroinit                   0x000002dd   Thumb Code    28  __scatter_zi.o(!!handler_zi)
    _printf_f                                0x000002f9   Thumb Code     0  _printf_f.o(.ARM.Collect$$_printf_percent$$00000003)
    _printf_percent                          0x000002f9   Thumb Code     0  _printf_percent.o(.ARM.Collect$$_printf_percent$$00000000)
    _printf_percent_end                      0x000002ff   Thumb Code     0  _printf_percent_end.o(.ARM.Collect$$_printf_percent$$00000017)
    __rt_lib_init                            0x00000303   Thumb Code     0  libinit.o(.ARM.Collect$$libinit$$00000000)
    __rt_lib_init_fp_1                       0x00000305   Thumb Code     0  libinit2.o(.ARM.Collect$$libinit$$00000002)
    __rt_lib_init_heap_1                     0x00000305   Thumb Code     0  libinit2.o(.ARM.Collect$$libinit$$00000008)
    __rt_lib_init_lc_common                  0x00000305   Thumb Code     0  libinit2.o(.ARM.Collect$$libinit$$0000000D)
    __rt_lib_init_rand_1                     0x00000305   Thumb Code     0  libinit2.o(.ARM.Collect$$libinit$$0000000C)
    __rt_lib_init_user_alloc_1               0x00000305   Thumb Code     0  libinit2.o(.ARM.Collect$$libinit$$0000000A)
    __rt_lib_init_lc_collate_1               0x0000030b   Thumb Code     0  libinit2.o(.ARM.Collect$$libinit$$0000000F)
    __rt_lib_init_lc_ctype_2                 0x0000030b   Thumb Code     0  libinit2.o(.ARM.Collect$$libinit$$00000010)
    __rt_lib_init_lc_ctype_1                 0x00000317   Thumb Code     0  libinit2.o(.ARM.Collect$$libinit$$00000011)
    __rt_lib_init_lc_monetary_1              0x00000317   Thumb Code     0  libinit2.o(.ARM.Collect$$libinit$$00000013)
    __rt_lib_init_lc_numeric_2               0x00000317   Thumb Code     0  libinit2.o(.ARM.Collect$$libinit$$00000014)
    __rt_lib_init_alloca_1                   0x00000321   Thumb Code     0  libinit2.o(.ARM.Collect$$libinit$$0000002C)
    __rt_lib_init_argv_1                     0x00000321   Thumb Code     0  libinit2.o(.ARM.Collect$$libinit$$0000002A)
    __rt_lib_init_atexit_1                   0x00000321   Thumb Code     0  libinit2.o(.ARM.Collect$$libinit$$00000019)
    __rt_lib_init_clock_1                    0x00000321   Thumb Code     0  libinit2.o(.ARM.Collect$$libinit$$0000001F)
    __rt_lib_init_cpp_1                      0x00000321   Thumb Code     0  libinit2.o(.ARM.Collect$$libinit$$00000030)
    __rt_lib_init_exceptions_1               0x00000321   Thumb Code     0  libinit2.o(.ARM.Collect$$libinit$$0000002E)
    __rt_lib_init_fp_trap_1                  0x00000321   Thumb Code     0  libinit2.o(.ARM.Collect$$libinit$$0000001D)
    __rt_lib_init_getenv_1                   0x00000321   Thumb Code     0  libinit2.o(.ARM.Collect$$libinit$$00000021)
    __rt_lib_init_lc_numeric_1               0x00000321   Thumb Code     0  libinit2.o(.ARM.Collect$$libinit$$00000015)
    __rt_lib_init_lc_time_1                  0x00000321   Thumb Code     0  libinit2.o(.ARM.Collect$$libinit$$00000017)
    __rt_lib_init_return                     0x00000321   Thumb Code     0  libinit2.o(.ARM.Collect$$libinit$$00000031)
    __rt_lib_init_signal_1                   0x00000321   Thumb Code     0  libinit2.o(.ARM.Collect$$libinit$$0000001B)
    __rt_lib_init_stdio_1                    0x00000321   Thumb Code     0  libinit2.o(.ARM.Collect$$libinit$$00000023)
    __rt_lib_shutdown                        0x00000323   Thumb Code     0  libshutdown.o(.ARM.Collect$$libshutdown$$00000000)
    __rt_lib_shutdown_fp_trap_1              0x00000325   Thumb Code     0  libshutdown2.o(.ARM.Collect$$libshutdown$$00000006)
    __rt_lib_shutdown_heap_1                 0x00000325   Thumb Code     0  libshutdown2.o(.ARM.Collect$$libshutdown$$0000000E)
    __rt_lib_shutdown_return                 0x00000325   Thumb Code     0  libshutdown2.o(.ARM.Collect$$libshutdown$$0000000F)
    __rt_lib_shutdown_signal_1               0x00000325   Thumb Code     0  libshutdown2.o(.ARM.Collect$$libshutdown$$00000009)
    __rt_lib_shutdown_stdio_1                0x00000325   Thumb Code     0  libshutdown2.o(.ARM.Collect$$libshutdown$$00000003)
    __rt_lib_shutdown_user_alloc_1           0x00000325   Thumb Code     0  libshutdown2.o(.ARM.Collect$$libshutdown$$0000000B)
    __rt_entry                               0x00000327   Thumb Code     0  rtentry.o(.ARM.Collect$$rtentry$$00000000)
    __rt_entry_presh_1                       0x00000327   Thumb Code     0  rtentry2.o(.ARM.Collect$$rtentry$$00000002)
    __rt_entry_sh                            0x00000327   Thumb Code     0  rtentry4.o(.ARM.Collect$$rtentry$$00000004)
    __rt_entry_li                            0x0000032d   Thumb Code     0  rtentry2.o(.ARM.Collect$$rtentry$$0000000A)
    __rt_entry_postsh_1                      0x0000032d   Thumb Code     0  rtentry2.o(.ARM.Collect$$rtentry$$00000009)
    __rt_entry_main                          0x00000331   Thumb Code     0  rtentry2.o(.ARM.Collect$$rtentry$$0000000D)
    __rt_entry_postli_1                      0x00000331   Thumb Code     0  rtentry2.o(.ARM.Collect$$rtentry$$0000000C)
    __rt_exit                                0x00000339   Thumb Code     0  rtexit.o(.ARM.Collect$$rtexit$$00000000)
    __rt_exit_ls                             0x0000033b   Thumb Code     0  rtexit2.o(.ARM.Collect$$rtexit$$00000003)
    __rt_exit_prels_1                        0x0000033b   Thumb Code     0  rtexit2.o(.ARM.Collect$$rtexit$$00000002)
    __rt_exit_exit                           0x0000033f   Thumb Code     0  rtexit2.o(.ARM.Collect$$rtexit$$00000004)
    DisableInterrupts                        0x00000345   Thumb Code     0  startup.o(.text)
    EnableInterrupts                         0x00000349   Thumb Code     0  startup.o(.text)
    StartCritical                            0x0000034d   Thumb Code     0  startup.o(.text)
    EndCritical                              0x00000355   Thumb Code     0  startup.o(.text)
    WaitForInterrupt                         0x0000035b   Thumb Code     0  startup.o(.text)
    __user_initial_stackheap                 0x0000035f   Thumb Code     0  startup.o(.text)
    __2sprintf                               0x00000375   Thumb Code    34  noretval__2sprintf.o(.text)
    __printf                                 0x0000039d   Thumb Code   184  __printf_ss.o(.text)
    __use_two_region_memory                  0x00000455   Thumb Code     2  heapauxi.o(.text)
    __rt_heap_escrow$2region                 0x00000457   Thumb Code     2  heapauxi.o(.text)
    __rt_heap_expand$2region                 0x00000459   Thumb Code     2  heapauxi.o(.text)
    __read_errno                             0x0000045b   Thumb Code    10  _rserrno.o(.text)
    __set_errno                              0x00000465   Thumb Code    12  _rserrno.o(.text)
    __lib_sel_fp_printf                      0x00000471   Thumb Code     2  _printf_fp_dec.o(.text)
    _printf_fp_dec_real                      0x0000061d   Thumb Code   628  _printf_fp_dec.o(.text)
    _printf_char_common                      0x0000089b   Thumb Code    32  _printf_char_common.o(.text)
    _sputc                                   0x000008c1   Thumb Code    10  _sputc.o(.text)
    __strtod_int                             0x00000909   Thumb Code    88  strtod.o(.text)
    __rt_locale                              0x0000096d   Thumb Code     8  rt_locale_intlibspace.o(.text)
    __aeabi_errno_addr                       0x00000975   Thumb Code     8  rt_errno_addr_intlibspace.o(.text)
    __errno$intlibspace                      0x00000975   Thumb Code     0  rt_errno_addr_intlibspace.o(.text)
    __rt_errno_addr$intlibspace              0x00000975   Thumb Code     0  rt_errno_addr_intlibspace.o(.text)
    _ll_udiv10                               0x0000097d   Thumb Code   138  lludiv10.o(.text)
    isspace                                  0x00000a07   Thumb Code    18  isspace.o(.text)
    _printf_fp_infnan                        0x00000a19   Thumb Code   112  _printf_fp_infnan.o(.text)
    _sgetc                                   0x00000a99   Thumb Code    30  _sgetc.o(.text)
    _sbackspace                              0x00000ab7   Thumb Code    34  _sgetc.o(.text)
    _btod_etento                             0x00000ad9   Thumb Code   222  bigflt0.o(.text)
    __user_libspace                          0x00000bbd   Thumb Code     8  libspace.o(.text)
    __user_perproc_libspace                  0x00000bbd   Thumb Code     0  libspace.o(.text)
    __user_perthread_libspace                0x00000bbd   Thumb Code     0  libspace.o(.text)
    __user_setup_stackheap                   0x00000bc5   Thumb Code    74  sys_stackheap_outer.o(.text)
    __rt_ctype_table                         0x00000c11   Thumb Code    16  rt_ctype_table.o(.text)
    _scanf_really_real                       0x00000e19   Thumb Code   672  scanf_fp.o(.text)
    exit                                     0x000010c5   Thumb Code    12  exit.o(.text)
    strcmp                                   0x000010d1   Thumb Code   128  strcmpv7m.o(.text)
    _scanf_really_hex_real                   0x00001151   Thumb Code   776  scanf_hexfp.o(.text)
    _scanf_really_infnan                     0x00001465   Thumb Code   298  scanf_infnan.o(.text)
    _sys_exit                                0x000015a1   Thumb Code     8  sys_exit.o(.text)
    __aeabi_llsl                             0x000015ad   Thumb Code     0  llshl.o(.text)
    _ll_shift_l                              0x000015ad   Thumb Code    38  llshl.o(.text)
    _chval                                   0x000015d3   Thumb Code    28  _chval.o(.text)
    __I$use$semihosting                      0x000015ef   Thumb Code     0  use_no_semi.o(.text)
    __use_no_semihosting_swi                 0x000015ef   Thumb Code     2  use_no_semi.o(.text)
    __semihosting_library_function           0x000015f1   Thumb Code     0  indicate_semi.o(.text)
    _btod_d2e                                0x000015f1   Thumb Code    62  btod.o(CL$$btod_d2e)
    _d2e_denorm_low                          0x0000162f   Thumb Code    70  btod.o(CL$$btod_d2e_denorm_low)
    _d2e_norm_op1                            0x00001675   Thumb Code    96  btod.o(CL$$btod_d2e_norm_op1)
    __btod_div_common                        0x000016d5   Thumb Code   696  btod.o(CL$$btod_div_common)
    _e2d                                     0x00001a0d   Thumb Code    80  btod.o(CL$$btod_e2d)
    _e2e                                     0x00001a61   Thumb Code   198  btod.o(CL$$btod_e2e)
    _btod_ediv                               0x00001b27   Thumb Code    40  btod.o(CL$$btod_ediv)
    _btod_edivd                              0x00001b4f   Thumb Code    40  btod.o(CL$$btod_edivd)
    _btod_emul                               0x00001b77   Thumb Code    40  btod.o(CL$$btod_emul)
    _btod_emuld                              0x00001b9f   Thumb Code    40  btod.o(CL$$btod_emuld)
    __btod_mult_common                       0x00001bc7   Thumb Code   580  btod.o(CL$$btod_mult_common)
    EEPROM_Init                              0x00001e0d   Thumb Code    22  eeprom.o(i.EEPROM_Init)
    LCD_DisplayString                        0x00001e2d   Thumb Code    26  lcd_driver.o(i.LCD_DisplayString)
    LCD_WriteCommand                         0x00001e49   Thumb Code    74  lcd_driver.o(i.LCD_WriteCommand)
    LCD_WriteData                            0x00001e9d   Thumb Code    88  lcd_driver.o(i.LCD_WriteData)
    Lcd_init                                 0x00001efd   Thumb Code    52  lcd_driver.o(i.Lcd_init)
    Portb_Init_output                        0x00001f31   Thumb Code    90  dio_driver.o(i.Portb_Init_output)
    Portf_Init_input_Output                  0x00001f9d   Thumb Code    88  dio_driver.o(i.Portf_Init_input_Output)
    ReadData                                 0x00002009   Thumb Code    20  uart1.o(i.ReadData)
    SendData_UART0                           0x00002021   Thumb Code    18  uart1.o(i.SendData_UART0)
    UART0_Init                               0x00002039   Thumb Code   124  uart1.o(i.UART0_Init)
    UART_Init                                0x000020c9   Thumb Code   124  uart1.o(i.UART_Init)
    __ARM_fpclassify                         0x00002155   Thumb Code    40  fpclassify.o(i.__ARM_fpclassify)
    __ieee754_rem_pio2                       0x0000217d   Thumb Code   832  rred.o(i.__ieee754_rem_pio2)
    __kernel_cos                             0x00002505   Thumb Code   230  cos_i.o(i.__kernel_cos)
    __kernel_poly                            0x00002601   Thumb Code   170  poly.o(i.__kernel_poly)
    __kernel_sin                             0x000026ad   Thumb Code   224  sin_i.o(i.__kernel_sin)
    __mathlib_dbl_underflow                  0x00002799   Thumb Code    10  dunder.o(i.__mathlib_dbl_underflow)
    __mathlib_narrow                         0x000027a9   Thumb Code    16  narrow.o(i.__mathlib_narrow)
    __mathlib_tofloat                        0x000027b9   Thumb Code   132  narrow.o(i.__mathlib_tofloat)
    __support_ldexp                          0x00002841   Thumb Code    22  ldexp.o(i.__support_ldexp)
    _is_digit                                0x00002857   Thumb Code    14  __printf_wp.o(i._is_digit)
    acos                                     0x00002865   Thumb Code   586  acos.o(i.acos)
    compute_lat_lon                          0x00002aed   Thumb Code   172  gps.o(i.compute_lat_lon)
    cos                                      0x00002bad   Thumb Code   164  cos.o(i.cos)
    degree_to_rad                            0x00002c59   Thumb Code    38  gps.o(i.degree_to_rad)
    frexp                                    0x00002c8d   Thumb Code    80  frexp.o(i.frexp)
    get_distance                             0x00002ce5   Thumb Code   296  gps.o(i.get_distance)
    get_latitude                             0x00002e1d   Thumb Code   100  gps.o(i.get_latitude)
    get_longitude                            0x00002e89   Thumb Code    98  gps.o(i.get_longitude)
    ldexp                                    0x00002ef5   Thumb Code   126  ldexp.o(i.ldexp)
    main                                     0x00002f73   Thumb Code    42  main.o(i.main)
    porta_init_output                        0x00002f9d   Thumb Code    98  dio_driver.o(i.porta_init_output)
    rad_to_degree                            0x00003011   Thumb Code    40  gps.o(i.rad_to_degree)
    read_gps_data                            0x00003045   Thumb Code   186  gps.o(i.read_gps_data)
    sin                                      0x00003109   Thumb Code   166  sin.o(i.sin)
    sqrt                                     0x000031b9   Thumb Code    76  sqrt.o(i.sqrt)
    strtold                                  0x00003205   Thumb Code    28  strtold.o(i.strtold)
    sysTickInit                              0x00003221   Thumb Code    16  systick.o(i.sysTickInit)
    sysTickWait                              0x00003231   Thumb Code    24  systick.o(i.sysTickWait)
    sysTickWait1Ms                           0x00003249   Thumb Code    24  systick.o(i.sysTickWait1Ms)
    _get_lc_numeric                          0x00003261   Thumb Code    44  lc_numeric_c.o(locale$$code)
    _get_lc_ctype                            0x0000328d   Thumb Code    44  lc_ctype_c.o(locale$$code)
    __aeabi_d2f                              0x000032b9   Thumb Code     0  d2f.o(x$fpl$d2f)
    _d2f                                     0x000032b9   Thumb Code    98  d2f.o(x$fpl$d2f)
    __aeabi_dadd                             0x0000331d   Thumb Code     0  daddsub_clz.o(x$fpl$dadd)
    _dadd                                    0x0000331d   Thumb Code   332  daddsub_clz.o(x$fpl$dadd)
    __fpl_dcheck_NaN1                        0x0000346d   Thumb Code    10  dcheck1.o(x$fpl$dcheck1)
    __fpl_dcmp_Inf                           0x0000347d   Thumb Code    24  dcmpi.o(x$fpl$dcmpinf)
    __aeabi_ddiv                             0x00003495   Thumb Code     0  ddiv.o(x$fpl$ddiv)
    _ddiv                                    0x00003495   Thumb Code   552  ddiv.o(x$fpl$ddiv)
    __aeabi_cdcmpeq                          0x00003745   Thumb Code     0  deqf.o(x$fpl$deqf)
    _dcmpeq                                  0x00003745   Thumb Code   120  deqf.o(x$fpl$deqf)
    __aeabi_d2iz                             0x000037bd   Thumb Code     0  dfix.o(x$fpl$dfix)
    _dfix                                    0x000037bd   Thumb Code    94  dfix.o(x$fpl$dfix)
    __aeabi_i2d                              0x0000381b   Thumb Code     0  dflt_clz.o(x$fpl$dflt)
    _dflt                                    0x0000381b   Thumb Code    46  dflt_clz.o(x$fpl$dflt)
    __aeabi_ui2d                             0x00003849   Thumb Code     0  dflt_clz.o(x$fpl$dfltu)
    _dfltu                                   0x00003849   Thumb Code    38  dflt_clz.o(x$fpl$dfltu)
    __aeabi_cdcmple                          0x00003871   Thumb Code     0  dleqf.o(x$fpl$dleqf)
    _dcmple                                  0x00003871   Thumb Code   120  dleqf.o(x$fpl$dleqf)
    __fpl_dcmple_InfNaN                      0x000038d3   Thumb Code     0  dleqf.o(x$fpl$dleqf)
    __aeabi_dmul                             0x000038e9   Thumb Code     0  dmul.o(x$fpl$dmul)
    _dmul                                    0x000038e9   Thumb Code   332  dmul.o(x$fpl$dmul)
    __fpl_dnaninf                            0x00003a3d   Thumb Code   156  dnaninf.o(x$fpl$dnaninf)
    __fpl_dretinf                            0x00003ad9   Thumb Code    12  dretinf.o(x$fpl$dretinf)
    __aeabi_cdrcmple                         0x00003ae5   Thumb Code     0  drleqf.o(x$fpl$drleqf)
    _drcmple                                 0x00003ae5   Thumb Code   108  drleqf.o(x$fpl$drleqf)
    __aeabi_drsub                            0x00003b51   Thumb Code     0  daddsub_clz.o(x$fpl$drsb)
    _drsb                                    0x00003b51   Thumb Code    22  daddsub_clz.o(x$fpl$drsb)
    _dsqrt                                   0x00003b69   Thumb Code   404  dsqrt_umaal.o(x$fpl$dsqrt)
    __aeabi_dsub                             0x00003d01   Thumb Code     0  daddsub_clz.o(x$fpl$dsub)
    _dsub                                    0x00003d01   Thumb Code   464  daddsub_clz.o(x$fpl$dsub)
    __aeabi_f2d                              0x00003ed5   Thumb Code     0  f2d.o(x$fpl$f2d)
    _f2d                                     0x00003ed5   Thumb Code    86  f2d.o(x$fpl$f2d)
    __aeabi_fmul                             0x00003f2d   Thumb Code     0  fmul.o(x$fpl$fmul)
    _fmul                                    0x00003f2d   Thumb Code   258  fmul.o(x$fpl$fmul)
    __fpl_fnaninf                            0x0000402f   Thumb Code   140  fnaninf.o(x$fpl$fnaninf)
    __fpl_fretinf                            0x000040bb   Thumb Code    10  fretinf.o(x$fpl$fretinf)
    _printf_fp_dec                           0x000040c5   Thumb Code     4  printf1.o(x$fpl$printf1)
    __fpl_return_NaN                         0x000040c9   Thumb Code   100  retnan.o(x$fpl$retnan)
    __ARM_scalbn                             0x0000412d   Thumb Code    92  scalbn.o(x$fpl$scalbn)
    _scanf_real                              0x00004189   Thumb Code     4  scanf1.o(x$fpl$scanf1)
    _scanf_hex_real                          0x0000418d   Thumb Code     4  scanf2.o(x$fpl$scanf2)
    _scanf_infnan                            0x00004191   Thumb Code     4  scanf2.o(x$fpl$scanf2)
    __fpl_cmpreturn                          0x00004195   Thumb Code    48  trapv.o(x$fpl$trapveneer)
    __I$use$fp                               0x000041c4   Number         0  usenofp.o(x$fpl$usenofp)
    Region$$Table$$Base                      0x000043cc   Number         0  anon$$obj.o(Region$$Table)
    Region$$Table$$Limit                     0x000043ec   Number         0  anon$$obj.o(Region$$Table)
    __aeabi_HUGE_VAL                         0x000043ec   Data           0  fpconst.o(c$$dinf)
    __aeabi_HUGE_VALL                        0x000043ec   Data           0  fpconst.o(c$$dinf)
    __aeabi_INFINITY                         0x000043ec   Data           0  fpconst.o(c$$dinf)
    __dInf                                   0x000043ec   Data           0  fpconst.o(c$$dinf)
    __huge_val                               0x000043ec   Data           0  fpconst.o(c$$dinf)
    __ctype                                  0x0000441d   Data           0  lc_ctype_c.o(locale$$data)
    first                                    0x20000000   Data           1  gps.o(.data)
    data                                     0x20000008   Data         144  gps.o(.bss)
    __libspace_start                         0x20000098   Data          96  libspace.o(.bss)
    __temporary_stack_top$libspace           0x200000f8   Data           0  libspace.o(.bss)



==============================================================================

Memory Map of the image

  Image Entry point : 0x0000026d

  Load Region LR_1 (Base: 0x00000000, Size: 0x00004524, Max: 0xffffffff, ABSOLUTE)

    Execution Region ER_RO (Base: 0x00000000, Size: 0x00004520, Max: 0xffffffff, ABSOLUTE)

    Base Addr    Size         Type   Attr      Idx    E Section Name        Object

    0x00000000   0x00000284   Code   RO            3  * RESET               startup.o
    0x00000284   0x00000008   Code   RO          340  * !!!main             c_w.l(__main.o)
    0x0000028c   0x00000034   Code   RO          721    !!!scatter          c_w.l(__scatter.o)
    0x000002c0   0x0000001a   Code   RO          723    !!handler_copy      c_w.l(__scatter_copy.o)
    0x000002da   0x00000002   PAD
    0x000002dc   0x0000001c   Code   RO          725    !!handler_zi        c_w.l(__scatter_zi.o)
    0x000002f8   0x00000000   Code   RO          337    .ARM.Collect$$_printf_percent$$00000000  c_w.l(_printf_percent.o)
    0x000002f8   0x00000006   Code   RO          336    .ARM.Collect$$_printf_percent$$00000003  c_w.l(_printf_f.o)
    0x000002fe   0x00000004   Code   RO          403    .ARM.Collect$$_printf_percent$$00000017  c_w.l(_printf_percent_end.o)
    0x00000302   0x00000002   Code   RO          548    .ARM.Collect$$libinit$$00000000  c_w.l(libinit.o)
    0x00000304   0x00000000   Code   RO          550    .ARM.Collect$$libinit$$00000002  c_w.l(libinit2.o)
    0x00000304   0x00000000   Code   RO          553    .ARM.Collect$$libinit$$00000008  c_w.l(libinit2.o)
    0x00000304   0x00000000   Code   RO          555    .ARM.Collect$$libinit$$0000000A  c_w.l(libinit2.o)
    0x00000304   0x00000000   Code   RO          557    .ARM.Collect$$libinit$$0000000C  c_w.l(libinit2.o)
    0x00000304   0x00000006   Code   RO          558    .ARM.Collect$$libinit$$0000000D  c_w.l(libinit2.o)
    0x0000030a   0x00000000   Code   RO          560    .ARM.Collect$$libinit$$0000000F  c_w.l(libinit2.o)
    0x0000030a   0x0000000c   Code   RO          561    .ARM.Collect$$libinit$$00000010  c_w.l(libinit2.o)
    0x00000316   0x00000000   Code   RO          562    .ARM.Collect$$libinit$$00000011  c_w.l(libinit2.o)
    0x00000316   0x00000000   Code   RO          564    .ARM.Collect$$libinit$$00000013  c_w.l(libinit2.o)
    0x00000316   0x0000000a   Code   RO          565    .ARM.Collect$$libinit$$00000014  c_w.l(libinit2.o)
    0x00000320   0x00000000   Code   RO          566    .ARM.Collect$$libinit$$00000015  c_w.l(libinit2.o)
    0x00000320   0x00000000   Code   RO          568    .ARM.Collect$$libinit$$00000017  c_w.l(libinit2.o)
    0x00000320   0x00000000   Code   RO          570    .ARM.Collect$$libinit$$00000019  c_w.l(libinit2.o)
    0x00000320   0x00000000   Code   RO          572    .ARM.Collect$$libinit$$0000001B  c_w.l(libinit2.o)
    0x00000320   0x00000000   Code   RO          574    .ARM.Collect$$libinit$$0000001D  c_w.l(libinit2.o)
    0x00000320   0x00000000   Code   RO          576    .ARM.Collect$$libinit$$0000001F  c_w.l(libinit2.o)
    0x00000320   0x00000000   Code   RO          578    .ARM.Collect$$libinit$$00000021  c_w.l(libinit2.o)
    0x00000320   0x00000000   Code   RO          580    .ARM.Collect$$libinit$$00000023  c_w.l(libinit2.o)
    0x00000320   0x00000000   Code   RO          584    .ARM.Collect$$libinit$$0000002A  c_w.l(libinit2.o)
    0x00000320   0x00000000   Code   RO          586    .ARM.Collect$$libinit$$0000002C  c_w.l(libinit2.o)
    0x00000320   0x00000000   Code   RO          588    .ARM.Collect$$libinit$$0000002E  c_w.l(libinit2.o)
    0x00000320   0x00000000   Code   RO          590    .ARM.Collect$$libinit$$00000030  c_w.l(libinit2.o)
    0x00000320   0x00000002   Code   RO          591    .ARM.Collect$$libinit$$00000031  c_w.l(libinit2.o)
    0x00000322   0x00000002   Code   RO          657    .ARM.Collect$$libshutdown$$00000000  c_w.l(libshutdown.o)
    0x00000324   0x00000000   Code   RO          681    .ARM.Collect$$libshutdown$$00000003  c_w.l(libshutdown2.o)
    0x00000324   0x00000000   Code   RO          684    .ARM.Collect$$libshutdown$$00000006  c_w.l(libshutdown2.o)
    0x00000324   0x00000000   Code   RO          687    .ARM.Collect$$libshutdown$$00000009  c_w.l(libshutdown2.o)
    0x00000324   0x00000000   Code   RO          689    .ARM.Collect$$libshutdown$$0000000B  c_w.l(libshutdown2.o)
    0x00000324   0x00000000   Code   RO          692    .ARM.Collect$$libshutdown$$0000000E  c_w.l(libshutdown2.o)
    0x00000324   0x00000002   Code   RO          693    .ARM.Collect$$libshutdown$$0000000F  c_w.l(libshutdown2.o)
    0x00000326   0x00000000   Code   RO          394    .ARM.Collect$$rtentry$$00000000  c_w.l(rtentry.o)
    0x00000326   0x00000000   Code   RO          444    .ARM.Collect$$rtentry$$00000002  c_w.l(rtentry2.o)
    0x00000326   0x00000006   Code   RO          456    .ARM.Collect$$rtentry$$00000004  c_w.l(rtentry4.o)
    0x0000032c   0x00000000   Code   RO          446    .ARM.Collect$$rtentry$$00000009  c_w.l(rtentry2.o)
    0x0000032c   0x00000004   Code   RO          447    .ARM.Collect$$rtentry$$0000000A  c_w.l(rtentry2.o)
    0x00000330   0x00000000   Code   RO          449    .ARM.Collect$$rtentry$$0000000C  c_w.l(rtentry2.o)
    0x00000330   0x00000008   Code   RO          450    .ARM.Collect$$rtentry$$0000000D  c_w.l(rtentry2.o)
    0x00000338   0x00000002   Code   RO          594    .ARM.Collect$$rtexit$$00000000  c_w.l(rtexit.o)
    0x0000033a   0x00000000   Code   RO          621    .ARM.Collect$$rtexit$$00000002  c_w.l(rtexit2.o)
    0x0000033a   0x00000004   Code   RO          622    .ARM.Collect$$rtexit$$00000003  c_w.l(rtexit2.o)
    0x0000033e   0x00000006   Code   RO          623    .ARM.Collect$$rtexit$$00000004  c_w.l(rtexit2.o)
    0x00000344   0x00000030   Code   RO            4    .text               startup.o
    0x00000374   0x00000028   Code   RO          312    .text               c_w.l(noretval__2sprintf.o)
    0x0000039c   0x000000b8   Code   RO          319    .text               c_w.l(__printf_ss.o)
    0x00000454   0x00000006   Code   RO          338    .text               c_w.l(heapauxi.o)
    0x0000045a   0x00000016   Code   RO          395    .text               c_w.l(_rserrno.o)
    0x00000470   0x00000420   Code   RO          397    .text               c_w.l(_printf_fp_dec.o)
    0x00000890   0x00000030   Code   RO          399    .text               c_w.l(_printf_char_common.o)
    0x000008c0   0x0000000a   Code   RO          401    .text               c_w.l(_sputc.o)
    0x000008ca   0x00000002   PAD
    0x000008cc   0x000000a0   Code   RO          404    .text               c_w.l(strtod.o)
    0x0000096c   0x00000008   Code   RO          461    .text               c_w.l(rt_locale_intlibspace.o)
    0x00000974   0x00000008   Code   RO          466    .text               c_w.l(rt_errno_addr_intlibspace.o)
    0x0000097c   0x0000008a   Code   RO          468    .text               c_w.l(lludiv10.o)
    0x00000a06   0x00000012   Code   RO          470    .text               c_w.l(isspace.o)
    0x00000a18   0x00000080   Code   RO          472    .text               c_w.l(_printf_fp_infnan.o)
    0x00000a98   0x00000040   Code   RO          476    .text               c_w.l(_sgetc.o)
    0x00000ad8   0x000000e4   Code   RO          478    .text               c_w.l(bigflt0.o)
    0x00000bbc   0x00000008   Code   RO          530    .text               c_w.l(libspace.o)
    0x00000bc4   0x0000004a   Code   RO          533    .text               c_w.l(sys_stackheap_outer.o)
    0x00000c0e   0x00000002   PAD
    0x00000c10   0x00000010   Code   RO          535    .text               c_w.l(rt_ctype_table.o)
    0x00000c20   0x000004a4   Code   RO          537    .text               c_w.l(scanf_fp.o)
    0x000010c4   0x0000000c   Code   RO          539    .text               c_w.l(exit.o)
    0x000010d0   0x00000080   Code   RO          541    .text               c_w.l(strcmpv7m.o)
    0x00001150   0x00000314   Code   RO          627    .text               c_w.l(scanf_hexfp.o)
    0x00001464   0x0000013c   Code   RO          629    .text               c_w.l(scanf_infnan.o)
    0x000015a0   0x0000000c   Code   RO          643    .text               c_w.l(sys_exit.o)
    0x000015ac   0x00000026   Code   RO          647    .text               c_w.l(llshl.o)
    0x000015d2   0x0000001c   Code   RO          649    .text               c_w.l(_chval.o)
    0x000015ee   0x00000002   Code   RO          670    .text               c_w.l(use_no_semi.o)
    0x000015f0   0x00000000   Code   RO          672    .text               c_w.l(indicate_semi.o)
    0x000015f0   0x0000003e   Code   RO          481    CL$$btod_d2e        c_w.l(btod.o)
    0x0000162e   0x00000046   Code   RO          483    CL$$btod_d2e_denorm_low  c_w.l(btod.o)
    0x00001674   0x00000060   Code   RO          482    CL$$btod_d2e_norm_op1  c_w.l(btod.o)
    0x000016d4   0x00000338   Code   RO          491    CL$$btod_div_common  c_w.l(btod.o)
    0x00001a0c   0x00000054   Code   RO          489    CL$$btod_e2d        c_w.l(btod.o)
    0x00001a60   0x000000c6   Code   RO          488    CL$$btod_e2e        c_w.l(btod.o)
    0x00001b26   0x00000028   Code   RO          485    CL$$btod_ediv       c_w.l(btod.o)
    0x00001b4e   0x00000028   Code   RO          487    CL$$btod_edivd      c_w.l(btod.o)
    0x00001b76   0x00000028   Code   RO          484    CL$$btod_emul       c_w.l(btod.o)
    0x00001b9e   0x00000028   Code   RO          486    CL$$btod_emuld      c_w.l(btod.o)
    0x00001bc6   0x00000244   Code   RO          490    CL$$btod_mult_common  c_w.l(btod.o)
    0x00001e0a   0x00000002   PAD
    0x00001e0c   0x00000020   Code   RO          272    i.EEPROM_Init       eeprom.o
    0x00001e2c   0x0000001a   Code   RO           64    i.LCD_DisplayString  lcd_driver.o
    0x00001e46   0x00000002   PAD
    0x00001e48   0x00000054   Code   RO           65    i.LCD_WriteCommand  lcd_driver.o
    0x00001e9c   0x00000060   Code   RO           66    i.LCD_WriteData     lcd_driver.o
    0x00001efc   0x00000034   Code   RO           67    i.Lcd_init          lcd_driver.o
    0x00001f30   0x0000006c   Code   RO           13    i.Portb_Init_output  dio_driver.o
    0x00001f9c   0x0000006c   Code   RO           15    i.Portf_Init_input_Output  dio_driver.o
    0x00002008   0x00000018   Code   RO          168    i.ReadData          uart1.o
    0x00002020   0x00000018   Code   RO          170    i.SendData_UART0    uart1.o
    0x00002038   0x00000090   Code   RO          171    i.UART0_Init        uart1.o
    0x000020c8   0x0000008c   Code   RO          172    i.UART_Init         uart1.o
    0x00002154   0x00000028   Code   RO          528    i.__ARM_fpclassify  m_ws.l(fpclassify.o)
    0x0000217c   0x00000388   Code   RO          424    i.__ieee754_rem_pio2  m_ws.l(rred.o)
    0x00002504   0x000000fc   Code   RO          419    i.__kernel_cos      m_ws.l(cos_i.o)
    0x00002600   0x000000aa   Code   RO          422    i.__kernel_poly     m_ws.l(poly.o)
    0x000026aa   0x00000002   PAD
    0x000026ac   0x000000ec   Code   RO          429    i.__kernel_sin      m_ws.l(sin_i.o)
    0x00002798   0x00000010   Code   RO          526    i.__mathlib_dbl_underflow  m_ws.l(dunder.o)
    0x000027a8   0x00000010   Code   RO          614    i.__mathlib_narrow  m_ws.l(narrow.o)
    0x000027b8   0x00000088   Code   RO          615    i.__mathlib_tofloat  m_ws.l(narrow.o)
    0x00002840   0x00000016   Code   RO          659    i.__support_ldexp   m_ws.l(ldexp.o)
    0x00002856   0x0000000e   Code   RO          326    i._is_digit         c_w.l(__printf_wp.o)
    0x00002864   0x00000288   Code   RO          365    i.acos              m_ws.l(acos.o)
    0x00002aec   0x000000c0   Code   RO          210    i.compute_lat_lon   gps.o
    0x00002bac   0x000000ac   Code   RO          375    i.cos               m_ws.l(cos.o)
    0x00002c58   0x00000034   Code   RO          211    i.degree_to_rad     gps.o
    0x00002c8c   0x00000058   Code   RO          638    i.frexp             m_ws.l(frexp.o)
    0x00002ce4   0x00000138   Code   RO          212    i.get_distance      gps.o
    0x00002e1c   0x0000006c   Code   RO          213    i.get_latitude      gps.o
    0x00002e88   0x0000006c   Code   RO          214    i.get_longitude     gps.o
    0x00002ef4   0x0000007e   Code   RO          660    i.ldexp             m_ws.l(ldexp.o)
    0x00002f72   0x0000002a   Code   RO          101    i.main              main.o
    0x00002f9c   0x00000074   Code   RO           18    i.porta_init_output  dio_driver.o
    0x00003010   0x00000034   Code   RO          215    i.rad_to_degree     gps.o
    0x00003044   0x000000c4   Code   RO          216    i.read_gps_data     gps.o
    0x00003108   0x000000b0   Code   RO          383    i.sin               m_ws.l(sin.o)
    0x000031b8   0x0000004c   Code   RO          436    i.sqrt              m_ws.l(sqrt.o)
    0x00003204   0x0000001c   Code   RO          391    i.strtold           m_ws.l(strtold.o)
    0x00003220   0x00000010   Code   RO          144    i.sysTickInit       systick.o
    0x00003230   0x00000018   Code   RO          145    i.sysTickWait       systick.o
    0x00003248   0x00000018   Code   RO          146    i.sysTickWait1Ms    systick.o
    0x00003260   0x0000002c   Code   RO          504    locale$$code        c_w.l(lc_numeric_c.o)
    0x0000328c   0x0000002c   Code   RO          597    locale$$code        c_w.l(lc_ctype_c.o)
    0x000032b8   0x00000062   Code   RO          342    x$fpl$d2f           fz_ws.l(d2f.o)
    0x0000331a   0x00000002   PAD
    0x0000331c   0x00000150   Code   RO          344    x$fpl$dadd          fz_ws.l(daddsub_clz.o)
    0x0000346c   0x00000010   Code   RO          506    x$fpl$dcheck1       fz_ws.l(dcheck1.o)
    0x0000347c   0x00000018   Code   RO          406    x$fpl$dcmpinf       fz_ws.l(dcmpi.o)
    0x00003494   0x000002b0   Code   RO          351    x$fpl$ddiv          fz_ws.l(ddiv.o)
    0x00003744   0x00000078   Code   RO          354    x$fpl$deqf          fz_ws.l(deqf.o)
    0x000037bc   0x0000005e   Code   RO          508    x$fpl$dfix          fz_ws.l(dfix.o)
    0x0000381a   0x0000002e   Code   RO          513    x$fpl$dflt          fz_ws.l(dflt_clz.o)
    0x00003848   0x00000026   Code   RO          512    x$fpl$dfltu         fz_ws.l(dflt_clz.o)
    0x0000386e   0x00000002   PAD
    0x00003870   0x00000078   Code   RO          518    x$fpl$dleqf         fz_ws.l(dleqf.o)
    0x000038e8   0x00000154   Code   RO          356    x$fpl$dmul          fz_ws.l(dmul.o)
    0x00003a3c   0x0000009c   Code   RO          408    x$fpl$dnaninf       fz_ws.l(dnaninf.o)
    0x00003ad8   0x0000000c   Code   RO          410    x$fpl$dretinf       fz_ws.l(dretinf.o)
    0x00003ae4   0x0000006c   Code   RO          635    x$fpl$drleqf        fz_ws.l(drleqf.o)
    0x00003b50   0x00000016   Code   RO          345    x$fpl$drsb          fz_ws.l(daddsub_clz.o)
    0x00003b66   0x00000002   PAD
    0x00003b68   0x00000198   Code   RO          520    x$fpl$dsqrt         fz_ws.l(dsqrt_umaal.o)
    0x00003d00   0x000001d4   Code   RO          346    x$fpl$dsub          fz_ws.l(daddsub_clz.o)
    0x00003ed4   0x00000056   Code   RO          358    x$fpl$f2d           fz_ws.l(f2d.o)
    0x00003f2a   0x00000002   PAD
    0x00003f2c   0x00000102   Code   RO          360    x$fpl$fmul          fz_ws.l(fmul.o)
    0x0000402e   0x0000008c   Code   RO          412    x$fpl$fnaninf       fz_ws.l(fnaninf.o)
    0x000040ba   0x0000000a   Code   RO          414    x$fpl$fretinf       fz_ws.l(fretinf.o)
    0x000040c4   0x00000004   Code   RO          362    x$fpl$printf1       fz_ws.l(printf1.o)
    0x000040c8   0x00000064   Code   RO          592    x$fpl$retnan        fz_ws.l(retnan.o)
    0x0000412c   0x0000005c   Code   RO          416    x$fpl$scalbn        fz_ws.l(scalbn.o)
    0x00004188   0x00000004   Code   RO          524    x$fpl$scanf1        fz_ws.l(scanf1.o)
    0x0000418c   0x00000008   Code   RO          606    x$fpl$scanf2        fz_ws.l(scanf2.o)
    0x00004194   0x00000030   Code   RO          612    x$fpl$trapveneer    fz_ws.l(trapv.o)
    0x000041c4   0x00000000   Code   RO          418    x$fpl$usenofp       fz_ws.l(usenofp.o)
    0x000041c4   0x00000004   PAD
    0x000041c8   0x00000050   Data   RO          366    .constdata          m_ws.l(acos.o)
    0x00004218   0x00000030   Data   RO          420    .constdata          m_ws.l(cos_i.o)
    0x00004248   0x000000c8   Data   RO          426    .constdata          m_ws.l(rred.o)
    0x00004310   0x00000028   Data   RO          430    .constdata          m_ws.l(sin_i.o)
    0x00004338   0x00000094   Data   RO          479    .constdata          c_w.l(bigflt0.o)
    0x000043cc   0x00000020   Data   RO          719    Region$$Table       anon$$obj.o
    0x000043ec   0x00000008   Data   RO          601    c$$dinf             fz_ws.l(fpconst.o)
    0x000043f4   0x0000001c   Data   RO          503    locale$$data        c_w.l(lc_numeric_c.o)
    0x00004410   0x00000110   Data   RO          596    locale$$data        c_w.l(lc_ctype_c.o)


    Execution Region ER_RW (Base: 0x20000000, Size: 0x00000004, Max: 0xffffffff, ABSOLUTE)

    Base Addr    Size         Type   Attr      Idx    E Section Name        Object

    0x20000000   0x00000001   Data   RW          218    .data               gps.o


    Execution Region ER_ZI (Base: 0x20000004, Size: 0x000004f4, Max: 0xffffffff, ABSOLUTE)

    Base Addr    Size         Type   Attr      Idx    E Section Name        Object

    0x20000004   0x00000004   PAD
    0x20000008   0x00000090   Zero   RW          217    .bss                gps.o
    0x20000098   0x00000060   Zero   RW          531    .bss                c_w.l(libspace.o)
    0x200000f8   0x00000000   Zero   RW            2    HEAP                startup.o
    0x200000f8   0x00000400   Zero   RW            1    STACK               startup.o


==============================================================================

Image component sizes


      Code (inc. data)   RO Data    RW Data    ZI Data      Debug   Object Name

       332         56          0          0          0     256718   dio_driver.o
        32         10          0          0          0        334   eeprom.o
      1020         90          0          1        144       7521   gps.o
       258         18          0          0          0       1714   lcd_driver.o
        42          0          0          0          0        435   main.o
       692        632          0          0       1024        868   startup.o
        64          0          0          0          0       1161   systick.o
       332         46          0          0          0       1493   uart1.o

    ----------------------------------------------------------------------
      2774        852         32          4       1172     270244   Object Totals
         0          0         32          0          0          0   (incl. Generated)
         2          0          0          3          4          0   (incl. Padding)

    ----------------------------------------------------------------------

      Code (inc. data)   RO Data    RW Data    ZI Data      Debug   Library Member Name

         8          0          0          0          0         68   __main.o
       184          0          0          0          0         84   __printf_ss.o
        14          0          0          0          0         68   __printf_wp.o
        52          8          0          0          0          0   __scatter.o
        26          0          0          0          0          0   __scatter_copy.o
        28          0          0          0          0          0   __scatter_zi.o
        28          0          0          0          0         68   _chval.o
        48          6          0          0          0         96   _printf_char_common.o
         6          0          0          0          0          0   _printf_f.o
      1056          0          0          0          0        216   _printf_fp_dec.o
       128         16          0          0          0         84   _printf_fp_infnan.o
         0          0          0          0          0          0   _printf_percent.o
         4          0          0          0          0          0   _printf_percent_end.o
        22          0          0          0          0        100   _rserrno.o
        64          0          0          0          0         84   _sgetc.o
        10          0          0          0          0         68   _sputc.o
       228          6        148          0          0         96   bigflt0.o
      2074        132          0          0          0        940   btod.o
        12          0          0          0          0         72   exit.o
         6          0          0          0          0        152   heapauxi.o
         0          0          0          0          0          0   indicate_semi.o
        18          0          0          0          0         76   isspace.o
        44         10        272          0          0         76   lc_ctype_c.o
        44         10         28          0          0         76   lc_numeric_c.o
         2          0          0          0          0          0   libinit.o
        30          0          0          0          0          0   libinit2.o
         2          0          0          0          0          0   libshutdown.o
         2          0          0          0          0          0   libshutdown2.o
         8          4          0          0         96         68   libspace.o
        38          0          0          0          0         68   llshl.o
       138          0          0          0          0         80   lludiv10.o
        40          6          0          0          0         84   noretval__2sprintf.o
        16          4          0          0          0         76   rt_ctype_table.o
         8          4          0          0          0         68   rt_errno_addr_intlibspace.o
         8          4          0          0          0         68   rt_locale_intlibspace.o
         0          0          0          0          0          0   rtentry.o
        12          0          0          0          0          0   rtentry2.o
         6          0          0          0          0          0   rtentry4.o
         2          0          0          0          0          0   rtexit.o
        10          0          0          0          0          0   rtexit2.o
      1188         12          0          0          0        148   scanf_fp.o
       788         12          0          0          0        100   scanf_hexfp.o
       316         18          0          0          0        100   scanf_infnan.o
       128          0          0          0          0         68   strcmpv7m.o
       160         12          0          0          0        120   strtod.o
        12          4          0          0          0         68   sys_exit.o
        74          0          0          0          0         80   sys_stackheap_outer.o
         2          0          0          0          0         68   use_no_semi.o
        98          4          0          0          0         92   d2f.o
       826         16          0          0          0        348   daddsub_clz.o
        16          4          0          0          0         68   dcheck1.o
        24          0          0          0          0         68   dcmpi.o
       688        140          0          0          0        208   ddiv.o
       120          4          0          0          0         92   deqf.o
        94          4          0          0          0         92   dfix.o
        84          0          0          0          0        136   dflt_clz.o
       120          4          0          0          0         92   dleqf.o
       340         12          0          0          0        104   dmul.o
       156          4          0          0          0         92   dnaninf.o
        12          0          0          0          0         68   dretinf.o
       108          0          0          0          0         80   drleqf.o
       408         56          0          0          0        120   dsqrt_umaal.o
        86          4          0          0          0         84   f2d.o
       258          4          0          0          0         84   fmul.o
       140          4          0          0          0         84   fnaninf.o
         0          0          8          0          0          0   fpconst.o
        10          0          0          0          0         68   fretinf.o
         4          0          0          0          0         68   printf1.o
       100          0          0          0          0         68   retnan.o
        92          0          0          0          0         68   scalbn.o
         4          0          0          0          0         68   scanf1.o
         8          0          0          0          0         84   scanf2.o
        48          0          0          0          0         68   trapv.o
         0          0          0          0          0          0   usenofp.o
       648         62         80          0          0        188   acos.o
       172          8          0          0          0        112   cos.o
       252         22         48          0          0        124   cos_i.o
        16          6          0          0          0         68   dunder.o
        40          0          0          0          0         68   fpclassify.o
        88          8          0          0          0         76   frexp.o
       148          0          0          0          0        160   ldexp.o
       152          4          0          0          0        160   narrow.o
       170          0          0          0          0         96   poly.o
       904         72        200          0          0        140   rred.o
       176         10          0          0          0        116   sin.o
       236         12         40          0          0        128   sin_i.o
        76          0          0          0          0         84   sqrt.o
        28          0          0          0          0         80   strtold.o

    ----------------------------------------------------------------------
     14066        732        824          0         96       7692   Library Totals
        22          0          0          0          0          0   (incl. Padding)

    ----------------------------------------------------------------------

      Code (inc. data)   RO Data    RW Data    ZI Data      Debug   Library Name

      7094        268        448          0         96       3688   c_w.l
      3844        260          8          0          0       2404   fz_ws.l
      3106        204        368          0          0       1600   m_ws.l

    ----------------------------------------------------------------------
     14066        732        824          0         96       7692   Library Totals

    ----------------------------------------------------------------------

==============================================================================


      Code (inc. data)   RO Data    RW Data    ZI Data      Debug   

     16840       1584        856          4       1268     272424   Grand Totals
     16840       1584        856          4       1268     272424   ELF Image Totals
     16840       1584        856          4          0          0   ROM Totals

==============================================================================

    Total RO  Size (Code + RO Data)                17696 (  17.28kB)
    Total RW  Size (RW Data + ZI Data)              1272 (   1.24kB)
    Total ROM Size (Code + RO Data + RW Data)      17700 (  17.29kB)

==============================================================================

