ARM Linker, 5.03 [Build 76] [MDK-ARM Lite]

==============================================================================

Section Cross References

    startup.o(STACK) refers (Special) to heapauxi.o(.text) for __use_two_region_memory
    startup.o(HEAP) refers (Special) to heapauxi.o(.text) for __use_two_region_memory
    startup.o(RESET) refers (Special) to heapauxi.o(.text) for __use_two_region_memory
    startup.o(RESET) refers to startup.o(STACK) for StackMem
    startup.o(RESET) refers to __main.o(!!!main) for __main
    startup.o(.text) refers (Special) to heapauxi.o(.text) for __use_two_region_memory
    startup.o(.text) refers to startup.o(HEAP) for HeapMem
    startup.o(.text) refers to startup.o(STACK) for StackMem
    lcd_driver.o(i.LCD_DisplayString) refers to lcd_driver.o(i.LCD_WriteData) for LCD_WriteData
    lcd_driver.o(i.LCD_WriteCommand) refers to systick.o(i.sysTickWait1Ms) for sysTickWait1Ms
    lcd_driver.o(i.LCD_WriteData) refers to systick.o(i.sysTickWait1Ms) for sysTickWait1Ms
    lcd_driver.o(i.Lcd_init) refers to lcd_driver.o(i.LCD_WriteCommand) for LCD_WriteCommand
    lcd_driver.o(i.Lcd_init) refers to systick.o(i.sysTickWait1Ms) for sysTickWait1Ms
    main.o(i.is_distance_greater_or_equal_to_100) refers to dio_driver.o(i.Portf_output) for Portf_output
    main.o(i.main) refers to _printf_percent.o(.ARM.Collect$$_printf_percent$$00000000) for _printf_percent
    main.o(i.main) refers to _printf_f.o(.ARM.Collect$$_printf_percent$$00000003) for _printf_f
    main.o(i.main) refers to printf1.o(x$fpl$printf1) for _printf_fp_dec
    main.o(i.main) refers to dio_driver.o(i.Portf_Init_input_Output) for Portf_Init_input_Output
    main.o(i.main) refers to dio_driver.o(i.Portb_Init_output) for Portb_Init_output
    main.o(i.main) refers to dio_driver.o(i.porta_init_output) for porta_init_output
    main.o(i.main) refers to systick.o(i.sysTickInit) for sysTickInit
    main.o(i.main) refers to lcd_driver.o(i.Lcd_init) for Lcd_init
    main.o(i.main) refers to uart1.o(i.UART_Init) for UART_Init
    main.o(i.main) refers to uart1.o(i.UART0_Init) for UART0_Init
    main.o(i.main) refers to eeprom.o(i.EEPROM_Init) for EEPROM_Init
    main.o(i.main) refers to eeprom.o(i.Erase) for Erase
    main.o(i.main) refers to lcd_driver.o(i.LCD_WriteData) for LCD_WriteData
    main.o(i.main) refers to eeprom.o(i.writeData) for writeData
    main.o(i.main) refers to eeprom.o(i.set_block_and_offset) for set_block_and_offset
    main.o(i.main) refers to eeprom.o(i.readData) for readData
    main.o(i.main) refers to noretval__2sprintf.o(.text) for __2sprintf
    main.o(i.main) refers to uart1.o(i.sendString_Uart0) for sendString_Uart0
    main.o(i.main) refers to main.o(.bss) for total_distance_as_string
    systick.o(i.sysTickWait1Ms) refers to systick.o(i.sysTickWait) for sysTickWait
    uart1.o(i.ReadData) refers to lcd_driver.o(i.LCD_WriteData) for LCD_WriteData
    uart1.o(i.ReadData_UART0) refers to lcd_driver.o(i.LCD_WriteData) for LCD_WriteData
    uart1.o(i.ReadData_UART0) refers to uart1.o(i.SendData_UART0) for SendData_UART0
    uart1.o(i.sendString_Uart0) refers to uart1.o(i.SendData_UART0) for SendData_UART0
    gps.o(i.compute_lat_lon) refers to gps.o(i.get_latitude) for get_latitude
    gps.o(i.compute_lat_lon) refers to gps.o(i.get_longitude) for get_longitude
    gps.o(i.compute_lat_lon) refers to gps.o(i.get_distance) for get_distance
    gps.o(i.compute_lat_lon) refers to dmul.o(x$fpl$dmul) for __aeabi_dmul
    gps.o(i.compute_lat_lon) refers to ddiv.o(x$fpl$ddiv) for __aeabi_ddiv
    gps.o(i.compute_lat_lon) refers to dflt_clz.o(x$fpl$dfltu) for __aeabi_ui2d
    gps.o(i.compute_lat_lon) refers to daddsub_clz.o(x$fpl$dadd) for __aeabi_dadd
    gps.o(i.compute_lat_lon) refers to dfixu.o(x$fpl$dfixu) for __aeabi_d2uiz
    gps.o(i.compute_lat_lon) refers to gps.o(.bss) for data
    gps.o(i.compute_lat_lon) refers to gps.o(.data) for first
    gps.o(i.degree_to_rad) refers to dmul.o(x$fpl$dmul) for __aeabi_dmul
    gps.o(i.degree_to_rad) refers to ddiv.o(x$fpl$ddiv) for __aeabi_ddiv
    gps.o(i.get_distance) refers to deqf.o(x$fpl$deqf) for __aeabi_cdcmpeq
    gps.o(i.get_distance) refers to daddsub_clz.o(x$fpl$dsub) for __aeabi_dsub
    gps.o(i.get_distance) refers to gps.o(i.degree_to_rad) for degree_to_rad
    gps.o(i.get_distance) refers to cos.o(i.cos) for cos
    gps.o(i.get_distance) refers to dmul.o(x$fpl$dmul) for __aeabi_dmul
    gps.o(i.get_distance) refers to sin.o(i.sin) for sin
    gps.o(i.get_distance) refers to daddsub_clz.o(x$fpl$dadd) for __aeabi_dadd
    gps.o(i.get_distance) refers to acos.o(i.acos) for acos
    gps.o(i.get_distance) refers to gps.o(i.rad_to_degree) for rad_to_degree
    gps.o(i.get_distance) refers to gps.o(.bss) for data
    gps.o(i.get_latitude) refers to strtold.o(i.strtold) for strtold
    gps.o(i.get_latitude) refers to dmul.o(x$fpl$dmul) for __aeabi_dmul
    gps.o(i.get_latitude) refers to gps.o(.bss) for data
[...]
    narrow.o(i.__mathlib_narrow) refers (Special) to usenofp.o(x$fpl$usenofp) for __I$use$fp
    narrow.o(i.__mathlib_narrow) refers to narrow.o(i.__mathlib_tofloat) for __mathlib_tofloat
    narrow.o(i.__mathlib_tofloat) refers (Special) to usenofp.o(x$fpl$usenofp) for __I$use$fp
    narrow.o(i.__mathlib_tofloat) refers to frexp.o(i.frexp) for frexp
    narrow.o(i.__mathlib_tofloat) refers to deqf.o(x$fpl$deqf) for __aeabi_cdcmpeq
    narrow.o(i.__mathlib_tofloat) refers to d2f.o(x$fpl$d2f) for __aeabi_d2f
    narrow.o(i.__mathlib_tofloat) refers to _rserrno.o(.text) for __set_errno
    narrow.o(i.__mathlib_tofloat) refers to drleqf.o(x$fpl$drleqf) for __aeabi_cdrcmple
    narrow.o(i.__softfp___mathlib_tofloat) refers (Special) to usenofp.o(x$fpl$usenofp) for __I$use$fp
    narrow.o(i.__softfp___mathlib_tofloat) refers to narrow.o(i.__mathlib_tofloat) for __mathlib_tofloat
    rtexit2.o(.ARM.Collect$$rtexit$$00000003) refers to libshutdown.o(.ARM.Collect$$libshutdown$$00000000) for __rt_lib_shutdown
    rtexit2.o(.ARM.Collect$$rtexit$$00000004) refers to sys_exit.o(.text) for _sys_exit
    rtexit2.o(.ARM.exidx) refers to rtexit2.o(.ARM.Collect$$rtexit$$00000001) for .ARM.Collect$$rtexit$$00000001
    rtexit2.o(.ARM.exidx) refers to rtexit2.o(.ARM.Collect$$rtexit$$00000003) for .ARM.Collect$$rtexit$$00000003
    rtexit2.o(.ARM.exidx) refers to rtexit2.o(.ARM.Collect$$rtexit$$00000004) for .ARM.Collect$$rtexit$$00000004
    scanf_hexfp.o(.text) refers to _chval.o(.text) for _chval
    scanf_hexfp.o(.text) refers to llshl.o(.text) for __aeabi_llsl
    scanf_hexfp.o(.text) refers to ldexp.o(i.__support_ldexp) for __support_ldexp
    scanf_hexfp.o(.text) refers to narrow.o(i.__mathlib_narrow) for __mathlib_narrow
    _get_argv_nomalloc.o(.text) refers (Special) to hrguard.o(.text) for __heap_region$guard
    _get_argv_nomalloc.o(.text) refers to defsig_rtmem_outer.o(.text) for __rt_SIGRTMEM
    _get_argv_nomalloc.o(.text) refers to sys_command.o(.text) for _sys_command_string
    drleqf.o(x$fpl$drleqf) refers (Special) to usenofp.o(x$fpl$usenofp) for __I$use$fp
    drleqf.o(x$fpl$drleqf) refers to dleqf.o(x$fpl$dleqf) for __fpl_dcmple_InfNaN
    frexp.o(i.__softfp_frexp) refers (Special) to usenofp.o(x$fpl$usenofp) for __I$use$fp
    frexp.o(i.__softfp_frexp) refers to scalbn.o(x$fpl$scalbn) for __ARM_scalbn
    frexp.o(i.frexp) refers (Special) to usenofp.o(x$fpl$usenofp) for __I$use$fp
    frexp.o(i.frexp) refers to scalbn.o(x$fpl$scalbn) for __ARM_scalbn
    sys_command.o(.text) refers (Special) to use_no_semi.o(.text) for __I$use$semihosting
    sys_command.o(.text) refers (Special) to indicate_semi.o(.text) for __semihosting_library_function
    sys_exit.o(.text) refers (Special) to use_no_semi.o(.text) for __I$use$semihosting
    sys_exit.o(.text) refers (Special) to indicate_semi.o(.text) for __semihosting_library_function
    defsig_rtmem_outer.o(.text) refers to defsig_rtmem_inner.o(.text) for __rt_SIGRTMEM_inner
    defsig_rtmem_outer.o(.text) refers to defsig_exit.o(.text) for __sig_exit
    defsig_rtmem_formal.o(.text) refers to rt_raise.o(.text) for __rt_raise
    libshutdown.o(.ARM.Collect$$libshutdown$$00000000) refers (Special) to libshutdown2.o(.ARM.Collect$$libshutdown$$00000006) for __rt_lib_shutdown_fp_trap_1
    libshutdown.o(.ARM.Collect$$libshutdown$$00000000) refers (Special) to libshutdown2.o(.ARM.Collect$$libshutdown$$0000000E) for __rt_lib_shutdown_heap_1
    libshutdown.o(.ARM.Collect$$libshutdown$$00000000) refers (Special) to libshutdown2.o(.ARM.Collect$$libshutdown$$0000000F) for __rt_lib_shutdown_return
    libshutdown.o(.ARM.Collect$$libshutdown$$00000000) refers (Special) to libshutdown2.o(.ARM.Collect$$libshutdown$$00000009) for __rt_lib_shutdown_signal_1
    libshutdown.o(.ARM.Collect$$libshutdown$$00000000) refers (Special) to libshutdown2.o(.ARM.Collect$$libshutdown$$00000003) for __rt_lib_shutdown_stdio_1
    libshutdown.o(.ARM.Collect$$libshutdown$$00000000) refers (Special) to libshutdown2.o(.ARM.Collect$$libshutdown$$0000000B) for __rt_lib_shutdown_user_alloc_1
    ldexp.o(i.__softfp_ldexp) refers (Special) to usenofp.o(x$fpl$usenofp) for __I$use$fp
    ldexp.o(i.__softfp_ldexp) refers to ldexp.o(i.ldexp) for ldexp
    ldexp.o(i.__support_ldexp) refers (Special) to usenofp.o(x$fpl$usenofp) for __I$use$fp
    ldexp.o(i.__support_ldexp) refers to ldexp.o(i.ldexp) for ldexp
    ldexp.o(i.ldexp) refers (Special) to usenofp.o(x$fpl$usenofp) for __I$use$fp
    ldexp.o(i.ldexp) refers to deqf.o(x$fpl$deqf) for __aeabi_cdcmpeq
    ldexp.o(i.ldexp) refers to scalbn.o(x$fpl$scalbn) for __ARM_scalbn
    ldexp.o(i.ldexp) refers to _rserrno.o(.text) for __set_errno
    ldexp.o(i.ldexp) refers to dunder.o(i.__mathlib_dbl_underflow) for __mathlib_dbl_underflow
    ldexp_x.o(i.____softfp_ldexp$lsc) refers (Special) to usenofp.o(x$fpl$usenofp) for __I$use$fp
    ldexp_x.o(i.____softfp_ldexp$lsc) refers to ldexp_x.o(i.__ldexp$lsc) for __ldexp$lsc
    ldexp_x.o(i.____support_ldexp$lsc) refers (Special) to usenofp.o(x$fpl$usenofp) for __I$use$fp
    ldexp_x.o(i.____support_ldexp$lsc) refers to ldexp_x.o(i.__ldexp$lsc) for __ldexp$lsc
    ldexp_x.o(i.__ldexp$lsc) refers (Special) to usenofp.o(x$fpl$usenofp) for __I$use$fp
    ldexp_x.o(i.__ldexp$lsc) refers to deqf.o(x$fpl$deqf) for __aeabi_cdcmpeq
    ldexp_x.o(i.__ldexp$lsc) refers to scalbn.o(x$fpl$scalbn) for __ARM_scalbn
    ldexp_x.o(i.__ldexp$lsc) refers to _rserrno.o(.text) for __set_errno
    ldexp_x.o(i.__ldexp$lsc) refers to qnan.o(.constdata) for __mathlib_zero
    rt_raise.o(.text) refers to __raise.o(.text) for __raise
    rt_raise.o(.text) refers to sys_exit.o(.text) for _sys_exit
    defsig_exit.o(.text) refers to sys_exit.o(.text) for _sys_exit
    defsig_rtmem_inner.o(.text) refers to defsig_general.o(.text) for __default_signal_display
    qnan.o(.constdata) refers (Special) to usenofp.o(x$fpl$usenofp) for __I$use$fp
    __raise.o(.text) refers to defsig.o(CL$$defsig) for __default_signal_handler
    defsig_general.o(.text) refers to sys_wrch.o(.text) for _ttywrch
    sys_wrch.o(.text) refers (Special) to use_no_semi.o(.text) for __I$use$semihosting
    sys_wrch.o(.text) refers (Special) to indicate_semi.o(.text) for __semihosting_library_function
    defsig.o(CL$$defsig) refers to defsig_rtmem_inner.o(.text) for __rt_SIGRTMEM_inner
    defsig_abrt_inner.o(.text) refers to defsig_general.o(.text) for __default_signal_display
    defsig_fpe_inner.o(.text) refers to defsig_general.o(.text) for __default_signal_display
    defsig_rtred_inner.o(.text) refers to defsig_general.o(.text) for __default_signal_display
    defsig_stak_inner.o(.text) refers to defsig_general.o(.text) for __default_signal_display
    defsig_pvfn_inner.o(.text) refers to defsig_general.o(.text) for __default_signal_display
    defsig_cppl_inner.o(.text) refers to defsig_general.o(.text) for __default_signal_display
    defsig_segv_inner.o(.text) refers to defsig_general.o(.text) for __default_signal_display
    defsig_other.o(.text) refers to defsig_general.o(.text) for __default_signal_display


==============================================================================

Removing Unused input sections from the image.

    Removing dio_driver.o(i.Porta_output), (12 bytes).
    Removing dio_driver.o(i.Portb_output), (12 bytes).
    Removing dio_driver.o(i.Portf_input), (16 bytes).
    Removing dio_driver.o(i.Portf_output), (12 bytes).
    Removing lcd_driver.o(i.LCD_DisplayString), (26 bytes).
    Removing main.o(i.is_distance_greater_or_equal_to_100), (16 bytes).
    Removing main.o(.data), (16 bytes).
    Removing uart1.o(i.ReadData), (36 bytes).
    Removing uart1.o(i.ReadData_UART0), (44 bytes).
    Removing gps.o(i.compute_lat_lon), (192 bytes).
    Removing gps.o(i.degree_to_rad), (52 bytes).
    Removing gps.o(i.get_distance), (312 bytes).
    Removing gps.o(i.get_latitude), (108 bytes).
    Removing gps.o(i.get_longitude), (108 bytes).
    Removing gps.o(i.rad_to_degree), (52 bytes).
    Removing gps.o(i.read_gps_data), (200 bytes).
    Removing gps.o(.bss), (144 bytes).
    Removing gps.o(.data), (1 bytes).

18 unused section(s) (total 1359 bytes) removed from the image.

==============================================================================

Image Symbol Table

    Local Symbols

    Symbol Name                              Value     Ov Type        Size  Object(Section)

    RESET                                    0x00000000   Section      644  startup.o(RESET)
    ../clib/angel/boardlib.s                 0x00000000   Number         0  boardinit1.o ABSOLUTE
    ../clib/angel/boardlib.s                 0x00000000   Number         0  boardshut.o ABSOLUTE
    ../clib/angel/boardlib.s                 0x00000000   Number         0  boardinit2.o ABSOLUTE
    ../clib/angel/boardlib.s                 0x00000000   Number         0  boardinit3.o ABSOLUTE
    ../clib/angel/handlers.s                 0x00000000   Number         0  __scatter_zi.o ABSOLUTE
    ../clib/angel/kernel.s                   0x00000000   Number         0  rtexit.o ABSOLUTE
    ../clib/angel/kernel.s                   0x00000000   Number         0  rtexit2.o ABSOLUTE
    ../clib/angel/kernel.s                   0x00000000   Number         0  rtentry2.o ABSOLUTE
    ../clib/angel/kernel.s                   0x00000000   Number         0  rtentry4.o ABSOLUTE
    ../clib/angel/kernel.s                   0x00000000   Number         0  rtentry.o ABSOLUTE
    ../clib/angel/rt.s                       0x00000000   Number         0  rt_errno_addr.o ABSOLUTE
    ../clib/angel/rt.s                       0x00000000   Number         0  rt_locale.o ABSOLUTE
    ../clib/angel/rt.s                       0x00000000   Number         0  rt_ctype_table.o ABSOLUTE
    ../clib/angel/rt.s                       0x00000000   Number         0  rt_locale_intlibspace.o ABSOLUTE
    ../clib/angel/rt.s                       0x00000000   Number         0  rt_errno_addr_intlibspace.o ABSOLUTE
    ../clib/angel/rt.s                       0x00000000   Number         0  rt_raise.o ABSOLUTE
    ../clib/angel/scatter.s                  0x00000000   Number         0  __scatter.o ABSOLUTE
    ../clib/angel/startup.s                  0x00000000   Number         0  __main.o ABSOLUTE
    ../clib/angel/sys.s                      0x00000000   Number         0  indicate_semi.o ABSOLUTE
    ../clib/angel/sys.s                      0x00000000   Number         0  sys_stackheap_outer.o ABSOLUTE
    ../clib/angel/sys.s                      0x00000000   Number         0  libspace.o ABSOLUTE
    ../clib/angel/sys.s                      0x00000000   Number         0  use_no_semi.o ABSOLUTE
    ../clib/angel/sysapp.c                   0x00000000   Number         0  sys_command.o ABSOLUTE
    ../clib/angel/sysapp.c                   0x00000000   Number         0  sys_exit.o ABSOLUTE
    ../clib/angel/sysapp.c                   0x00000000   Number         0  sys_wrch.o ABSOLUTE
    ../clib/armsys.c                         0x00000000   Number         0  argv_veneer.o ABSOLUTE
    ../clib/armsys.c                         0x00000000   Number         0  _get_argv_nomalloc.o ABSOLUTE
    ../clib/armsys.c                         0x00000000   Number         0  argv_veneer.o ABSOLUTE
    ../clib/armsys.c                         0x00000000   Number         0  no_argv.o ABSOLUTE
    ../clib/bigflt.c                         0x00000000   Number         0  bigflt0.o ABSOLUTE
    ../clib/btod.s                           0x00000000   Number         0  btod.o ABSOLUTE
    ../clib/ctype.c                          0x00000000   Number         0  isspace.o ABSOLUTE
    ../clib/fenv.c                           0x00000000   Number         0  _rserrno.o ABSOLUTE
    ../clib/heapalloc.c                      0x00000000   Number         0  hrguard.o ABSOLUTE
    ../clib/heapaux.c                        0x00000000   Number         0  heapauxi.o ABSOLUTE
    ../clib/libinit.s                        0x00000000   Number         0  libinit.o ABSOLUTE
    ../clib/libinit.s                        0x00000000   Number         0  libshutdown.o ABSOLUTE
    ../clib/libinit.s                        0x00000000   Number         0  libinit2.o ABSOLUTE
    ../clib/libinit.s                        0x00000000   Number         0  libshutdown2.o ABSOLUTE
    ../clib/locale.s                         0x00000000   Number         0  lc_ctype_c.o ABSOLUTE
    ../clib/locale.s                         0x00000000   Number         0  lc_numeric_c.o ABSOLUTE
    ../clib/longlong.s                       0x00000000   Number         0  llshl.o ABSOLUTE
    ../clib/longlong.s                       0x00000000   Number         0  lludiv10.o ABSOLUTE
    ../clib/memcpset.s                       0x00000000   Number         0  strcmpv7m.o ABSOLUTE
    ../clib/misc.s                           0x00000000   Number         0  printf_stubs.o ABSOLUTE
    ../clib/printf.c                         0x00000000   Number         0  __printf_flags.o ABSOLUTE
    ../clib/printf.c                         0x00000000   Number         0  __printf.o ABSOLUTE
    ../clib/printf.c                         0x00000000   Number         0  _printf_char_common.o ABSOLUTE
    ../clib/printf.c                         0x00000000   Number         0  _sputc.o ABSOLUTE
    ../clib/printf.c                         0x00000000   Number         0  _printf_fp_dec.o ABSOLUTE
    ../clib/printf.c                         0x00000000   Number         0  __printf_ss_wp.o ABSOLUTE
    ../clib/printf.c                         0x00000000   Number         0  __printf_flags_ss_wp.o ABSOLUTE
    ../clib/printf.c                         0x00000000   Number         0  __printf_flags_ss.o ABSOLUTE
    ../clib/printf.c                         0x00000000   Number         0  __printf_wp.o ABSOLUTE
    ../clib/printf.c                         0x00000000   Number         0  __printf_ss.o ABSOLUTE
    ../clib/printf.c                         0x00000000   Number         0  __printf_flags_wp.o ABSOLUTE
    ../clib/printf.c                         0x00000000   Number         0  noretval__2sprintf.o ABSOLUTE
    ../clib/printf.c                         0x00000000   Number         0  __2sprintf.o ABSOLUTE
    ../clib/printf.c                         0x00000000   Number         0  _printf_fp_infnan.o ABSOLUTE
    ../clib/printf.c                         0x00000000   Number         0  __printf_nopercent.o ABSOLUTE
    ../clib/printf_percent.s                 0x00000000   Number         0  _printf_f.o ABSOLUTE
    ../clib/printf_percent.s                 0x00000000   Number         0  _printf_percent.o ABSOLUTE
    ../clib/printf_percent.s                 0x00000000   Number         0  _printf_percent_end.o ABSOLUTE
    ../clib/scanf.c                          0x00000000   Number         0  scanf_hexfp.o ABSOLUTE
    ../clib/scanf.c                          0x00000000   Number         0  strtod.o ABSOLUTE
    ../clib/scanf.c                          0x00000000   Number         0  scanf_fp.o ABSOLUTE
    ../clib/scanf.c                          0x00000000   Number         0  scanf_infnan.o ABSOLUTE
    ../clib/scanf.c                          0x00000000   Number         0  _sgetc.o ABSOLUTE
    ../clib/scanf.c                          0x00000000   Number         0  _chval.o ABSOLUTE
    ../clib/signal.c                         0x00000000   Number         0  defsig_pvfn_inner.o ABSOLUTE
    ../clib/signal.c                         0x00000000   Number         0  defsig_cppl_inner.o ABSOLUTE
    ../clib/signal.c                         0x00000000   Number         0  defsig_segv_inner.o ABSOLUTE
    ../clib/signal.c                         0x00000000   Number         0  defsig_other.o ABSOLUTE
    ../clib/signal.c                         0x00000000   Number         0  defsig_exit.o ABSOLUTE
    ../clib/signal.c                         0x00000000   Number         0  defsig_rtmem_inner.o ABSOLUTE
    ../clib/signal.c                         0x00000000   Number         0  __raise.o ABSOLUTE
    ../clib/signal.c                         0x00000000   Number         0  defsig_general.o ABSOLUTE
    ../clib/signal.c                         0x00000000   Number         0  defsig_rtmem_outer.o ABSOLUTE
    ../clib/signal.c                         0x00000000   Number         0  defsig_abrt_inner.o ABSOLUTE
    ../clib/signal.c                         0x00000000   Number         0  defsig_fpe_inner.o ABSOLUTE
    ../clib/signal.c                         0x00000000   Number         0  defsig_rtred_inner.o ABSOLUTE
    ../clib/signal.c                         0x00000000   Number         0  defsig_stak_inner.o ABSOLUTE
    ../clib/signal.c                         0x00000000   Number         0  defsig_rtmem_formal.o ABSOLUTE
    ../clib/signal.s                         0x00000000   Number         0  defsig.o ABSOLUTE
    ../clib/stdlib.c                         0x00000000   Number         0  exit.o ABSOLUTE
    ../fplib/d2f.s                           0x00000000   Number         0  d2f.o ABSOLUTE
    ../fplib/daddsub.s                       0x00000000   Number         0  daddsub_clz.o ABSOLUTE
    ../fplib/dcheck1.s                       0x00000000   Number         0  dcheck1.o ABSOLUTE
    ../fplib/dcmpi.s                         0x00000000   Number         0  dcmpi.o ABSOLUTE
    ../fplib/ddiv.s                          0x00000000   Number         0  ddiv.o ABSOLUTE
    ../fplib/deqf.s                          0x00000000   Number         0  deqf.o ABSOLUTE
    ../fplib/dfix.s                          0x00000000   Number         0  dfix.o ABSOLUTE
    ../fplib/dfixu.s                         0x00000000   Number         0  dfixu.o ABSOLUTE
    ../fplib/dflt.s                          0x00000000   Number         0  dflt_clz.o ABSOLUTE
    ../fplib/dleqf.s                         0x00000000   Number         0  dleqf.o ABSOLUTE
    ../fplib/dmul.s                          0x00000000   Number         0  dmul.o ABSOLUTE
    ../fplib/dnaninf.s                       0x00000000   Number         0  dnaninf.o ABSOLUTE
    ../fplib/dretinf.s                       0x00000000   Number         0  dretinf.o ABSOLUTE
    ../fplib/drleqf.s                        0x00000000   Number         0  drleqf.o ABSOLUTE
    ../fplib/dsqrt.s                         0x00000000   Number         0  dsqrt_umaal.o ABSOLUTE
    ../fplib/f2d.s                           0x00000000   Number         0  f2d.o ABSOLUTE
    ../fplib/fmul.s                          0x00000000   Number         0  fmul.o ABSOLUTE
    ../fplib/fnaninf.s                       0x00000000   Number         0  fnaninf.o ABSOLUTE
    ../fplib/fpconst.s                       0x00000000   Number         0  fpconst.o ABSOLUTE
    ../fplib/fpinit.s                        0x00000000   Number         0  fpinit.o ABSOLUTE
    ../fplib/fretinf.s                       0x00000000   Number         0  fretinf.o ABSOLUTE
    ../fplib/istatus.s                       0x00000000   Number         0  istatus.o ABSOLUTE
    ../fplib/printf1.s                       0x00000000   Number         0  printf1.o ABSOLUTE
    ../fplib/retnan.s                        0x00000000   Number         0  retnan.o ABSOLUTE
    ../fplib/scalbn.s                        0x00000000   Number         0  scalbn.o ABSOLUTE
    ../fplib/scanf1.s                        0x00000000   Number         0  scanf1.o ABSOLUTE
    ../fplib/scanf2.s                        0x00000000   Number         0  scanf2.o ABSOLUTE
    ../fplib/scanf2a.s                       0x00000000   Number         0  scanf2a.o ABSOLUTE
    ../fplib/scanf2b.s                       0x00000000   Number         0  scanf2b.o ABSOLUTE
    ../fplib/trapv.s                         0x00000000   Number         0  trapv.o ABSOLUTE
    ../fplib/usenofp.s                       0x00000000   Number         0  usenofp.o ABSOLUTE
    ../mathlib/acos.c                        0x00000000   Number         0  acos.o ABSOLUTE
    ../mathlib/acos.c                        0x00000000   Number         0  acos_x.o ABSOLUTE
    ../mathlib/cos.c                         0x00000000   Number         0  cos.o ABSOLUTE
    ../mathlib/cos.c                         0x00000000   Number         0  cos_x.o ABSOLUTE
    ../mathlib/cos_i.c                       0x00000000   Number         0  cos_i.o ABSOLUTE
    ../mathlib/dunder.c                      0x00000000   Number         0  dunder.o ABSOLUTE
    ../mathlib/fpclassify.c                  0x00000000   Number         0  fpclassify.o ABSOLUTE
    ../mathlib/frexp.c                       0x00000000   Number         0  frexp.o ABSOLUTE
    ../mathlib/ldexp.c                       0x00000000   Number         0  ldexp_x.o ABSOLUTE
    ../mathlib/ldexp.c                       0x00000000   Number         0  ldexp.o ABSOLUTE
    ../mathlib/narrow.c                      0x00000000   Number         0  narrow.o ABSOLUTE
    ../mathlib/poly.c                        0x00000000   Number         0  poly.o ABSOLUTE
    ../mathlib/qnan.c                        0x00000000   Number         0  qnan.o ABSOLUTE
    ../mathlib/rred.c                        0x00000000   Number         0  rred.o ABSOLUTE
    ../mathlib/sin.c                         0x00000000   Number         0  sin_x.o ABSOLUTE
    ../mathlib/sin.c                         0x00000000   Number         0  sin.o ABSOLUTE
    ../mathlib/sin_i.c                       0x00000000   Number         0  sin_i.o ABSOLUTE
    ../mathlib/sin_i.c                       0x00000000   Number         0  sin_i_x.o ABSOLUTE
    ../mathlib/sqrt.c                        0x00000000   Number         0  sqrt_x.o ABSOLUTE
    ../mathlib/sqrt.c                        0x00000000   Number         0  sqrt.o ABSOLUTE
    ../mathlib/strtold.c                     0x00000000   Number         0  strtold.o ABSOLUTE
    DIO_DRIVER.c                             0x00000000   Number         0  dio_driver.o ABSOLUTE
    EEPROM.c                                 0x00000000   Number         0  eeprom.o ABSOLUTE
    LCD_DRIVER.c                             0x00000000   Number         0  lcd_driver.o ABSOLUTE
    UART1.c                                  0x00000000   Number         0  uart1.o ABSOLUTE
    dc.s                                     0x00000000   Number         0  dc.o ABSOLUTE
    gps.c                                    0x00000000   Number         0  gps.o ABSOLUTE
    main.c                                   0x00000000   Number         0  main.o ABSOLUTE
    startup.s                                0x00000000   Number         0  startup.o ABSOLUTE
    sysTick.c                                0x00000000   Number         0  systick.o ABSOLUTE
    !!!main                                  0x00000284   Section        8  __main.o(!!!main)
    !!!scatter                               0x0000028c   Section       52  __scatter.o(!!!scatter)
    !!handler_zi                             0x000002c0   Section       28  __scatter_zi.o(!!handler_zi)
    .ARM.Collect$$_printf_percent$$00000000  0x000002dc   Section        0  _printf_percent.o(.ARM.Collect$$_printf_percent$$00000000)
    .ARM.Collect$$_printf_percent$$00000003  0x000002dc   Section        6  _printf_f.o(.ARM.Collect$$_printf_percent$$00000003)
    .ARM.Collect$$_printf_percent$$00000017  0x000002e2   Section        4  _printf_percent_end.o(.ARM.Collect$$_printf_percent$$00000017)
    .ARM.Collect$$libinit$$00000000          0x000002e6   Section        2  libinit.o(.ARM.Collect$$libinit$$00000000)
    .ARM.Collect$$libinit$$00000002          0x000002e8   Section        0  libinit2.o(.ARM.Collect$$libinit$$00000002)
    .ARM.Collect$$libinit$$00000008          0x000002e8   Section        0  libinit2.o(.ARM.Collect$$libinit$$00000008)
    .ARM.Collect$$libinit$$0000000A          0x000002e8   Section        0  libinit2.o(.ARM.Collect$$libinit$$0000000A)
    .ARM.Collect$$libinit$$0000000C          0x000002e8   Section        0  libinit2.o(.ARM.Collect$$libinit$$0000000C)
    .ARM.Collect$$libinit$$0000000D          0x000002e8   Section        6  libinit2.o(.ARM.Collect$$libinit$$0000000D)
    .ARM.Collect$$libinit$$0000000F          0x000002ee   Section        0  libinit2.o(.ARM.Collect$$libinit$$0000000F)
    .ARM.Collect$$libinit$$00000010          0x000002ee   Section       12  libinit2.o(.ARM.Collect$$libinit$$00000010)
    .ARM.Collect$$libinit$$00000011          0x000002fa   Section        0  libinit2.o(.ARM.Collect$$libinit$$00000011)
    .ARM.Collect$$libinit$$00000013          0x000002fa   Section        0  libinit2.o(.ARM.Collect$$libinit$$00000013)
    .ARM.Collect$$libinit$$00000014          0x000002fa   Section       10  libinit2.o(.ARM.Collect$$libinit$$00000014)
    .ARM.Collect$$libinit$$00000015          0x00000304   Section        0  libinit2.o(.ARM.Collect$$libinit$$00000015)
    .ARM.Collect$$libinit$$00000017          0x00000304   Section        0  libinit2.o(.ARM.Collect$$libinit$$00000017)
    .ARM.Collect$$libinit$$00000019          0x00000304   Section        0  libinit2.o(.ARM.Collect$$libinit$$00000019)
    .ARM.Collect$$libinit$$0000001B          0x00000304   Section        0  libinit2.o(.ARM.Collect$$libinit$$0000001B)
    .ARM.Collect$$libinit$$0000001D          0x00000304   Section        0  libinit2.o(.ARM.Collect$$libinit$$0000001D)
    .ARM.Collect$$libinit$$0000001F          0x00000304   Section        0  libinit2.o(.ARM.Collect$$libinit$$0000001F)
    .ARM.Collect$$libinit$$00000021          0x00000304   Section        0  libinit2.o(.ARM.Collect$$libinit$$00000021)
    .ARM.Collect$$libinit$$00000023          0x00000304   Section        0  libinit2.o(.ARM.Collect$$libinit$$00000023)
    .ARM.Collect$$libinit$$0000002A          0x00000304   Section        0  libinit2.o(.ARM.Collect$$libinit$$0000002A)
    .ARM.Collect$$libinit$$0000002C          0x00000304   Section        0  libinit2.o(.ARM.Collect$$libinit$$0000002C)
    .ARM.Collect$$libinit$$0000002E          0x00000304   Section        0  libinit2.o(.ARM.Collect$$libinit$$0000002E)
    .ARM.Collect$$libinit$$00000030          0x00000304   Section        0  libinit2.o(.ARM.Collect$$libinit$$00000030)
    .ARM.Collect$$libinit$$00000031          0x00000304   Section        2  libinit2.o(.ARM.Collect$$libinit$$00000031)
    .ARM.Collect$$libshutdown$$00000000      0x00000306   Section        2  libshutdown.o(.ARM.Collect$$libshutdown$$00000000)
    .ARM.Collect$$libshutdown$$00000003      0x00000308   Section        0  libshutdown2.o(.ARM.Collect$$libshutdown$$00000003)
    .ARM.Collect$$libshutdown$$00000006      0x00000308   Section        0  libshutdown2.o(.ARM.Collect$$libshutdown$$00000006)
    .ARM.Collect$$libshutdown$$00000009      0x00000308   Section        0  libshutdown2.o(.ARM.Collect$$libshutdown$$00000009)
    .ARM.Collect$$libshutdown$$0000000B      0x00000308   Section        0  libshutdown2.o(.ARM.Collect$$libshutdown$$0000000B)
    .ARM.Collect$$libshutdown$$0000000E      0x00000308   Section        0  libshutdown2.o(.ARM.Collect$$libshutdown$$0000000E)
    .ARM.Collect$$libshutdown$$0000000F      0x00000308   Section        2  libshutdown2.o(.ARM.Collect$$libshutdown$$0000000F)
    .ARM.Collect$$rtentry$$00000000          0x0000030a   Section        0  rtentry.o(.ARM.Collect$$rtentry$$00000000)
    .ARM.Collect$$rtentry$$00000002          0x0000030a   Section        0  rtentry2.o(.ARM.Collect$$rtentry$$00000002)
    .ARM.Collect$$rtentry$$00000004          0x0000030a   Section        6  rtentry4.o(.ARM.Collect$$rtentry$$00000004)
    .ARM.Collect$$rtentry$$00000009          0x00000310   Section        0  rtentry2.o(.ARM.Collect$$rtentry$$00000009)
    .ARM.Collect$$rtentry$$0000000A          0x00000310   Section        4  rtentry2.o(.ARM.Collect$$rtentry$$0000000A)
    .ARM.Collect$$rtentry$$0000000C          0x00000314   Section        0  rtentry2.o(.ARM.Collect$$rtentry$$0000000C)
    .ARM.Collect$$rtentry$$0000000D          0x00000314   Section        8  rtentry2.o(.ARM.Collect$$rtentry$$0000000D)
    .ARM.Collect$$rtexit$$00000000           0x0000031c   Section        2  rtexit.o(.ARM.Collect$$rtexit$$00000000)
    .ARM.Collect$$rtexit$$00000002           0x0000031e   Section        0  rtexit2.o(.ARM.Collect$$rtexit$$00000002)
    .ARM.Collect$$rtexit$$00000003           0x0000031e   Section        4  rtexit2.o(.ARM.Collect$$rtexit$$00000003)
    .ARM.Collect$$rtexit$$00000004           0x00000322   Section        6  rtexit2.o(.ARM.Collect$$rtexit$$00000004)
    .text                                    0x00000328   Section       48  startup.o(.text)
    .text                                    0x00000358   Section        0  noretval__2sprintf.o(.text)
    .text                                    0x00000380   Section        0  __printf_ss.o(.text)
    .text                                    0x00000438   Section        0  heapauxi.o(.text)
    .text                                    0x0000043e   Section        0  _rserrno.o(.text)
    .text                                    0x00000454   Section        0  _printf_fp_dec.o(.text)
    _fp_digits                               0x00000457   Thumb Code   426  _printf_fp_dec.o(.text)
    .text                                    0x00000874   Section        0  _printf_char_common.o(.text)
    _printf_input_char                       0x00000875   Thumb Code    10  _printf_char_common.o(.text)
    .text                                    0x000008a4   Section        0  _sputc.o(.text)
    .text                                    0x000008b0   Section        0  strtod.o(.text)
    _local_sscanf                            0x000008b1   Thumb Code    60  strtod.o(.text)
    .text                                    0x00000950   Section        8  rt_locale_intlibspace.o(.text)
    .text                                    0x00000958   Section        8  rt_errno_addr_intlibspace.o(.text)
    .text                                    0x00000960   Section      138  lludiv10.o(.text)
    .text                                    0x000009ea   Section        0  isspace.o(.text)
    .text                                    0x000009fc   Section        0  _printf_fp_infnan.o(.text)
    .text                                    0x00000a7c   Section        0  _sgetc.o(.text)
    .text                                    0x00000abc   Section        0  bigflt0.o(.text)
    .text                                    0x00000ba0   Section        8  libspace.o(.text)
    .text                                    0x00000ba8   Section       74  sys_stackheap_outer.o(.text)
    .text                                    0x00000bf4   Section       16  rt_ctype_table.o(.text)
    .text                                    0x00000c04   Section        0  scanf_fp.o(.text)
    _fp_value                                0x00000c05   Thumb Code   504  scanf_fp.o(.text)
    .text                                    0x000010a8   Section        0  exit.o(.text)
    .text                                    0x000010b4   Section      128  strcmpv7m.o(.text)
    .text                                    0x00001134   Section        0  scanf_hexfp.o(.text)
    .text                                    0x00001448   Section        0  scanf_infnan.o(.text)
    .text                                    0x00001584   Section        0  sys_exit.o(.text)
    .text                                    0x00001590   Section       38  llshl.o(.text)
    .text                                    0x000015b6   Section        0  _chval.o(.text)
    .text                                    0x000015d2   Section        2  use_no_semi.o(.text)
    .text                                    0x000015d4   Section        0  indicate_semi.o(.text)
    CL$$btod_d2e                             0x000015d4   Section       62  btod.o(CL$$btod_d2e)
    CL$$btod_d2e_denorm_low                  0x00001612   Section       70  btod.o(CL$$btod_d2e_denorm_low)
    CL$$btod_d2e_norm_op1                    0x00001658   Section       96  btod.o(CL$$btod_d2e_norm_op1)
    CL$$btod_div_common                      0x000016b8   Section      824  btod.o(CL$$btod_div_common)
    CL$$btod_e2d                             0x000019f0   Section       84  btod.o(CL$$btod_e2d)
    CL$$btod_e2e                             0x00001a44   Section      198  btod.o(CL$$btod_e2e)
    CL$$btod_ediv                            0x00001b0a   Section       40  btod.o(CL$$btod_ediv)
    CL$$btod_edivd                           0x00001b32   Section       40  btod.o(CL$$btod_edivd)
    CL$$btod_emul                            0x00001b5a   Section       40  btod.o(CL$$btod_emul)
    CL$$btod_emuld                           0x00001b82   Section       40  btod.o(CL$$btod_emuld)
    CL$$btod_mult_common                     0x00001baa   Section      580  btod.o(CL$$btod_mult_common)
    i.EEPROM_Init                            0x00001df0   Section        0  eeprom.o(i.EEPROM_Init)
    i.Erase                                  0x00001e10   Section        0  eeprom.o(i.Erase)
    i.LCD_WriteCommand                       0x00001e2c   Section        0  lcd_driver.o(i.LCD_WriteCommand)
    i.LCD_WriteData                          0x00001e80   Section        0  lcd_driver.o(i.LCD_WriteData)
    i.Lcd_init                               0x00001ee0   Section        0  lcd_driver.o(i.Lcd_init)
    i.Portb_Init_output                      0x00001f14   Section        0  dio_driver.o(i.Portb_Init_output)
    i.Portf_Init_input_Output                0x00001f80   Section        0  dio_driver.o(i.Portf_Init_input_Output)
    i.SendData_UART0                         0x00001fec   Section        0  uart1.o(i.SendData_UART0)
    i.UART0_Init                             0x00002004   Section        0  uart1.o(i.UART0_Init)
    i.UART_Init                              0x00002094   Section        0  uart1.o(i.UART_Init)
    i.__ARM_fpclassify                       0x00002120   Section        0  fpclassify.o(i.__ARM_fpclassify)
    i.__mathlib_dbl_underflow                0x00002148   Section        0  dunder.o(i.__mathlib_dbl_underflow)
    i.__mathlib_narrow                       0x00002158   Section        0  narrow.o(i.__mathlib_narrow)
    i.__mathlib_tofloat                      0x00002168   Section        0  narrow.o(i.__mathlib_tofloat)
    i.__support_ldexp                        0x000021f0   Section        0  ldexp.o(i.__support_ldexp)
    i._is_digit                              0x00002206   Section        0  __printf_wp.o(i._is_digit)
    i.frexp                                  0x00002214   Section        0  frexp.o(i.frexp)
    i.ldexp                                  0x0000226c   Section        0  ldexp.o(i.ldexp)
    i.main                                   0x000022ec   Section        0  main.o(i.main)
    i.porta_init_output                      0x00002364   Section        0  dio_driver.o(i.porta_init_output)
    i.readData                               0x000023d8   Section        0  eeprom.o(i.readData)
    i.sendString_Uart0                       0x0000241c   Section        0  uart1.o(i.sendString_Uart0)
    i.set_block_and_offset                   0x00002434   Section        0  eeprom.o(i.set_block_and_offset)
    i.strtold                                0x00002440   Section        0  strtold.o(i.strtold)
    i.sysTickInit                            0x0000245c   Section        0  systick.o(i.sysTickInit)
    i.sysTickWait                            0x0000246c   Section        0  systick.o(i.sysTickWait)
    i.sysTickWait1Ms                         0x00002484   Section        0  systick.o(i.sysTickWait1Ms)
    i.writeData                              0x0000249c   Section        0  eeprom.o(i.writeData)
    locale$$code                             0x000024f4   Section       44  lc_numeric_c.o(locale$$code)
    locale$$code                             0x00002520   Section       44  lc_ctype_c.o(locale$$code)
    x$fpl$d2f                                0x0000254c   Section       98  d2f.o(x$fpl$d2f)
    x$fpl$dcheck1                            0x000025b0   Section       16  dcheck1.o(x$fpl$dcheck1)
    x$fpl$dcmpinf                            0x000025c0   Section       24  dcmpi.o(x$fpl$dcmpinf)
    x$fpl$deqf                               0x000025d8   Section      120  deqf.o(x$fpl$deqf)
    x$fpl$dleqf                              0x00002650   Section      120  dleqf.o(x$fpl$dleqf)
    x$fpl$dnaninf                            0x000026c8   Section      156  dnaninf.o(x$fpl$dnaninf)
    x$fpl$drleqf                             0x00002764   Section      108  drleqf.o(x$fpl$drleqf)
    x$fpl$fretinf                            0x000027d0   Section       10  fretinf.o(x$fpl$fretinf)
    x$fpl$printf1                            0x000027da   Section        4  printf1.o(x$fpl$printf1)
    x$fpl$retnan                             0x000027de   Section      100  retnan.o(x$fpl$retnan)
    x$fpl$scalbn                             0x00002842   Section       92  scalbn.o(x$fpl$scalbn)
    x$fpl$scanf1                             0x0000289e   Section        4  scanf1.o(x$fpl$scanf1)
    x$fpl$scanf2                             0x000028a2   Section        8  scanf2.o(x$fpl$scanf2)
    x$fpl$trapveneer                         0x000028aa   Section       48  trapv.o(x$fpl$trapveneer)
    x$fpl$usenofp                            0x000028da   Section        0  usenofp.o(x$fpl$usenofp)
    .constdata                               0x000028dc   Section      148  bigflt0.o(.constdata)
    tenpwrs_x                                0x000028dc   Data          60  bigflt0.o(.constdata)
    tenpwrs_i                                0x00002918   Data          64  bigflt0.o(.constdata)
    c$$dinf                                  0x00002980   Section        8  fpconst.o(c$$dinf)
    locale$$data                             0x00002988   Section       28  lc_numeric_c.o(locale$$data)
    __lcnum_c_name                           0x0000298c   Data           2  lc_numeric_c.o(locale$$data)
    __lcnum_c_start                          0x00002994   Data           0  lc_numeric_c.o(locale$$data)
    __lcnum_c_point                          0x000029a0   Data           0  lc_numeric_c.o(locale$$data)
    __lcnum_c_thousands                      0x000029a2   Data           0  lc_numeric_c.o(locale$$data)
    __lcnum_c_grouping                       0x000029a3   Data           0  lc_numeric_c.o(locale$$data)
    locale$$data                             0x000029a4   Section      272  lc_ctype_c.o(locale$$data)
    __lcnum_c_end                            0x000029a4   Data           0  lc_numeric_c.o(locale$$data)
    __lcctype_c_name                         0x000029a8   Data           2  lc_ctype_c.o(locale$$data)
    __lcctype_c_start                        0x000029b0   Data           0  lc_ctype_c.o(locale$$data)
    __lcctype_c_end                          0x00002ab4   Data           0  lc_ctype_c.o(locale$$data)
    .bss                                     0x20000000   Section       15  main.o(.bss)
    .bss                                     0x20000010   Section       96  libspace.o(.bss)
    HEAP                                     0x20000070   Section        0  startup.o(HEAP)
    STACK                                    0x20000070   Section     1024  startup.o(STACK)
    HeapMem                                  0x20000070   Data           0  startup.o(HEAP)
    StackMem                                 0x20000070   Data           0  startup.o(STACK)

    Global Symbols

    Symbol Name                              Value     Ov Type        Size  Object(Section)

    BuildAttributes$$THM_ISAv4$E$P$D$K$B$S$7EM$PE$A:L22UL41UL21$X:L11$S22US41US21$IEEE1$IW$USESV6$~STKCKD$USESV7$~SHL$OTIME$ROPI$IEEEX$EBA8$UX$STANDARDLIB$REQ8$PRES8$EABIv2 0x00000000   Number         0  anon$$obj.o ABSOLUTE
    __ARM_use_no_argv                        0x00000000   Number         0  main.o ABSOLUTE
    __Vectors                                0x00000000   Data           0  startup.o(RESET)
    _printf_flags                            0x00000000   Number         0  printf_stubs.o ABSOLUTE
    _printf_return_value                     0x00000000   Number         0  printf_stubs.o ABSOLUTE
    _printf_sizespec                         0x00000000   Number         0  printf_stubs.o ABSOLUTE
    _printf_widthprec                        0x00000000   Number         0  printf_stubs.o ABSOLUTE
    __ARM_exceptions_init                     - Undefined Weak Reference
    __alloca_initialize                       - Undefined Weak Reference
    __cpp_initialize__aeabi_                  - Undefined Weak Reference
    __cxa_finalize                            - Undefined Weak Reference
    __sigvec_lookup                           - Undefined Weak Reference
    _atexit_init                              - Undefined Weak Reference
    _call_atexit_fns                          - Undefined Weak Reference
    _clock_init                               - Undefined Weak Reference
    _fp_trap_init                             - Undefined Weak Reference
    _fp_trap_shutdown                         - Undefined Weak Reference
    _get_lc_collate                           - Undefined Weak Reference
    _get_lc_monetary                          - Undefined Weak Reference
    _get_lc_time                              - Undefined Weak Reference
    _getenv_init                              - Undefined Weak Reference
    _handle_redirection                       - Undefined Weak Reference
    _init_alloc                               - Undefined Weak Reference
    _init_user_alloc                          - Undefined Weak Reference
    _initio                                   - Undefined Weak Reference
    _printf_post_padding                      - Undefined Weak Reference
    _printf_pre_padding                       - Undefined Weak Reference
    _rand_init                                - Undefined Weak Reference
    _signal_finish                            - Undefined Weak Reference
    _signal_init                              - Undefined Weak Reference
    _terminate_alloc                          - Undefined Weak Reference
    _terminate_user_alloc                     - Undefined Weak Reference
    _terminateio                              - Undefined Weak Reference
    Reset_Handler                            0x0000026d   Thumb Code     0  startup.o(RESET)
    NMI_Handler                              0x00000271   Thumb Code     2  startup.o(RESET)
    HardFault_Handler                        0x00000273   Thumb Code     2  startup.o(RESET)
    MemManage_Handler                        0x00000275   Thumb Code     2  startup.o(RESET)
    BusFault_Handler                         0x00000277   Thumb Code     2  startup.o(RESET)
    UsageFault_Handler                       0x00000279   Thumb Code     2  startup.o(RESET)
    SVC_Handler                              0x0000027b   Thumb Code     2  startup.o(RESET)
    DebugMon_Handler                         0x0000027d   Thumb Code     2  startup.o(RESET)
    PendSV_Handler                           0x0000027f   Thumb Code     2  startup.o(RESET)
    SysTick_Handler                          0x00000281   Thumb Code     2  startup.o(RESET)
    ADC0Seq0_Handler                         0x00000283   Thumb Code     0  startup.o(RESET)
    ADC0Seq1_Handler                         0x00000283   Thumb Code     0  startup.o(RESET)
    ADC0Seq2_Handler                         0x00000283   Thumb Code     0  startup.o(RESET)
    ADC0Seq3_Handler                         0x00000283   Thumb Code     0  startup.o(RESET)
    ADC1Seq0_Handler                         0x00000283   Thumb Code     0  startup.o(RESET)
    ADC1Seq1_Handler                         0x00000283   Thumb Code     0  startup.o(RESET)
    ADC1Seq2_Handler                         0x00000283   Thumb Code     0  startup.o(RESET)
    ADC1Seq3_Handler                         0x00000283   Thumb Code     0  startup.o(RESET)
    CAN0_Handler                             0x00000283   Thumb Code     0  startup.o(RESET)
    CAN1_Handler                             0x00000283   Thumb Code     0  startup.o(RESET)
    CAN2_Handler                             0x00000283   Thumb Code     0  startup.o(RESET)
    Comp0_Handler                            0x00000283   Thumb Code     0  startup.o(RESET)
    Comp1_Handler                            0x00000283   Thumb Code     0  startup.o(RESET)
    Comp2_Handler                            0x00000283   Thumb Code     0  startup.o(RESET)
    Ethernet_Handler                         0x00000283   Thumb Code     0  startup.o(RESET)
    ExtBus_Handler                           0x00000283   Thumb Code     0  startup.o(RESET)
    FPU_Handler                              0x00000283   Thumb Code     0  startup.o(RESET)
    Fan0_Handler                             0x00000283   Thumb Code     0  startup.o(RESET)
    FlashCtl_Handler                         0x00000283   Thumb Code     0  startup.o(RESET)
    GPIOPortA_Handler                        0x00000283   Thumb Code     0  startup.o(RESET)
    GPIOPortB_Handler                        0x00000283   Thumb Code     0  startup.o(RESET)
    GPIOPortC_Handler                        0x00000283   Thumb Code     0  startup.o(RESET)
    GPIOPortD_Handler                        0x00000283   Thumb Code     0  startup.o(RESET)
    GPIOPortE_Handler                        0x00000283   Thumb Code     0  startup.o(RESET)
    GPIOPortF_Handler                        0x00000283   Thumb Code     0  startup.o(RESET)
    GPIOPortG_Handler                        0x00000283   Thumb Code     0  startup.o(RESET)
    GPIOPortH_Handler                        0x00000283   Thumb Code     0  startup.o(RESET)
    GPIOPortJ_Handler                        0x00000283   Thumb Code     0  startup.o(RESET)
    GPIOPortK_Handler                        0x00000283   Thumb Code     0  startup.o(RESET)
    GPIOPortL_Handler                        0x00000283   Thumb Code     0  startup.o(RESET)
    GPIOPortM_Handler                        0x00000283   Thumb Code     0  startup.o(RESET)
    GPIOPortN_Handler                        0x00000283   Thumb Code     0  startup.o(RESET)
    GPIOPortP1_Handler                       0x00000283   Thumb Code     0  startup.o(RESET)
    GPIOPortP2_Handler                       0x00000283   Thumb Code     0  startup.o(RESET)
    GPIOPortP3_Handler                       0x00000283   Thumb Code     0  startup.o(RESET)
    GPIOPortP4_Handler                       0x00000283   Thumb Code     0  startup.o(RESET)
    GPIOPortP5_Handler                       0x00000283   Thumb Code     0  startup.o(RESET)
    GPIOPortP6_Handler                       0x00000283   Thumb Code     0  startup.o(RESET)
    GPIOPortP7_Handler                       0x00000283   Thumb Code     0  startup.o(RESET)
    GPIOPortP_Handler                        0x00000283   Thumb Code     0  startup.o(RESET)
    GPIOPortQ1_Handler                       0x00000283   Thumb Code     0  startup.o(RESET)
    GPIOPortQ2_Handler                       0x00000283   Thumb Code     0  startup.o(RESET)
    GPIOPortQ3_Handler                       0x00000283   Thumb Code     0  startup.o(RESET)
    GPIOPortQ4_Handler                       0x00000283   Thumb Code     0  startup.o(RESET)
    GPIOPortQ5_Handler                       0x00000283   Thumb Code     0  startup.o(RESET)
    GPIOPortQ6_Handler                       0x00000283   Thumb Code     0  startup.o(RESET)
    GPIOPortQ7_Handler                       0x00000283   Thumb Code     0  startup.o(RESET)
    GPIOPortQ_Handler                        0x00000283   Thumb Code     0  startup.o(RESET)
    GPIOPortR_Handler                        0x00000283   Thumb Code     0  startup.o(RESET)
    GPIOPortS_Handler                        0x00000283   Thumb Code     0  startup.o(RESET)
    Hibernate_Handler                        0x00000283   Thumb Code     0  startup.o(RESET)
    I2C0_Handler                             0x00000283   Thumb Code     0  startup.o(RESET)
    I2C1_Handler                             0x00000283   Thumb Code     0  startup.o(RESET)
    I2C2_Handler                             0x00000283   Thumb Code     0  startup.o(RESET)
    I2C3_Handler                             0x00000283   Thumb Code     0  startup.o(RESET)
    I2C4_Handler                             0x00000283   Thumb Code     0  startup.o(RESET)
    I2C5_Handler                             0x00000283   Thumb Code     0  startup.o(RESET)
    I2S0_Handler                             0x00000283   Thumb Code     0  startup.o(RESET)
    LPC0_Handler                             0x00000283   Thumb Code     0  startup.o(RESET)
    PECI0_Handler                            0x00000283   Thumb Code     0  startup.o(RESET)
    PWM0Fault_Handler                        0x00000283   Thumb Code     0  startup.o(RESET)
    PWM0Generator0_Handler                   0x00000283   Thumb Code     0  startup.o(RESET)
    PWM0Generator1_Handler                   0x00000283   Thumb Code     0  startup.o(RESET)
    PWM0Generator2_Handler                   0x00000283   Thumb Code     0  startup.o(RESET)
    PWM0Generator3_Handler                   0x00000283   Thumb Code     0  startup.o(RESET)
    PWM1Fault_Handler                        0x00000283   Thumb Code     0  startup.o(RESET)
    PWM1Generator0_Handler                   0x00000283   Thumb Code     0  startup.o(RESET)
    PWM1Generator1_Handler                   0x00000283   Thumb Code     0  startup.o(RESET)
    PWM1Generator2_Handler                   0x00000283   Thumb Code     0  startup.o(RESET)
    PWM1Generator3_Handler                   0x00000283   Thumb Code     0  startup.o(RESET)
    Quadrature0_Handler                      0x00000283   Thumb Code     0  startup.o(RESET)
    Quadrature1_Handler                      0x00000283   Thumb Code     0  startup.o(RESET)
    Quadrature2_Handler                      0x00000283   Thumb Code     0  startup.o(RESET)
    SSI0_Handler                             0x00000283   Thumb Code     0  startup.o(RESET)
    SSI1_Handler                             0x00000283   Thumb Code     0  startup.o(RESET)
    SSI2_Handler                             0x00000283   Thumb Code     0  startup.o(RESET)
    SSI3_Handler                             0x00000283   Thumb Code     0  startup.o(RESET)
    SysCtl_Handler                           0x00000283   Thumb Code     0  startup.o(RESET)
    Timer0A_Handler                          0x00000283   Thumb Code     0  startup.o(RESET)
    Timer0B_Handler                          0x00000283   Thumb Code     0  startup.o(RESET)
    Timer1A_Handler                          0x00000283   Thumb Code     0  startup.o(RESET)
    Timer1B_Handler                          0x00000283   Thumb Code     0  startup.o(RESET)
    Timer2A_Handler                          0x00000283   Thumb Code     0  startup.o(RESET)
    Timer2B_Handler                          0x00000283   Thumb Code     0  startup.o(RESET)
    Timer3A_Handler                          0x00000283   Thumb Code     0  startup.o(RESET)
    Timer3B_Handler                          0x00000283   Thumb Code     0  startup.o(RESET)
    Timer4A_Handler                          0x00000283   Thumb Code     0  startup.o(RESET)
    Timer4B_Handler                          0x00000283   Thumb Code     0  startup.o(RESET)
    Timer5A_Handler                          0x00000283   Thumb Code     0  startup.o(RESET)
    Timer5B_Handler                          0x00000283   Thumb Code     0  startup.o(RESET)
    UART0_Handler                            0x00000283   Thumb Code     0  startup.o(RESET)
    UART1_Handler                            0x00000283   Thumb Code     0  startup.o(RESET)
    UART2_Handler                            0x00000283   Thumb Code     0  startup.o(RESET)
    UART3_Handler                            0x00000283   Thumb Code     0  startup.o(RESET)
    UART4_Handler                            0x00000283   Thumb Code     0  startup.o(RESET)
    UART5_Handler                            0x00000283   Thumb Code     0  startup.o(RESET)
    UART6_Handler                            0x00000283   Thumb Code     0  startup.o(RESET)
    UART7_Handler                            0x00000283   Thumb Code     0  startup.o(RESET)
    USB0_Handler                             0x00000283   Thumb Code     0  startup.o(RESET)
    WDT_Handler                              0x00000283   Thumb Code     0  startup.o(RESET)
    WideTimer0A_Handler                      0x00000283   Thumb Code     0  startup.o(RESET)
    WideTimer0B_Handler                      0x00000283   Thumb Code     0  startup.o(RESET)
    WideTimer1A_Handler                      0x00000283   Thumb Code     0  startup.o(RESET)
    WideTimer1B_Handler                      0x00000283   Thumb Code     0  startup.o(RESET)
    WideTimer2A_Handler                      0x00000283   Thumb Code     0  startup.o(RESET)
    WideTimer2B_Handler                      0x00000283   Thumb Code     0  startup.o(RESET)
    WideTimer3A_Handler                      0x00000283   Thumb Code     0  startup.o(RESET)
    WideTimer3B_Handler                      0x00000283   Thumb Code     0  startup.o(RESET)
    WideTimer4A_Handler                      0x00000283   Thumb Code     0  startup.o(RESET)
    WideTimer4B_Handler                      0x00000283   Thumb Code     0  startup.o(RESET)
    WideTimer5A_Handler                      0x00000283   Thumb Code     0  startup.o(RESET)
    WideTimer5B_Handler                      0x00000283   Thumb Code     0  startup.o(RESET)
    uDMA_Error                               0x00000283   Thumb Code     0  startup.o(RESET)
    uDMA_Handler                             0x00000283   Thumb Code     0  startup.o(RESET)
    __main                                   0x00000285   Thumb Code     8  __main.o(!!!main)
    __scatterload                            0x0000028d   Thumb Code     0  __scatter.o(!!!scatter)
    __scatterload_rt2                        0x0000028d   Thumb Code    44  __scatter.o(!!!scatter)
    __scatterload_rt2_thumb_only             0x0000028d   Thumb Code     0  __scatter.o(!!!scatter)
    __scatterload_null                       0x0000029b   Thumb Code     0  __scatter.o(!!!scatter)
    __scatterload_zeroinit                   0x000002c1   Thumb Code    28  __scatter_zi.o(!!handler_zi)
    _printf_f                                0x000002dd   Thumb Code     0  _printf_f.o(.ARM.Collect$$_printf_percent$$00000003)
    _printf_percent                          0x000002dd   Thumb Code     0  _printf_percent.o(.ARM.Collect$$_printf_percent$$00000000)
    _printf_percent_end                      0x000002e3   Thumb Code     0  _printf_percent_end.o(.ARM.Collect$$_printf_percent$$00000017)
    __rt_lib_init                            0x000002e7   Thumb Code     0  libinit.o(.ARM.Collect$$libinit$$00000000)
    __rt_lib_init_fp_1                       0x000002e9   Thumb Code     0  libinit2.o(.ARM.Collect$$libinit$$00000002)
    __rt_lib_init_heap_1                     0x000002e9   Thumb Code     0  libinit2.o(.ARM.Collect$$libinit$$00000008)
    __rt_lib_init_lc_common                  0x000002e9   Thumb Code     0  libinit2.o(.ARM.Collect$$libinit$$0000000D)
    __rt_lib_init_rand_1                     0x000002e9   Thumb Code     0  libinit2.o(.ARM.Collect$$libinit$$0000000C)
    __rt_lib_init_user_alloc_1               0x000002e9   Thumb Code     0  libinit2.o(.ARM.Collect$$libinit$$0000000A)
    __rt_lib_init_lc_collate_1               0x000002ef   Thumb Code     0  libinit2.o(.ARM.Collect$$libinit$$0000000F)
    __rt_lib_init_lc_ctype_2                 0x000002ef   Thumb Code     0  libinit2.o(.ARM.Collect$$libinit$$00000010)
    __rt_lib_init_lc_ctype_1                 0x000002fb   Thumb Code     0  libinit2.o(.ARM.Collect$$libinit$$00000011)
    __rt_lib_init_lc_monetary_1              0x000002fb   Thumb Code     0  libinit2.o(.ARM.Collect$$libinit$$00000013)
    __rt_lib_init_lc_numeric_2               0x000002fb   Thumb Code     0  libinit2.o(.ARM.Collect$$libinit$$00000014)
    __rt_lib_init_alloca_1                   0x00000305   Thumb Code     0  libinit2.o(.ARM.Collect$$libinit$$0000002C)
    __rt_lib_init_argv_1                     0x00000305   Thumb Code     0  libinit2.o(.ARM.Collect$$libinit$$0000002A)
    __rt_lib_init_atexit_1                   0x00000305   Thumb Code     0  libinit2.o(.ARM.Collect$$libinit$$00000019)
    __rt_lib_init_clock_1                    0x00000305   Thumb Code     0  libinit2.o(.ARM.Collect$$libinit$$0000001F)
    __rt_lib_init_cpp_1                      0x00000305   Thumb Code     0  libinit2.o(.ARM.Collect$$libinit$$00000030)
    __rt_lib_init_exceptions_1               0x00000305   Thumb Code     0  libinit2.o(.ARM.Collect$$libinit$$0000002E)
    __rt_lib_init_fp_trap_1                  0x00000305   Thumb Code     0  libinit2.o(.ARM.Collect$$libinit$$0000001D)
    __rt_lib_init_getenv_1                   0x00000305   Thumb Code     0  libinit2.o(.ARM.Collect$$libinit$$00000021)
    __rt_lib_init_lc_numeric_1               0x00000305   Thumb Code     0  libinit2.o(.ARM.Collect$$libinit$$00000015)
    __rt_lib_init_lc_time_1                  0x00000305   Thumb Code     0  libinit2.o(.ARM.Collect$$libinit$$00000017)
    __rt_lib_init_return                     0x00000305   Thumb Code     0  libinit2.o(.ARM.Collect$$libinit$$00000031)
    __rt_lib_init_signal_1                   0x00000305   Thumb Code     0  libinit2.o(.ARM.Collect$$libinit$$0000001B)
    __rt_lib_init_stdio_1                    0x00000305   Thumb Code     0  libinit2.o(.ARM.Collect$$libinit$$00000023)
    __rt_lib_shutdown                        0x00000307   Thumb Code     0  libshutdown.o(.ARM.Collect$$libshutdown$$00000000)
    __rt_lib_shutdown_fp_trap_1              0x00000309   Thumb Code     0  libshutdown2.o(.ARM.Collect$$libshutdown$$00000006)
    __rt_lib_shutdown_heap_1                 0x00000309   Thumb Code     0  libshutdown2.o(.ARM.Collect$$libshutdown$$0000000E)
    __rt_lib_shutdown_return                 0x00000309   Thumb Code     0  libshutdown2.o(.ARM.Collect$$libshutdown$$0000000F)
    __rt_lib_shutdown_signal_1               0x00000309   Thumb Code     0  libshutdown2.o(.ARM.Collect$$libshutdown$$00000009)
    __rt_lib_shutdown_stdio_1                0x00000309   Thumb Code     0  libshutdown2.o(.ARM.Collect$$libshutdown$$00000003)
    __rt_lib_shutdown_user_alloc_1           0x00000309   Thumb Code     0  libshutdown2.o(.ARM.Collect$$libshutdown$$0000000B)
    __rt_entry                               0x0000030b   Thumb Code     0  rtentry.o(.ARM.Collect$$rtentry$$00000000)
    __rt_entry_presh_1                       0x0000030b   Thumb Code     0  rtentry2.o(.ARM.Collect$$rtentry$$00000002)
    __rt_entry_sh                            0x0000030b   Thumb Code     0  rtentry4.o(.ARM.Collect$$rtentry$$00000004)
    __rt_entry_li                            0x00000311   Thumb Code     0  rtentry2.o(.ARM.Collect$$rtentry$$0000000A)
    __rt_entry_postsh_1                      0x00000311   Thumb Code     0  rtentry2.o(.ARM.Collect$$rtentry$$00000009)
    __rt_entry_main                          0x00000315   Thumb Code     0  rtentry2.o(.ARM.Collect$$rtentry$$0000000D)
    __rt_entry_postli_1                      0x00000315   Thumb Code     0  rtentry2.o(.ARM.Collect$$rtentry$$0000000C)
    __rt_exit                                0x0000031d   Thumb Code     0  rtexit.o(.ARM.Collect$$rtexit$$00000000)
    __rt_exit_ls                             0x0000031f   Thumb Code     0  rtexit2.o(.ARM.Collect$$rtexit$$00000003)
    __rt_exit_prels_1                        0x0000031f   Thumb Code     0  rtexit2.o(.ARM.Collect$$rtexit$$00000002)
    __rt_exit_exit                           0x00000323   Thumb Code     0  rtexit2.o(.ARM.Collect$$rtexit$$00000004)
    DisableInterrupts                        0x00000329   Thumb Code     0  startup.o(.text)
    EnableInterrupts                         0x0000032d   Thumb Code     0  startup.o(.text)
    StartCritical                            0x00000331   Thumb Code     0  startup.o(.text)
    EndCritical                              0x00000339   Thumb Code     0  startup.o(.text)
    WaitForInterrupt                         0x0000033f   Thumb Code     0  startup.o(.text)
    __user_initial_stackheap                 0x00000343   Thumb Code     0  startup.o(.text)
    __2sprintf                               0x00000359   Thumb Code    34  noretval__2sprintf.o(.text)
    __printf                                 0x00000381   Thumb Code   184  __printf_ss.o(.text)
    __use_two_region_memory                  0x00000439   Thumb Code     2  heapauxi.o(.text)
    __rt_heap_escrow$2region                 0x0000043b   Thumb Code     2  heapauxi.o(.text)
    __rt_heap_expand$2region                 0x0000043d   Thumb Code     2  heapauxi.o(.text)
    __read_errno                             0x0000043f   Thumb Code    10  _rserrno.o(.text)
    __set_errno                              0x00000449   Thumb Code    12  _rserrno.o(.text)
    __lib_sel_fp_printf                      0x00000455   Thumb Code     2  _printf_fp_dec.o(.text)
    _printf_fp_dec_real                      0x00000601   Thumb Code   628  _printf_fp_dec.o(.text)
    _printf_char_common                      0x0000087f   Thumb Code    32  _printf_char_common.o(.text)
    _sputc                                   0x000008a5   Thumb Code    10  _sputc.o(.text)
    __strtod_int                             0x000008ed   Thumb Code    88  strtod.o(.text)
    __rt_locale                              0x00000951   Thumb Code     8  rt_locale_intlibspace.o(.text)
    __aeabi_errno_addr                       0x00000959   Thumb Code     8  rt_errno_addr_intlibspace.o(.text)
    __errno$intlibspace                      0x00000959   Thumb Code     0  rt_errno_addr_intlibspace.o(.text)
    __rt_errno_addr$intlibspace              0x00000959   Thumb Code     0  rt_errno_addr_intlibspace.o(.text)
    _ll_udiv10                               0x00000961   Thumb Code   138  lludiv10.o(.text)
    isspace                                  0x000009eb   Thumb Code    18  isspace.o(.text)
    _printf_fp_infnan                        0x000009fd   Thumb Code   112  _printf_fp_infnan.o(.text)
    _sgetc                                   0x00000a7d   Thumb Code    30  _sgetc.o(.text)
    _sbackspace                              0x00000a9b   Thumb Code    34  _sgetc.o(.text)
    _btod_etento                             0x00000abd   Thumb Code   222  bigflt0.o(.text)
    __user_libspace                          0x00000ba1   Thumb Code     8  libspace.o(.text)
    __user_perproc_libspace                  0x00000ba1   Thumb Code     0  libspace.o(.text)
    __user_perthread_libspace                0x00000ba1   Thumb Code     0  libspace.o(.text)
    __user_setup_stackheap                   0x00000ba9   Thumb Code    74  sys_stackheap_outer.o(.text)
    __rt_ctype_table                         0x00000bf5   Thumb Code    16  rt_ctype_table.o(.text)
    _scanf_really_real                       0x00000dfd   Thumb Code   672  scanf_fp.o(.text)
    exit                                     0x000010a9   Thumb Code    12  exit.o(.text)
    strcmp                                   0x000010b5   Thumb Code   128  strcmpv7m.o(.text)
    _scanf_really_hex_real                   0x00001135   Thumb Code   776  scanf_hexfp.o(.text)
    _scanf_really_infnan                     0x00001449   Thumb Code   298  scanf_infnan.o(.text)
    _sys_exit                                0x00001585   Thumb Code     8  sys_exit.o(.text)
    __aeabi_llsl                             0x00001591   Thumb Code     0  llshl.o(.text)
    _ll_shift_l                              0x00001591   Thumb Code    38  llshl.o(.text)
    _chval                                   0x000015b7   Thumb Code    28  _chval.o(.text)
    __I$use$semihosting                      0x000015d3   Thumb Code     0  use_no_semi.o(.text)
    __use_no_semihosting_swi                 0x000015d3   Thumb Code     2  use_no_semi.o(.text)
    __semihosting_library_function           0x000015d5   Thumb Code     0  indicate_semi.o(.text)
    _btod_d2e                                0x000015d5   Thumb Code    62  btod.o(CL$$btod_d2e)
    _d2e_denorm_low                          0x00001613   Thumb Code    70  btod.o(CL$$btod_d2e_denorm_low)
    _d2e_norm_op1                            0x00001659   Thumb Code    96  btod.o(CL$$btod_d2e_norm_op1)
    __btod_div_common                        0x000016b9   Thumb Code   696  btod.o(CL$$btod_div_common)
    _e2d                                     0x000019f1   Thumb Code    80  btod.o(CL$$btod_e2d)
    _e2e                                     0x00001a45   Thumb Code   198  btod.o(CL$$btod_e2e)
    _btod_ediv                               0x00001b0b   Thumb Code    40  btod.o(CL$$btod_ediv)
    _btod_edivd                              0x00001b33   Thumb Code    40  btod.o(CL$$btod_edivd)
    _btod_emul                               0x00001b5b   Thumb Code    40  btod.o(CL$$btod_emul)
    _btod_emuld                              0x00001b83   Thumb Code    40  btod.o(CL$$btod_emuld)
    __btod_mult_common                       0x00001bab   Thumb Code   580  btod.o(CL$$btod_mult_common)
    EEPROM_Init                              0x00001df1   Thumb Code    22  eeprom.o(i.EEPROM_Init)
    Erase                                    0x00001e11   Thumb Code    20  eeprom.o(i.Erase)
    LCD_WriteCommand                         0x00001e2d   Thumb Code    74  lcd_driver.o(i.LCD_WriteCommand)
    LCD_WriteData                            0x00001e81   Thumb Code    88  lcd_driver.o(i.LCD_WriteData)
    Lcd_init                                 0x00001ee1   Thumb Code    52  lcd_driver.o(i.Lcd_init)
    Portb_Init_output                        0x00001f15   Thumb Code    90  dio_driver.o(i.Portb_Init_output)
    Portf_Init_input_Output                  0x00001f81   Thumb Code    88  dio_driver.o(i.Portf_Init_input_Output)
    SendData_UART0                           0x00001fed   Thumb Code    18  uart1.o(i.SendData_UART0)
    UART0_Init                               0x00002005   Thumb Code   124  uart1.o(i.UART0_Init)
    UART_Init                                0x00002095   Thumb Code   124  uart1.o(i.UART_Init)
    __ARM_fpclassify                         0x00002121   Thumb Code    40  fpclassify.o(i.__ARM_fpclassify)
    __mathlib_dbl_underflow                  0x00002149   Thumb Code    10  dunder.o(i.__mathlib_dbl_underflow)
    __mathlib_narrow                         0x00002159   Thumb Code    16  narrow.o(i.__mathlib_narrow)
    __mathlib_tofloat                        0x00002169   Thumb Code   132  narrow.o(i.__mathlib_tofloat)
    __support_ldexp                          0x000021f1   Thumb Code    22  ldexp.o(i.__support_ldexp)
    _is_digit                                0x00002207   Thumb Code    14  __printf_wp.o(i._is_digit)
    frexp                                    0x00002215   Thumb Code    80  frexp.o(i.frexp)
    ldexp                                    0x0000226d   Thumb Code   126  ldexp.o(i.ldexp)
    main                                     0x000022ed   Thumb Code   104  main.o(i.main)
    porta_init_output                        0x00002365   Thumb Code    98  dio_driver.o(i.porta_init_output)
    readData                                 0x000023d9   Thumb Code    64  eeprom.o(i.readData)
    sendString_Uart0                         0x0000241d   Thumb Code    22  uart1.o(i.sendString_Uart0)
    set_block_and_offset                     0x00002435   Thumb Code     8  eeprom.o(i.set_block_and_offset)
    strtold                                  0x00002441   Thumb Code    28  strtold.o(i.strtold)
    sysTickInit                              0x0000245d   Thumb Code    16  systick.o(i.sysTickInit)
    sysTickWait                              0x0000246d   Thumb Code    24  systick.o(i.sysTickWait)
    sysTickWait1Ms                           0x00002485   Thumb Code    24  systick.o(i.sysTickWait1Ms)
    writeData                                0x0000249d   Thumb Code    78  eeprom.o(i.writeData)
    _get_lc_numeric                          0x000024f5   Thumb Code    44  lc_numeric_c.o(locale$$code)
    _get_lc_ctype                            0x00002521   Thumb Code    44  lc_ctype_c.o(locale$$code)
    __aeabi_d2f                              0x0000254d   Thumb Code     0  d2f.o(x$fpl$d2f)
    _d2f                                     0x0000254d   Thumb Code    98  d2f.o(x$fpl$d2f)
    __fpl_dcheck_NaN1                        0x000025b1   Thumb Code    10  dcheck1.o(x$fpl$dcheck1)
    __fpl_dcmp_Inf                           0x000025c1   Thumb Code    24  dcmpi.o(x$fpl$dcmpinf)
    __aeabi_cdcmpeq                          0x000025d9   Thumb Code     0  deqf.o(x$fpl$deqf)
    _dcmpeq                                  0x000025d9   Thumb Code   120  deqf.o(x$fpl$deqf)
    __aeabi_cdcmple                          0x00002651   Thumb Code     0  dleqf.o(x$fpl$dleqf)
    _dcmple                                  0x00002651   Thumb Code   120  dleqf.o(x$fpl$dleqf)
    __fpl_dcmple_InfNaN                      0x000026b3   Thumb Code     0  dleqf.o(x$fpl$dleqf)
    __fpl_dnaninf                            0x000026c9   Thumb Code   156  dnaninf.o(x$fpl$dnaninf)
    __aeabi_cdrcmple                         0x00002765   Thumb Code     0  drleqf.o(x$fpl$drleqf)
    _drcmple                                 0x00002765   Thumb Code   108  drleqf.o(x$fpl$drleqf)
    __fpl_fretinf                            0x000027d1   Thumb Code    10  fretinf.o(x$fpl$fretinf)
    _printf_fp_dec                           0x000027db   Thumb Code     4  printf1.o(x$fpl$printf1)
    __fpl_return_NaN                         0x000027df   Thumb Code   100  retnan.o(x$fpl$retnan)
    __ARM_scalbn                             0x00002843   Thumb Code    92  scalbn.o(x$fpl$scalbn)
    _scanf_real                              0x0000289f   Thumb Code     4  scanf1.o(x$fpl$scanf1)
    _scanf_hex_real                          0x000028a3   Thumb Code     4  scanf2.o(x$fpl$scanf2)
    _scanf_infnan                            0x000028a7   Thumb Code     4  scanf2.o(x$fpl$scanf2)
    __fpl_cmpreturn                          0x000028ab   Thumb Code    48  trapv.o(x$fpl$trapveneer)
    __I$use$fp                               0x000028da   Number         0  usenofp.o(x$fpl$usenofp)
    Region$$Table$$Base                      0x00002970   Number         0  anon$$obj.o(Region$$Table)
    Region$$Table$$Limit                     0x00002980   Number         0  anon$$obj.o(Region$$Table)
    __aeabi_HUGE_VAL                         0x00002980   Data           0  fpconst.o(c$$dinf)
    __aeabi_HUGE_VALL                        0x00002980   Data           0  fpconst.o(c$$dinf)
    __aeabi_INFINITY                         0x00002980   Data           0  fpconst.o(c$$dinf)
    __dInf                                   0x00002980   Data           0  fpconst.o(c$$dinf)
    __huge_val                               0x00002980   Data           0  fpconst.o(c$$dinf)
    __ctype                                  0x000029b1   Data           0  lc_ctype_c.o(locale$$data)
    total_distance_as_string                 0x20000000   Data          15  main.o(.bss)
    __libspace_start                         0x20000010   Data          96  libspace.o(.bss)
    __temporary_stack_top$libspace           0x20000070   Data           0  libspace.o(.bss)



==============================================================================

Memory Map of the image

  Image Entry point : 0x0000026d

  Load Region LR_1 (Base: 0x00000000, Size: 0x00002ab4, Max: 0xffffffff, ABSOLUTE)

    Execution Region ER_RO (Base: 0x00000000, Size: 0x00002ab4, Max: 0xffffffff, ABSOLUTE)

    Base Addr    Size         Type   Attr      Idx    E Section Name        Object

    0x00000000   0x00000284   Code   RO            3  * RESET               startup.o
    0x00000284   0x00000008   Code   RO          340  * !!!main             c_w.l(__main.o)
    0x0000028c   0x00000034   Code   RO          725    !!!scatter          c_w.l(__scatter.o)
    0x000002c0   0x0000001c   Code   RO          727    !!handler_zi        c_w.l(__scatter_zi.o)
    0x000002dc   0x00000000   Code   RO          337    .ARM.Collect$$_printf_percent$$00000000  c_w.l(_printf_percent.o)
    0x000002dc   0x00000006   Code   RO          336    .ARM.Collect$$_printf_percent$$00000003  c_w.l(_printf_f.o)
    0x000002e2   0x00000004   Code   RO          413    .ARM.Collect$$_printf_percent$$00000017  c_w.l(_printf_percent_end.o)
    0x000002e6   0x00000002   Code   RO          552    .ARM.Collect$$libinit$$00000000  c_w.l(libinit.o)
    0x000002e8   0x00000000   Code   RO          554    .ARM.Collect$$libinit$$00000002  c_w.l(libinit2.o)
    0x000002e8   0x00000000   Code   RO          557    .ARM.Collect$$libinit$$00000008  c_w.l(libinit2.o)
    0x000002e8   0x00000000   Code   RO          559    .ARM.Collect$$libinit$$0000000A  c_w.l(libinit2.o)
    0x000002e8   0x00000000   Code   RO          561    .ARM.Collect$$libinit$$0000000C  c_w.l(libinit2.o)
    0x000002e8   0x00000006   Code   RO          562    .ARM.Collect$$libinit$$0000000D  c_w.l(libinit2.o)
    0x000002ee   0x00000000   Code   RO          564    .ARM.Collect$$libinit$$0000000F  c_w.l(libinit2.o)
    0x000002ee   0x0000000c   Code   RO          565    .ARM.Collect$$libinit$$00000010  c_w.l(libinit2.o)
    0x000002fa   0x00000000   Code   RO          566    .ARM.Collect$$libinit$$00000011  c_w.l(libinit2.o)
    0x000002fa   0x00000000   Code   RO          568    .ARM.Collect$$libinit$$00000013  c_w.l(libinit2.o)
    0x000002fa   0x0000000a   Code   RO          569    .ARM.Collect$$libinit$$00000014  c_w.l(libinit2.o)
    0x00000304   0x00000000   Code   RO          570    .ARM.Collect$$libinit$$00000015  c_w.l(libinit2.o)
    0x00000304   0x00000000   Code   RO          572    .ARM.Collect$$libinit$$00000017  c_w.l(libinit2.o)
    0x00000304   0x00000000   Code   RO          574    .ARM.Collect$$libinit$$00000019  c_w.l(libinit2.o)
    0x00000304   0x00000000   Code   RO          576    .ARM.Collect$$libinit$$0000001B  c_w.l(libinit2.o)
    0x00000304   0x00000000   Code   RO          578    .ARM.Collect$$libinit$$0000001D  c_w.l(libinit2.o)
    0x00000304   0x00000000   Code   RO          580    .ARM.Collect$$libinit$$0000001F  c_w.l(libinit2.o)
    0x00000304   0x00000000   Code   RO          582    .ARM.Collect$$libinit$$00000021  c_w.l(libinit2.o)
    0x00000304   0x00000000   Code   RO          584    .ARM.Collect$$libinit$$00000023  c_w.l(libinit2.o)
    0x00000304   0x00000000   Code   RO          588    .ARM.Collect$$libinit$$0000002A  c_w.l(libinit2.o)
    0x00000304   0x00000000   Code   RO          590    .ARM.Collect$$libinit$$0000002C  c_w.l(libinit2.o)
    0x00000304   0x00000000   Code   RO          592    .ARM.Collect$$libinit$$0000002E  c_w.l(libinit2.o)
    0x00000304   0x00000000   Code   RO          594    .ARM.Collect$$libinit$$00000030  c_w.l(libinit2.o)
    0x00000304   0x00000002   Code   RO          595    .ARM.Collect$$libinit$$00000031  c_w.l(libinit2.o)
    0x00000306   0x00000002   Code   RO          661    .ARM.Collect$$libshutdown$$00000000  c_w.l(libshutdown.o)
    0x00000308   0x00000000   Code   RO          685    .ARM.Collect$$libshutdown$$00000003  c_w.l(libshutdown2.o)
    0x00000308   0x00000000   Code   RO          688    .ARM.Collect$$libshutdown$$00000006  c_w.l(libshutdown2.o)
    0x00000308   0x00000000   Code   RO          691    .ARM.Collect$$libshutdown$$00000009  c_w.l(libshutdown2.o)
    0x00000308   0x00000000   Code   RO          693    .ARM.Collect$$libshutdown$$0000000B  c_w.l(libshutdown2.o)
    0x00000308   0x00000000   Code   RO          696    .ARM.Collect$$libshutdown$$0000000E  c_w.l(libshutdown2.o)
    0x00000308   0x00000002   Code   RO          697    .ARM.Collect$$libshutdown$$0000000F  c_w.l(libshutdown2.o)
    0x0000030a   0x00000000   Code   RO          404    .ARM.Collect$$rtentry$$00000000  c_w.l(rtentry.o)
    0x0000030a   0x00000000   Code   RO          454    .ARM.Collect$$rtentry$$00000002  c_w.l(rtentry2.o)
    0x0000030a   0x00000006   Code   RO          466    .ARM.Collect$$rtentry$$00000004  c_w.l(rtentry4.o)
    0x00000310   0x00000000   Code   RO          456    .ARM.Collect$$rtentry$$00000009  c_w.l(rtentry2.o)
    0x00000310   0x00000004   Code   RO          457    .ARM.Collect$$rtentry$$0000000A  c_w.l(rtentry2.o)
    0x00000314   0x00000000   Code   RO          459    .ARM.Collect$$rtentry$$0000000C  c_w.l(rtentry2.o)
    0x00000314   0x00000008   Code   RO          460    .ARM.Collect$$rtentry$$0000000D  c_w.l(rtentry2.o)
    0x0000031c   0x00000002   Code   RO          598    .ARM.Collect$$rtexit$$00000000  c_w.l(rtexit.o)
    0x0000031e   0x00000000   Code   RO          625    .ARM.Collect$$rtexit$$00000002  c_w.l(rtexit2.o)
    0x0000031e   0x00000004   Code   RO          626    .ARM.Collect$$rtexit$$00000003  c_w.l(rtexit2.o)
    0x00000322   0x00000006   Code   RO          627    .ARM.Collect$$rtexit$$00000004  c_w.l(rtexit2.o)
    0x00000328   0x00000030   Code   RO            4    .text               startup.o
    0x00000358   0x00000028   Code   RO          312    .text               c_w.l(noretval__2sprintf.o)
    0x00000380   0x000000b8   Code   RO          319    .text               c_w.l(__printf_ss.o)
    0x00000438   0x00000006   Code   RO          338    .text               c_w.l(heapauxi.o)
    0x0000043e   0x00000016   Code   RO          405    .text               c_w.l(_rserrno.o)
    0x00000454   0x00000420   Code   RO          407    .text               c_w.l(_printf_fp_dec.o)
    0x00000874   0x00000030   Code   RO          409    .text               c_w.l(_printf_char_common.o)
    0x000008a4   0x0000000a   Code   RO          411    .text               c_w.l(_sputc.o)
    0x000008ae   0x00000002   PAD
    0x000008b0   0x000000a0   Code   RO          414    .text               c_w.l(strtod.o)
    0x00000950   0x00000008   Code   RO          471    .text               c_w.l(rt_locale_intlibspace.o)
    0x00000958   0x00000008   Code   RO          476    .text               c_w.l(rt_errno_addr_intlibspace.o)
    0x00000960   0x0000008a   Code   RO          478    .text               c_w.l(lludiv10.o)
    0x000009ea   0x00000012   Code   RO          480    .text               c_w.l(isspace.o)
    0x000009fc   0x00000080   Code   RO          482    .text               c_w.l(_printf_fp_infnan.o)
    0x00000a7c   0x00000040   Code   RO          486    .text               c_w.l(_sgetc.o)
    0x00000abc   0x000000e4   Code   RO          488    .text               c_w.l(bigflt0.o)
    0x00000ba0   0x00000008   Code   RO          534    .text               c_w.l(libspace.o)
    0x00000ba8   0x0000004a   Code   RO          537    .text               c_w.l(sys_stackheap_outer.o)
    0x00000bf2   0x00000002   PAD
    0x00000bf4   0x00000010   Code   RO          539    .text               c_w.l(rt_ctype_table.o)
    0x00000c04   0x000004a4   Code   RO          541    .text               c_w.l(scanf_fp.o)
    0x000010a8   0x0000000c   Code   RO          543    .text               c_w.l(exit.o)
    0x000010b4   0x00000080   Code   RO          545    .text               c_w.l(strcmpv7m.o)
    0x00001134   0x00000314   Code   RO          631    .text               c_w.l(scanf_hexfp.o)
    0x00001448   0x0000013c   Code   RO          633    .text               c_w.l(scanf_infnan.o)
    0x00001584   0x0000000c   Code   RO          647    .text               c_w.l(sys_exit.o)
    0x00001590   0x00000026   Code   RO          651    .text               c_w.l(llshl.o)
    0x000015b6   0x0000001c   Code   RO          653    .text               c_w.l(_chval.o)
    0x000015d2   0x00000002   Code   RO          674    .text               c_w.l(use_no_semi.o)
    0x000015d4   0x00000000   Code   RO          676    .text               c_w.l(indicate_semi.o)
    0x000015d4   0x0000003e   Code   RO          491    CL$$btod_d2e        c_w.l(btod.o)
    0x00001612   0x00000046   Code   RO          493    CL$$btod_d2e_denorm_low  c_w.l(btod.o)
    0x00001658   0x00000060   Code   RO          492    CL$$btod_d2e_norm_op1  c_w.l(btod.o)
    0x000016b8   0x00000338   Code   RO          501    CL$$btod_div_common  c_w.l(btod.o)
    0x000019f0   0x00000054   Code   RO          499    CL$$btod_e2d        c_w.l(btod.o)
    0x00001a44   0x000000c6   Code   RO          498    CL$$btod_e2e        c_w.l(btod.o)
    0x00001b0a   0x00000028   Code   RO          495    CL$$btod_ediv       c_w.l(btod.o)
    0x00001b32   0x00000028   Code   RO          497    CL$$btod_edivd      c_w.l(btod.o)
    0x00001b5a   0x00000028   Code   RO          494    CL$$btod_emul       c_w.l(btod.o)
    0x00001b82   0x00000028   Code   RO          496    CL$$btod_emuld      c_w.l(btod.o)
    0x00001baa   0x00000244   Code   RO          500    CL$$btod_mult_common  c_w.l(btod.o)
    0x00001dee   0x00000002   PAD
    0x00001df0   0x00000020   Code   RO          272    i.EEPROM_Init       eeprom.o
    0x00001e10   0x0000001c   Code   RO          273    i.Erase             eeprom.o
    0x00001e2c   0x00000054   Code   RO           65    i.LCD_WriteCommand  lcd_driver.o
    0x00001e80   0x00000060   Code   RO           66    i.LCD_WriteData     lcd_driver.o
    0x00001ee0   0x00000034   Code   RO           67    i.Lcd_init          lcd_driver.o
    0x00001f14   0x0000006c   Code   RO           13    i.Portb_Init_output  dio_driver.o
    0x00001f80   0x0000006c   Code   RO           15    i.Portf_Init_input_Output  dio_driver.o
    0x00001fec   0x00000018   Code   RO          170    i.SendData_UART0    uart1.o
    0x00002004   0x00000090   Code   RO          171    i.UART0_Init        uart1.o
    0x00002094   0x0000008c   Code   RO          172    i.UART_Init         uart1.o
    0x00002120   0x00000028   Code   RO          532    i.__ARM_fpclassify  m_ws.l(fpclassify.o)
    0x00002148   0x00000010   Code   RO          530    i.__mathlib_dbl_underflow  m_ws.l(dunder.o)
    0x00002158   0x00000010   Code   RO          618    i.__mathlib_narrow  m_ws.l(narrow.o)
    0x00002168   0x00000088   Code   RO          619    i.__mathlib_tofloat  m_ws.l(narrow.o)
    0x000021f0   0x00000016   Code   RO          663    i.__support_ldexp   m_ws.l(ldexp.o)
    0x00002206   0x0000000e   Code   RO          326    i._is_digit         c_w.l(__printf_wp.o)
    0x00002214   0x00000058   Code   RO          642    i.frexp             m_ws.l(frexp.o)
    0x0000226c   0x0000007e   Code   RO          664    i.ldexp             m_ws.l(ldexp.o)
    0x000022ea   0x00000002   PAD
    0x000022ec   0x00000078   Code   RO          101    i.main              main.o
    0x00002364   0x00000074   Code   RO           18    i.porta_init_output  dio_driver.o
    0x000023d8   0x00000044   Code   RO          274    i.readData          eeprom.o
    0x0000241c   0x00000016   Code   RO          173    i.sendString_Uart0  uart1.o
    0x00002432   0x00000002   PAD
    0x00002434   0x0000000c   Code   RO          275    i.set_block_and_offset  eeprom.o
    0x00002440   0x0000001c   Code   RO          401    i.strtold           m_ws.l(strtold.o)
    0x0000245c   0x00000010   Code   RO          144    i.sysTickInit       systick.o
    0x0000246c   0x00000018   Code   RO          145    i.sysTickWait       systick.o
    0x00002484   0x00000018   Code   RO          146    i.sysTickWait1Ms    systick.o
    0x0000249c   0x00000058   Code   RO          276    i.writeData         eeprom.o
    0x000024f4   0x0000002c   Code   RO          514    locale$$code        c_w.l(lc_numeric_c.o)
    0x00002520   0x0000002c   Code   RO          601    locale$$code        c_w.l(lc_ctype_c.o)
    0x0000254c   0x00000062   Code   RO          342    x$fpl$d2f           fz_ws.l(d2f.o)
    0x000025ae   0x00000002   PAD
    0x000025b0   0x00000010   Code   RO          516    x$fpl$dcheck1       fz_ws.l(dcheck1.o)
    0x000025c0   0x00000018   Code   RO          416    x$fpl$dcmpinf       fz_ws.l(dcmpi.o)
    0x000025d8   0x00000078   Code   RO          354    x$fpl$deqf          fz_ws.l(deqf.o)
    0x00002650   0x00000078   Code   RO          522    x$fpl$dleqf         fz_ws.l(dleqf.o)
    0x000026c8   0x0000009c   Code   RO          418    x$fpl$dnaninf       fz_ws.l(dnaninf.o)
    0x00002764   0x0000006c   Code   RO          639    x$fpl$drleqf        fz_ws.l(drleqf.o)
    0x000027d0   0x0000000a   Code   RO          424    x$fpl$fretinf       fz_ws.l(fretinf.o)
    0x000027da   0x00000004   Code   RO          372    x$fpl$printf1       fz_ws.l(printf1.o)
    0x000027de   0x00000064   Code   RO          596    x$fpl$retnan        fz_ws.l(retnan.o)
    0x00002842   0x0000005c   Code   RO          426    x$fpl$scalbn        fz_ws.l(scalbn.o)
    0x0000289e   0x00000004   Code   RO          528    x$fpl$scanf1        fz_ws.l(scanf1.o)
    0x000028a2   0x00000008   Code   RO          610    x$fpl$scanf2        fz_ws.l(scanf2.o)
    0x000028aa   0x00000030   Code   RO          616    x$fpl$trapveneer    fz_ws.l(trapv.o)
    0x000028da   0x00000000   Code   RO          428    x$fpl$usenofp       fz_ws.l(usenofp.o)
    0x000028da   0x00000002   PAD
    0x000028dc   0x00000094   Data   RO          489    .constdata          c_w.l(bigflt0.o)
    0x00002970   0x00000010   Data   RO          723    Region$$Table       anon$$obj.o
    0x00002980   0x00000008   Data   RO          605    c$$dinf             fz_ws.l(fpconst.o)
    0x00002988   0x0000001c   Data   RO          513    locale$$data        c_w.l(lc_numeric_c.o)
    0x000029a4   0x00000110   Data   RO          600    locale$$data        c_w.l(lc_ctype_c.o)


    Execution Region ER_RW (Base: 0x20000000, Size: 0x00000000, Max: 0xffffffff, ABSOLUTE)

    **** No section assigned to this execution region ****


    Execution Region ER_ZI (Base: 0x20000000, Size: 0x00000470, Max: 0xffffffff, ABSOLUTE)

    Base Addr    Size         Type   Attr      Idx    E Section Name        Object

    0x20000000   0x0000000f   Zero   RW          102    .bss                main.o
    0x2000000f   0x00000001   PAD
    0x20000010   0x00000060   Zero   RW          535    .bss                c_w.l(libspace.o)
    0x20000070   0x00000000   Zero   RW            2    HEAP                startup.o
    0x20000070   0x00000400   Zero   RW            1    STACK               startup.o


==============================================================================

Image component sizes


      Code (inc. data)   RO Data    RW Data    ZI Data      Debug   Object Name

       332         56          0          0          0       2590   dio_driver.o
       228         36          0          0          0       2212   eeprom.o
       232         18          0          0          0       1254   lcd_driver.o
       120         16          0          0         15       1209   main.o
       692        632          0          0       1024        868   startup.o
        64          0          0          0          0       1161   systick.o
       330         42          0          0          0       1541   uart1.o

    ----------------------------------------------------------------------
      2000        800         16          0       1040      10835   Object Totals
         0          0         16          0          0          0   (incl. Generated)
         2          0          0          0          1          0   (incl. Padding)

    ----------------------------------------------------------------------

      Code (inc. data)   RO Data    RW Data    ZI Data      Debug   Library Member Name

         8          0          0          0          0         68   __main.o
       184          0          0          0          0         84   __printf_ss.o
        14          0          0          0          0         68   __printf_wp.o
        52          8          0          0          0          0   __scatter.o
        28          0          0          0          0          0   __scatter_zi.o
        28          0          0          0          0         68   _chval.o
        48          6          0          0          0         96   _printf_char_common.o
         6          0          0          0          0          0   _printf_f.o
      1056          0          0          0          0        216   _printf_fp_dec.o
       128         16          0          0          0         84   _printf_fp_infnan.o
         0          0          0          0          0          0   _printf_percent.o
         4          0          0          0          0          0   _printf_percent_end.o
        22          0          0          0          0        100   _rserrno.o
        64          0          0          0          0         84   _sgetc.o
        10          0          0          0          0         68   _sputc.o
       228          6        148          0          0         96   bigflt0.o
      2074        132          0          0          0        940   btod.o
        12          0          0          0          0         72   exit.o
         6          0          0          0          0        152   heapauxi.o
         0          0          0          0          0          0   indicate_semi.o
        18          0          0          0          0         76   isspace.o
        44         10        272          0          0         76   lc_ctype_c.o
        44         10         28          0          0         76   lc_numeric_c.o
         2          0          0          0          0          0   libinit.o
        30          0          0          0          0          0   libinit2.o
         2          0          0          0          0          0   libshutdown.o
         2          0          0          0          0          0   libshutdown2.o
         8          4          0          0         96         68   libspace.o
        38          0          0          0          0         68   llshl.o
       138          0          0          0          0         80   lludiv10.o
        40          6          0          0          0         84   noretval__2sprintf.o
        16          4          0          0          0         76   rt_ctype_table.o
         8          4          0          0          0         68   rt_errno_addr_intlibspace.o
         8          4          0          0          0         68   rt_locale_intlibspace.o
         0          0          0          0          0          0   rtentry.o
        12          0          0          0          0          0   rtentry2.o
         6          0          0          0          0          0   rtentry4.o
         2          0          0          0          0          0   rtexit.o
        10          0          0          0          0          0   rtexit2.o
      1188         12          0          0          0        148   scanf_fp.o
       788         12          0          0          0        100   scanf_hexfp.o
       316         18          0          0          0        100   scanf_infnan.o
       128          0          0          0          0         68   strcmpv7m.o
       160         12          0          0          0        120   strtod.o
        12          4          0          0          0         68   sys_exit.o
        74          0          0          0          0         80   sys_stackheap_outer.o
         2          0          0          0          0         68   use_no_semi.o
        98          4          0          0          0         92   d2f.o
        16          4          0          0          0         68   dcheck1.o
        24          0          0          0          0         68   dcmpi.o
       120          4          0          0          0         92   deqf.o
       120          4          0          0          0         92   dleqf.o
       156          4          0          0          0         92   dnaninf.o
       108          0          0          0          0         80   drleqf.o
         0          0          8          0          0          0   fpconst.o
        10          0          0          0          0         68   fretinf.o
         4          0          0          0          0         68   printf1.o
       100          0          0          0          0         68   retnan.o
        92          0          0          0          0         68   scalbn.o
         4          0          0          0          0         68   scanf1.o
         8          0          0          0          0         84   scanf2.o
        48          0          0          0          0         68   trapv.o
         0          0          0          0          0          0   usenofp.o
        16          6          0          0          0         68   dunder.o
        40          0          0          0          0         68   fpclassify.o
        88          8          0          0          0         76   frexp.o
       148          0          0          0          0        160   ldexp.o
       152          4          0          0          0        160   narrow.o
        28          0          0          0          0         80   strtold.o

    ----------------------------------------------------------------------
      8460        306        456          0         96       5376   Library Totals
        12          0          0          0          0          0   (incl. Padding)

    ----------------------------------------------------------------------

      Code (inc. data)   RO Data    RW Data    ZI Data      Debug   Library Name

      7068        268        448          0         96       3688   c_w.l
       908         20          8          0          0       1076   fz_ws.l
       472         18          0          0          0        612   m_ws.l

    ----------------------------------------------------------------------
      8460        306        456          0         96       5376   Library Totals

    ----------------------------------------------------------------------

==============================================================================


      Code (inc. data)   RO Data    RW Data    ZI Data      Debug   

     10460       1106        472          0       1136      11999   Grand Totals
     10460       1106        472          0       1136      11999   ELF Image Totals
     10460       1106        472          0          0          0   ROM Totals

==============================================================================

    Total RO  Size (Code + RO Data)                10932 (  10.68kB)
    Total RW  Size (RW Data + ZI Data)              1136 (   1.11kB)
    Total ROM Size (Code + RO Data + RW Data)      10932 (  10.68kB)

==============================================================================

